Microchip Technology Inc, v1.41 (B)

Tool Name:
  c:\program files (x86)\microchip\xc16\v1.41\bin\bin\..\bin/elf-ld.exe

Command:
  -p33EP512MC502 \
  --mdfp=C:/Program Files (x86)/Microchip/MPLABX/v5.40/packs/Microchip/dsPIC33E-GM-GP-MC-GU-MU_DFP/1.2.58/xc16 \
  -o \
  dist/default/production/dspic33ep_dokump3_final_v2.X.production.elf \
  -Lc:/program files (x86)/microchip/xc16/v1.41/bin/bin/.. \
  -LC:/Program Files (x86)/Microchip/MPLABX/v5.40/packs/Microchip/dsPIC33E-GM-GP-MC-GU-MU_DFP/1.2.58/xc16/bin/../support/PIC24E/gld \
  -LC:/Program Files (x86)/Microchip/MPLABX/v5.40/packs/Microchip/dsPIC33E-GM-GP-MC-GU-MU_DFP/1.2.58/xc16/bin/../support/dsPIC33E/gld \
  -Lc:/program files (x86)/microchip/xc16/v1.41/bin/bin/../../lib \
  -Lc:/program files (x86)/microchip/xc16/v1.41/bin/bin/../../support/PIC24E/gld \
  -Lc:/program files (x86)/microchip/xc16/v1.41/bin/bin/../../support/PIC24F/gld \
  -Lc:/program files (x86)/microchip/xc16/v1.41/bin/bin/../../support/PIC24H/gld \
  -Lc:/program files (x86)/microchip/xc16/v1.41/bin/bin/../../support/dsPIC30F/gld \
  -Lc:/program files (x86)/microchip/xc16/v1.41/bin/bin/../../support/dsPIC33C/gld \
  -Lc:/program files (x86)/microchip/xc16/v1.41/bin/bin/../../support/dsPIC33E/gld \
  -Lc:/program files (x86)/microchip/xc16/v1.41/bin/bin/../../support/dsPIC33F/gld \
  build/default/production/CH376/ch376.o \
  build/default/production/FATFS/ccsbcs.o \
  build/default/production/FATFS/diskio.o \
  build/default/production/FATFS/ff.o \
  build/default/production/MP3/mad_bits.o \
  build/default/production/MP3/mad_decoder.o \
  build/default/production/MP3/mad_frame.o \
  build/default/production/MP3/mad_huffman.o \
  build/default/production/MP3/mad_layer3.o \
  build/default/production/MP3/mad_memory.o \
  build/default/production/MP3/mad_stream.o \
  build/default/production/MP3/mad_synth.o \
  build/default/production/MP3/mad_pt_alrd.o \
  build/default/production/MP3/mad_pt_data.o \
  build/default/production/MP3/mad_pt_im12.o \
  build/default/production/MP3/mad_pt_im36.o \
  build/default/production/MP3/mad_pt_inls.o \
  build/default/production/MP3/mad_pt_inst.o \
  build/default/production/MP3/mad_pt_msst.o \
  build/default/production/MP3/mad_pt_ovlp.o \
  build/default/production/MP3/mad_pt_ovlz.o \
  build/default/production/MP3/mad_pt_requ.o \
  build/default/production/MP3/mad_pt_synt.o \
  build/default/production/main.o \
  build/default/production/queue.o \
  build/default/production/spi_lib.o \
  build/default/production/uart.o \
  build/default/production/pwm.o \
  build/default/production/st7565.o \
  build/default/production/i2c_lib.o \
  build/default/production/si473x.o \
  build/default/production/dht11.o \
  build/default/production/24lc256.o \
  build/default/production/trig.o \
  --local-stack \
  --defsym=__MPLAB_BUILD=1 \
  -Tp33EP512MC502.gld.00 \
  --stack=16 \
  --check-sections \
  --data-init \
  --pack-data \
  --handles \
  --isr \
  --no-gc-sections \
  --fill-upper=0 \
  --stackguard=16 \
  --no-force-link \
  --smart-io \
  -Map=dist/default/production/dspic33ep_dokump3_final_v2.X.production.map \
  --report-mem \
  --memorysummary \
  dist/default/production/memoryfile.xml \
  -start-group \
  --library=pic30-elf \
  --library=m-elf \
  --library=c-elf \
  -end-group \


Optional library libp33EP512MC502.a not found
Archive member included because of file (symbol)

c:/program files (x86)/microchip/xc16/v1.41/bin/bin/../../lib\libpic30-elf.a(crt0_extendedep.o)
                              (__resetPRI)
c:/program files (x86)/microchip/xc16/v1.41/bin/bin/../../lib\libpic30-elf.a(data_init_extended.o)
                              c:/program files (x86)/microchip/xc16/v1.41/bin/bin/../../lib\libpic30-elf.a(crt0_extendedep.o) (__data_init_extended)
c:/program files (x86)/microchip/xc16/v1.41/bin/bin/../../lib\libpic30-elf.a(crt_start_mode_normalep.eo)
                              (__crt_start_mode_normal)
c:/program files (x86)/microchip/xc16/v1.41/bin/bin/../../lib\libpic30-elf.a(memcpy_helperep.eo)
                              build/default/production/main.o (__memcpy_helper)
c:/program files (x86)/microchip/xc16/v1.41/bin/bin/../../lib\libpic30-elf.a(delay32ep.eo)
                              build/default/production/main.o (___delay32)
c:/program files (x86)/microchip/xc16/v1.41/bin/bin/../../lib\libm-elf.a(addsf3.epeo)
                              build/default/production/main.o (___subsf3)
c:/program files (x86)/microchip/xc16/v1.41/bin/bin/../../lib\libm-elf.a(ceilf.epeo)
                              build/default/production/main.o (_ceilf)
c:/program files (x86)/microchip/xc16/v1.41/bin/bin/../../lib\libm-elf.a(divsf3.epeo)
                              build/default/production/main.o (___divsf3)
c:/program files (x86)/microchip/xc16/v1.41/bin/bin/../../lib\libm-elf.a(divsi3.epeo)
[...]
Memory Configuration

Name             Origin             Length             Attributes
data             0x001000           0x00c000           a !xr
reset            0x000000           0x000004  
ivt              0x000004           0x0001fc  
program          0x000200           0x0555ec           xr
FICD             0x0557f0           0x000002  
FPOR             0x0557f2           0x000002  
FWDT             0x0557f4           0x000002  
FOSC             0x0557f6           0x000002  
FOSCSEL          0x0557f8           0x000002  
FGS              0x0557fa           0x000002  
FUID0            0x800ff8           0x000002  
FUID1            0x800ffa           0x000002  
FUID2            0x800ffc           0x000002  
FUID3            0x800ffe           0x000002  
*default*        0x000000           0xffffffff  

Linker script and memory map

LOAD build/default/production/CH376/ch376.o
LOAD build/default/production/FATFS/ccsbcs.o
LOAD build/default/production/FATFS/diskio.o
LOAD build/default/production/FATFS/ff.o
LOAD build/default/production/MP3/mad_bits.o
LOAD build/default/production/MP3/mad_decoder.o
LOAD build/default/production/MP3/mad_frame.o
LOAD build/default/production/MP3/mad_huffman.o
LOAD build/default/production/MP3/mad_layer3.o
LOAD build/default/production/MP3/mad_memory.o
LOAD build/default/production/MP3/mad_stream.o
LOAD build/default/production/MP3/mad_synth.o
LOAD build/default/production/MP3/mad_pt_alrd.o
LOAD build/default/production/MP3/mad_pt_data.o
LOAD build/default/production/MP3/mad_pt_im12.o
LOAD build/default/production/MP3/mad_pt_im36.o
LOAD build/default/production/MP3/mad_pt_inls.o
LOAD build/default/production/MP3/mad_pt_inst.o
LOAD build/default/production/MP3/mad_pt_msst.o
LOAD build/default/production/MP3/mad_pt_ovlp.o
LOAD build/default/production/MP3/mad_pt_ovlz.o
LOAD build/default/production/MP3/mad_pt_requ.o
LOAD build/default/production/MP3/mad_pt_synt.o
LOAD build/default/production/main.o
LOAD build/default/production/queue.o
LOAD build/default/production/spi_lib.o
LOAD build/default/production/uart.o
LOAD build/default/production/pwm.o
LOAD build/default/production/st7565.o
LOAD build/default/production/i2c_lib.o
LOAD build/default/production/si473x.o
LOAD build/default/production/dht11.o
LOAD build/default/production/24lc256.o
LOAD build/default/production/trig.o
                    0x0001                  __MPLAB_BUILD = 0x1
LOAD p33EP512MC502
LOAD c:/program files (x86)/microchip/xc16/v1.41/bin/bin/../../lib\libfx-elf.a
                    0x557f0                  __FICD = 0x557f0
                    0x557f2                  __FPOR = 0x557f2
                    0x557f4                  __FWDT = 0x557f4
                    0x557f6                  __FOSC = 0x557f6
                    0x557f8                  __FOSCSEL = 0x557f8
                    0x557fa                  __FGS = 0x557fa
                    0x800ff8                  __FUID0 = 0x800ff8
                    0x800ffa                  __FUID1 = 0x800ffa
                    0x800ffc                  __FUID2 = 0x800ffc
                    0x800ffe                  __FUID3 = 0x800ffe
                    0x0200                  __CODE_BASE = 0x200
                    0x555ec                  __CODE_LENGTH = 0x555ec
                    0x0004                  __IVT_BASE = 0x4
                    0x1000                  __DATA_BASE = 0x1000
                    0xc000                  __DATA_LENGTH = 0xc000
                    0x9000                  __YDATA_BASE = 0x9000

.reset            0x000000          0x4
                  0x000000          0x2 SHORT 0x200 ABSOLUTE (__reset)
                  0x000001          0x2 SHORT 0x4
                  0x000002          0x2 SHORT 0x0 ((ABSOLUTE (__reset) >> 0x10) & 0x7f)
                  0x000003          0x2 SHORT 0x0

.text             0x000200       0x2a00
 *(.init)
 .init            0x000200         0x48 c:/program files (x86)/microchip/xc16/v1.41/bin/bin/../../lib\libpic30-elf.a(crt0_extendedep.o)
                  0x000200                  __resetPRI
                  0x000200                  __reset
                  0x00023c                  __psv_init
 .init            0x000248         0xb2 c:/program files (x86)/microchip/xc16/v1.41/bin/bin/../../lib\libpic30-elf.a(data_init_extended.o)
                  0x000248                  __data_init
                  0x000248                  __data_init_extended
 *(.user_init)
 *(.handle)
 .handle          0x0002fa         0x14 jump_table
 *(.isr*)
 .isr.text        0x00030e        0x526 build/default/production/main.o
                  0x00030e                  __INT2Interrupt
                  0x000562                  __INT1Interrupt
                  0x000574                  __T1Interrupt
                  0x0005f4                  __T4Interrupt
 .isr             0x000834          0x4 default_isr
                  0x000834                  __DefaultInterrupt
 *(.libc)
 .libc            0x000838         0x10 c:/program files (x86)/microchip/xc16/v1.41/bin/bin/../../lib\libpic30-elf.a(_exitep.eo)
                  0x000838                  __exit
 .libc            0x000848         0x84 c:/program files (x86)/microchip/xc16/v1.41/bin/bin/../../lib\libpic30-elf.a(writeep.eo)
                  0x000848                  _write
 *(.libm)
 *(.libdsp)
 *(.lib*)
 .libpic30_crt_start_mode
                  0x0008cc          0x2 c:/program files (x86)/microchip/xc16/v1.41/bin/bin/../../lib\libpic30-elf.a(crt_start_mode_normalep.eo)
                  0x0008cc                  __crt_start_mode
                  0x0008cc                  __crt_start_mode_normal
 .libc.memcpy_helper
                  0x0008ce         0x36 c:/program files (x86)/microchip/xc16/v1.41/bin/bin/../../lib\libpic30-elf.a(memcpy_helperep.eo)
                  0x0008ce                  __memcpy_helper
 .libm.subsf3     0x000904         0xbc c:/program files (x86)/microchip/xc16/v1.41/bin/bin/../../lib\libm-elf.a(addsf3.epeo)
                  0x000904                  ___subsf3
                  0x000906                  ___addsf3
 .libm.ceilf      0x0009c0         0x10 c:/program files (x86)/microchip/xc16/v1.41/bin/bin/../../lib\libm-elf.a(ceilf.epeo)
                  0x0009c0                  _ceilf
 .libm.divfs3     0x0009d0         0x84 c:/program files (x86)/microchip/xc16/v1.41/bin/bin/../../lib\libm-elf.a(divsf3.epeo)
                  0x0009d0                  ___divsf3
 .libm.divsi3     0x000a54         0x1e c:/program files (x86)/microchip/xc16/v1.41/bin/bin/../../lib\libm-elf.a(divsi3.epeo)
                  0x000a54                  ___divsi3
 .libm.fchop      0x000a72         0x4e c:/program files (x86)/microchip/xc16/v1.41/bin/bin/../../lib\libm-elf.a(fchop.epeo)
                  0x000a72                  __fchop
 .libm.eqsf2      0x000ac0          0x4 c:/program files (x86)/microchip/xc16/v1.41/bin/bin/../../lib\libm-elf.a(feqltle.epeo)
                  0x000ac0                  ___eqsf2
                  0x000ac0                  ___ltsf2
                  0x000ac0                  ___lesf2
 .libm.gtsf2      0x000ac4          0x4 c:/program files (x86)/microchip/xc16/v1.41/bin/bin/../../lib\libm-elf.a(fgtge.epeo)
                  0x000ac4                  ___gesf2
                  0x000ac4                  ___gtsf2
 .libm.fixunssfsi
                  0x000ac8         0x36 c:/program files (x86)/microchip/xc16/v1.41/bin/bin/../../lib\libm-elf.a(fixunssfsi.epeo)
                  0x000ac8                  ___fixunssfsi
 .libm.floatsisf
                  0x000afe          0x6 c:/program files (x86)/microchip/xc16/v1.41/bin/bin/../../lib\libm-elf.a(floatsisf.epeo)
                  0x000afe                  ___floatsisf
 .libm.floatunsisf
                  0x000b04          0x4 c:/program files (x86)/microchip/xc16/v1.41/bin/bin/../../lib\libm-elf.a(floatunsisf.epeo)
                  0x000b04                  ___floatunsisf
 .libm.nesf2      0x000b08          0x4 c:/program files (x86)/microchip/xc16/v1.41/bin/bin/../../lib\libm-elf.a(fne.epeo)
                  0x000b08                  ___nesf2
 .libm.fpack      0x000b0c         0x4c c:/program files (x86)/microchip/xc16/v1.41/bin/bin/../../lib\libm-elf.a(fpack.epeo)
                  0x000b0c                  __fpack
 .libm.funpack    0x000b58         0x2a c:/program files (x86)/microchip/xc16/v1.41/bin/bin/../../lib\libm-elf.a(funpack.epeo)
                  0x000b58                  __funpack
 .libm.funpack2
                  0x000b82         0x10 c:/program files (x86)/microchip/xc16/v1.41/bin/bin/../../lib\libm-elf.a(funpack2.epeo)
                  0x000b82                  __funpack2
 .libm.fPropagateNaN
                  0x000b92         0x12 c:/program files (x86)/microchip/xc16/v1.41/bin/bin/../../lib\libm-elf.a(futil.epeo)
                  0x000b92                  __fPropagateNaN
 .libm.fbobExit
                  0x000ba4          0x8 c:/program files (x86)/microchip/xc16/v1.41/bin/bin/../../lib\libm-elf.a(futil.epeo)
                  0x000ba4                  __fbopExit
 .libm.fbopReturnNaN
                  0x000bac          0x6 c:/program files (x86)/microchip/xc16/v1.41/bin/bin/../../lib\libm-elf.a(futil.epeo)
                  0x000bac                  __fbopReturnNaN
 .libm.modsi3     0x000bb2         0x1e c:/program files (x86)/microchip/xc16/v1.41/bin/bin/../../lib\libm-elf.a(modsi3.epeo)
                  0x000bb2                  ___modsi3
 .libm.mulsf3     0x000bd0         0x68 c:/program files (x86)/microchip/xc16/v1.41/bin/bin/../../lib\libm-elf.a(mulsf3.epeo)
                  0x000bd0                  ___mulsf3
 .libm.sqrtf      0x000c38         0x6a c:/program files (x86)/microchip/xc16/v1.41/bin/bin/../../lib\libm-elf.a(sqrtf.epeo)
                  0x000c38                  _sqrtf
 .libm.udivsi3    0x000ca2         0x20 c:/program files (x86)/microchip/xc16/v1.41/bin/bin/../../lib\libm-elf.a(udivsi3.epeo)
                  0x000ca2                  ___udivsi3
 .libm.umodsi3    0x000cc2          0x6 c:/program files (x86)/microchip/xc16/v1.41/bin/bin/../../lib\libm-elf.a(umodsi3.epeo)
                  0x000cc2                  ___umodsi3
 .libm.__PplusBdi
                  0x000cc8         0x26 c:/program files (x86)/microchip/xc16/v1.41/bin/bin/../../lib\libm-elf.a(divmoddi3.epeo)
 .libm.__PminusBdi
                  0x000cee         0x2a c:/program files (x86)/microchip/xc16/v1.41/bin/bin/../../lib\libm-elf.a(divmoddi3.epeo)
 .libm.__udivmoddi3
                  0x000d18         0xe6 c:/program files (x86)/microchip/xc16/v1.41/bin/bin/../../lib\libm-elf.a(divmoddi3.epeo)
                  0x000d18                  ___udivmoddi3
 .libm.__udivdi3
                  0x000dfe          0xe c:/program files (x86)/microchip/xc16/v1.41/bin/bin/../../lib\libm-elf.a(divmoddi3.epeo)
                  0x000dfe                  ___udivdi3
 .libm.__umoddi3
                  0x000e0c          0x8 c:/program files (x86)/microchip/xc16/v1.41/bin/bin/../../lib\libm-elf.a(divmoddi3.epeo)
                  0x000e0c                  ___umoddi3
 .libm.__divdi3
                  0x000e14         0x60 c:/program files (x86)/microchip/xc16/v1.41/bin/bin/../../lib\libm-elf.a(divmoddi3.epeo)
                  0x000e14                  ___divdi3
 .libm.__moddi3
                  0x000e74         0x5c c:/program files (x86)/microchip/xc16/v1.41/bin/bin/../../lib\libm-elf.a(divmoddi3.epeo)
                  0x000e74                  ___moddi3
 .libm.fcompare
                  0x000ed0         0x36 c:/program files (x86)/microchip/xc16/v1.41/bin/bin/../../lib\libm-elf.a(fcompare.epeo)
                  0x000ed0                  __fcompare
 .libm.floatdisf
                  0x000f06         0x20 c:/program files (x86)/microchip/xc16/v1.41/bin/bin/../../lib\libm-elf.a(floatdisf.epeo)
                  0x000f06                  ___floatdisf
 .libm.floatundisf
                  0x000f26         0x5e c:/program files (x86)/microchip/xc16/v1.41/bin/bin/../../lib\libm-elf.a(floatundisf.epeo)
                  0x000f26                  ___floatundisf
 .libc._sprintf_cdnopsuxX
                  0x000f84         0x2c c:/program files (x86)/microchip/xc16/v1.41/bin/bin/../../lib\libc-elf.a(sprintf_cdnopsuxX.EPeo)
                  0x000f84                  __sprintf_cdnopuxX
                  0x000f84                  __sprintf_cdnopsuxX
 .libc.sputc      0x000fb0         0x12 c:/program files (x86)/microchip/xc16/v1.41/bin/bin/../../lib\libc-elf.a(doprnt_cdnopsuxX.EPeo)
 .libc._vfprintf_cdnopsuxX
                  0x000fc2        0x550 c:/program files (x86)/microchip/xc16/v1.41/bin/bin/../../lib\libc-elf.a(doprnt_cdnopsuxX.EPeo)
                  0x000fc2                  __vfprintf_cdnopsuxX
                  0x000fc2                  __vfprintf_cdnopuxX
 .libc.atol       0x001512         0x56 c:/program files (x86)/microchip/xc16/v1.41/bin/bin/../../lib\libc-elf.a(atol.epeo)
                  0x001512                  _atol
 .libc._fassert
                  0x001568         0x1e c:/program files (x86)/microchip/xc16/v1.41/bin/bin/../../lib\libc-elf.a(fassert.epeo)
                  0x001568                  __fassert
 .libc.fprintf    0x001586          0xc c:/program files (x86)/microchip/xc16/v1.41/bin/bin/../../lib\libc-elf.a(fprintf.epeo)
                  0x001586                  _fprintf
 .libc.fputc      0x001592         0x86 c:/program files (x86)/microchip/xc16/v1.41/bin/bin/../../lib\libc-elf.a(fputc.epeo)
                  0x001592                  _fputc
 .libc.memcpy     0x001618          0xe c:/program files (x86)/microchip/xc16/v1.41/bin/bin/../../lib\libc-elf.a(memcpy.epeo)
                  0x001618                  _memcpy
 .libc.memmove    0x001626         0x24 c:/program files (x86)/microchip/xc16/v1.41/bin/bin/../../lib\libc-elf.a(memmove.epeo)
                  0x001626                  _memmove
 .libc.memset     0x00164a          0xe c:/program files (x86)/microchip/xc16/v1.41/bin/bin/../../lib\libc-elf.a(memset.epeo)
                  0x00164a                  _memset
 .libc.srand      0x001658          0xe c:/program files (x86)/microchip/xc16/v1.41/bin/bin/../../lib\libc-elf.a(rand.epeo)
                  0x001658                  _srand
 .libc.rand       0x001666         0x26 c:/program files (x86)/microchip/xc16/v1.41/bin/bin/../../lib\libc-elf.a(rand.epeo)
                  0x001666                  _rand
 .libc.sprintf    0x00168c         0x2c c:/program files (x86)/microchip/xc16/v1.41/bin/bin/../../lib\libc-elf.a(sprintf.epeo)
                  0x00168c                  _sprintf
 .libc.strcmp     0x0016b8          0xe c:/program files (x86)/microchip/xc16/v1.41/bin/bin/../../lib\libc-elf.a(strcmp.epeo)
                  0x0016b8                  _strcmp
 .libc.strcpy     0x0016c6          0xc c:/program files (x86)/microchip/xc16/v1.41/bin/bin/../../lib\libc-elf.a(strcpy.epeo)
                  0x0016c6                  _strcpy
 .libc.strlen     0x0016d2          0xc c:/program files (x86)/microchip/xc16/v1.41/bin/bin/../../lib\libc-elf.a(strlen.epeo)
                  0x0016d2                  _strlen
 .libc.strncmp    0x0016de         0x1e c:/program files (x86)/microchip/xc16/v1.41/bin/bin/../../lib\libc-elf.a(strncmp.epeo)
                  0x0016de                  _strncmp
 .libc.strrchr    0x0016fc         0x1c c:/program files (x86)/microchip/xc16/v1.41/bin/bin/../../lib\libc-elf.a(strrchr.epeo)
                  0x0016fc                  _strrchr
 .libc.signal     0x001718         0x14 c:/program files (x86)/microchip/xc16/v1.41/bin/bin/../../lib\libc-elf.a(signal.epeo)
                  0x001718                  _signal
 .libc.raise      0x00172c         0x30 c:/program files (x86)/microchip/xc16/v1.41/bin/bin/../../lib\libc-elf.a(signal.epeo)
                  0x00172c                  _raise
 .libc.abort      0x00175c          0x8 c:/program files (x86)/microchip/xc16/v1.41/bin/bin/../../lib\libc-elf.a(signal.epeo)
                  0x00175c                  _abort
 .libc.exit       0x001764          0x8 c:/program files (x86)/microchip/xc16/v1.41/bin/bin/../../lib\libc-elf.a(exit.epelo)
                  0x001764                  _exit
 .libc._cleanup
                  0x00176c          0x2 c:/program files (x86)/microchip/xc16/v1.41/bin/bin/../../lib\libc-elf.a(stdclean.epelo)
                  0x00176c                  __cleanup
 .libc.fround     0x00176e         0x90 c:/program files (x86)/microchip/xc16/v1.41/bin/bin/../../lib\libc-elf.a(doprnt.epeo)
 .libc.scale      0x0017fe         0xb6 c:/program files (x86)/microchip/xc16/v1.41/bin/bin/../../lib\libc-elf.a(doprnt.epeo)
 .libc.sputc      0x0018b4         0x12 c:/program files (x86)/microchip/xc16/v1.41/bin/bin/../../lib\libc-elf.a(doprnt.epeo)
 .libc.vfprintf
                  0x0018c6       0x1198 c:/program files (x86)/microchip/xc16/v1.41/bin/bin/../../lib\libc-elf.a(doprnt.epeo)
                  0x0018c6                  _vfprintf
 .libc._flsbuf    0x002a5e         0x7e c:/program files (x86)/microchip/xc16/v1.41/bin/bin/../../lib\libc-elf.a(flsbuf.epeo)
                  0x002a5e                  __flsbuf
 .libc.dowrite    0x002adc          0x4 c:/program files (x86)/microchip/xc16/v1.41/bin/bin/../../lib\libpic30-elf.a(writeep.eo)
 .libm.frexpf     0x002ae0          0x6 c:/program files (x86)/microchip/xc16/v1.41/bin/bin/../../lib\libm-elf.a(frexpf.epeo)
                  0x002ae0                  _frexpf
 .libm.truncdfsf2
                  0x002ae6         0x56 c:/program files (x86)/microchip/xc16/v1.41/bin/bin/../../lib\libm-elf.a(truncdfsf.epeo)
                  0x002ae6                  ___truncdfsf2
 .libm.mulsi3     0x002b3c          0xc c:/program files (x86)/microchip/xc16/v1.41/bin/bin/../../lib\libm-elf.a(mulsi3.epeo)
                  0x002b3c                  ___mulp32peds3
                  0x002b3c                  ___mulsi3
                  0x002b3c                  ___mulp32eds3
 .libm.frexpf     0x002b48         0x1a c:/program files (x86)/microchip/xc16/v1.41/bin/bin/../../lib\libm-elf.a(_frexpf.epeo)
                  0x002b48                  __frexpf
 .libm.dunpack    0x002b62         0x4e c:/program files (x86)/microchip/xc16/v1.41/bin/bin/../../lib\libm-elf.a(dunpack.epeo)
                  0x002b62                  __dunpack
 .libm.dunpack2
                  0x002bb0         0x32 c:/program files (x86)/microchip/xc16/v1.41/bin/bin/../../lib\libm-elf.a(dunpack2.epeo)
                  0x002bb0                  __dunpack2
                  0x002bd2                  __dreturnNaN
                  0x002bd8                  __dunpack2exit
 .libm.dPropagateNaN
                  0x002be2         0x1e c:/program files (x86)/microchip/xc16/v1.41/bin/bin/../../lib\libm-elf.a(dpropagateNaN.epeo)
                  0x002be2                  __dPropagateNaN

usercode
 *(usercode)

__FICD
 *(__FICD.sec*)

__FPOR
 *(__FPOR.sec*)

__FWDT
 *(__FWDT.sec*)

__FOSC
 *(__FOSC.sec*)

__FOSCSEL
 *(__FOSCSEL.sec*)

__FGS
 *(__FGS.sec*)

__FUID0
 *(__FUID0.sec*)

__FUID1
 *(__FUID1.sec*)

__FUID2
 *(__FUID2.sec*)

__FUID3
 *(__FUID3.sec*)

.comment
 *(.comment)

.debug_info       0x000000      0x20177
 *(.debug_info)
 .debug_info      0x000000        0xac2 build/default/production/CH376/ch376.o
 .debug_info      0x000ac2        0x2ab build/default/production/FATFS/ccsbcs.o
 .debug_info      0x000d6d        0xb05 build/default/production/FATFS/diskio.o
 .debug_info      0x001872       0x2636 build/default/production/FATFS/ff.o
 .debug_info      0x003ea8        0x3de build/default/production/MP3/mad_bits.o
 .debug_info      0x004286       0x10e9 build/default/production/MP3/mad_decoder.o
 .debug_info      0x00536f        0xebb build/default/production/MP3/mad_frame.o
 .debug_info      0x00622a        0x823 build/default/production/MP3/mad_huffman.o
 .debug_info      0x006a4d       0x2249 build/default/production/MP3/mad_layer3.o
 .debug_info      0x008c96        0xd65 build/default/production/MP3/mad_memory.o
 .debug_info      0x0099fb        0x729 build/default/production/MP3/mad_stream.o
 .debug_info      0x00a124        0x7ec build/default/production/MP3/mad_synth.o
 .debug_info      0x00a910         0xb1 build/default/production/MP3/mad_pt_alrd.o
 .debug_info      0x00a9c1         0xb1 build/default/production/MP3/mad_pt_im12.o
 .debug_info      0x00aa72         0xb1 build/default/production/MP3/mad_pt_im36.o
 .debug_info      0x00ab23         0xb1 build/default/production/MP3/mad_pt_inls.o
 .debug_info      0x00abd4         0xb1 build/default/production/MP3/mad_pt_inst.o
 .debug_info      0x00ac85         0xb1 build/default/production/MP3/mad_pt_msst.o
 .debug_info      0x00ad36         0xb1 build/default/production/MP3/mad_pt_ovlp.o
 .debug_info      0x00ade7         0xb1 build/default/production/MP3/mad_pt_ovlz.o
 .debug_info      0x00ae98         0xb1 build/default/production/MP3/mad_pt_requ.o
 .debug_info      0x00af49         0xb1 build/default/production/MP3/mad_pt_synt.o
 .debug_info      0x00affa       0xc66b build/default/production/main.o
 .debug_info      0x017665        0x3f7 build/default/production/queue.o
 .debug_info      0x017a5c        0xbcd build/default/production/spi_lib.o
 .debug_info      0x018629        0x6a5 build/default/production/uart.o
 .debug_info      0x018cce        0xef6 build/default/production/pwm.o
 .debug_info      0x019bc4       0x12b3 build/default/production/st7565.o
 .debug_info      0x01ae77        0x6b6 build/default/production/i2c_lib.o
 .debug_info      0x01b52d       0x3d51 build/default/production/si473x.o
 .debug_info      0x01f27e        0x6b6 build/default/production/dht11.o
 .debug_info      0x01f934        0x27f build/default/production/24lc256.o
 .debug_info      0x01fbb3        0x5c4 build/default/production/trig.o
 *(.gnu.linkonce.wi.*)

.debug_abbrev     0x000000       0x1f23
 *(.debug_abbrev)
 .debug_abbrev    0x000000        0x1ee build/default/production/CH376/ch376.o
 .debug_abbrev    0x0001ee         0x94 build/default/production/FATFS/ccsbcs.o
 .debug_abbrev    0x000282        0x1e9 build/default/production/FATFS/diskio.o
 .debug_abbrev    0x00046b        0x132 build/default/production/FATFS/ff.o
 .debug_abbrev    0x00059d         0xec build/default/production/MP3/mad_bits.o
 .debug_abbrev    0x000689        0x178 build/default/production/MP3/mad_decoder.o
 .debug_abbrev    0x000801        0x188 build/default/production/MP3/mad_frame.o
 .debug_abbrev    0x000989        0x124 build/default/production/MP3/mad_huffman.o
 .debug_abbrev    0x000aad        0x236 build/default/production/MP3/mad_layer3.o
 .debug_abbrev    0x000ce3        0x10c build/default/production/MP3/mad_memory.o
 .debug_abbrev    0x000def         0xc6 build/default/production/MP3/mad_stream.o
 .debug_abbrev    0x000eb5         0xee build/default/production/MP3/mad_synth.o
 .debug_abbrev    0x000fa3         0x14 build/default/production/MP3/mad_pt_alrd.o
 .debug_abbrev    0x000fb7         0x14 build/default/production/MP3/mad_pt_im12.o
 .debug_abbrev    0x000fcb         0x14 build/default/production/MP3/mad_pt_im36.o
 .debug_abbrev    0x000fdf         0x14 build/default/production/MP3/mad_pt_inls.o
 .debug_abbrev    0x000ff3         0x14 build/default/production/MP3/mad_pt_inst.o
 .debug_abbrev    0x001007         0x14 build/default/production/MP3/mad_pt_msst.o
 .debug_abbrev    0x00101b         0x14 build/default/production/MP3/mad_pt_ovlp.o
 .debug_abbrev    0x00102f         0x14 build/default/production/MP3/mad_pt_ovlz.o
 .debug_abbrev    0x001043         0x14 build/default/production/MP3/mad_pt_requ.o
 .debug_abbrev    0x001057         0x14 build/default/production/MP3/mad_pt_synt.o
 .debug_abbrev    0x00106b        0x35d build/default/production/main.o
 .debug_abbrev    0x0013c8         0xd3 build/default/production/queue.o
 .debug_abbrev    0x00149b         0xfe build/default/production/spi_lib.o
 .debug_abbrev    0x001599         0xfd build/default/production/uart.o
 .debug_abbrev    0x001696        0x100 build/default/production/pwm.o
 .debug_abbrev    0x001796        0x195 build/default/production/st7565.o
 .debug_abbrev    0x00192b         0xe1 build/default/production/i2c_lib.o
 .debug_abbrev    0x001a0c        0x2e2 build/default/production/si473x.o
 .debug_abbrev    0x001cee         0xc7 build/default/production/dht11.o
 .debug_abbrev    0x001db5         0x9a build/default/production/24lc256.o
 .debug_abbrev    0x001e4f         0xd4 build/default/production/trig.o

.debug_line       0x000000       0x4717
 *(.debug_line)
 .debug_line      0x000000        0x251 build/default/production/CH376/ch376.o
 .debug_line      0x000251         0xce build/default/production/FATFS/ccsbcs.o
 .debug_line      0x00031f        0x2c5 build/default/production/FATFS/diskio.o
 .debug_line      0x0005e4        0x93a build/default/production/FATFS/ff.o
 .debug_line      0x000f1e         0xc0 build/default/production/MP3/mad_bits.o
 .debug_line      0x000fde        0x136 build/default/production/MP3/mad_decoder.o
 .debug_line      0x001114        0x18e build/default/production/MP3/mad_frame.o
 .debug_line      0x0012a2         0x40 build/default/production/MP3/mad_huffman.o
 .debug_line      0x0012e2        0x42c build/default/production/MP3/mad_layer3.o
 .debug_line      0x00170e         0xb0 build/default/production/MP3/mad_memory.o
 .debug_line      0x0017be         0x9f build/default/production/MP3/mad_stream.o
 .debug_line      0x00185d         0x8d build/default/production/MP3/mad_synth.o
 .debug_line      0x0018ea         0x63 build/default/production/MP3/mad_pt_alrd.o
 .debug_line      0x00194d         0x1a build/default/production/MP3/mad_pt_data.o
 .debug_line      0x001967         0xc9 build/default/production/MP3/mad_pt_im12.o
 .debug_line      0x001a30         0xb4 build/default/production/MP3/mad_pt_im36.o
 .debug_line      0x001ae4         0x78 build/default/production/MP3/mad_pt_inls.o
 .debug_line      0x001b5c         0x6f build/default/production/MP3/mad_pt_inst.o
 .debug_line      0x001bcb         0x63 build/default/production/MP3/mad_pt_msst.o
 .debug_line      0x001c2e         0x4e build/default/production/MP3/mad_pt_ovlp.o
 .debug_line      0x001c7c         0x4d build/default/production/MP3/mad_pt_ovlz.o
 .debug_line      0x001cc9         0x81 build/default/production/MP3/mad_pt_requ.o
 .debug_line      0x001d4a         0xc9 build/default/production/MP3/mad_pt_synt.o
 .debug_line      0x001e13       0x1935 build/default/production/main.o
 .debug_line      0x003748         0x76 build/default/production/queue.o
 .debug_line      0x0037be        0x156 build/default/production/spi_lib.o
 .debug_line      0x003914        0x150 build/default/production/uart.o
 .debug_line      0x003a64        0x136 build/default/production/pwm.o
 .debug_line      0x003b9a        0x2df build/default/production/st7565.o
 .debug_line      0x003e79        0x15d build/default/production/i2c_lib.o
 .debug_line      0x003fd6        0x4bb build/default/production/si473x.o
 .debug_line      0x004491        0x15b build/default/production/dht11.o
 .debug_line      0x0045ec         0x6f build/default/production/24lc256.o
 .debug_line      0x00465b         0xbc build/default/production/trig.o

.debug_frame      0x000000       0x41dc
 *(.debug_frame)
 .debug_frame     0x000000        0x298 build/default/production/CH376/ch376.o
 .debug_frame     0x000298         0x4c build/default/production/FATFS/ccsbcs.o
 .debug_frame     0x0002e4        0x29e build/default/production/FATFS/diskio.o
 .debug_frame     0x000582        0x662 build/default/production/FATFS/ff.o
 .debug_frame     0x000be4         0xc4 build/default/production/MP3/mad_bits.o
 .debug_frame     0x000ca8         0xa0 build/default/production/MP3/mad_decoder.o
 .debug_frame     0x000d48         0xfe build/default/production/MP3/mad_frame.o
 .debug_frame     0x000e46        0x140 build/default/production/MP3/mad_layer3.o
 .debug_frame     0x000f86         0xbc build/default/production/MP3/mad_memory.o
 .debug_frame     0x001042         0xa0 build/default/production/MP3/mad_stream.o
 .debug_frame     0x0010e2         0x68 build/default/production/MP3/mad_synth.o
 .debug_frame     0x00114a       0x1abe build/default/production/main.o
 .debug_frame     0x002c08         0xf4 build/default/production/queue.o
 .debug_frame     0x002cfc         0xbc build/default/production/spi_lib.o
 .debug_frame     0x002db8         0xbc build/default/production/uart.o
 .debug_frame     0x002e74         0x68 build/default/production/pwm.o
 .debug_frame     0x002edc        0x4a2 build/default/production/st7565.o
 .debug_frame     0x00337e         0xa0 build/default/production/i2c_lib.o
 .debug_frame     0x00341e        0xbb2 build/default/production/si473x.o
 .debug_frame     0x003fd0         0x30 build/default/production/dht11.o
 .debug_frame     0x004000         0x8a build/default/production/24lc256.o
 .debug_frame     0x00408a        0x152 build/default/production/trig.o

.debug_str        0x000000       0x1752
 *(.debug_str)
 .debug_str       0x000000         0x72 build/default/production/CH376/ch376.o
 .debug_str       0x000072         0x3b build/default/production/FATFS/diskio.o
 .debug_str       0x0000ad         0x20 build/default/production/FATFS/ff.o
 .debug_str       0x0000cd          0x7 build/default/production/MP3/mad_bits.o
 .debug_str       0x0000d4         0x7e build/default/production/MP3/mad_decoder.o
 .debug_str       0x000152         0x38 build/default/production/MP3/mad_frame.o
 .debug_str       0x00018a         0xaf build/default/production/MP3/mad_huffman.o
 .debug_str       0x000239        0x241 build/default/production/MP3/mad_layer3.o
 .debug_str       0x00047a         0x2f build/default/production/MP3/mad_memory.o
 .debug_str       0x0004a9          0x7 build/default/production/MP3/mad_stream.o
 .debug_str       0x0004b0          0xb build/default/production/MP3/mad_synth.o
 .debug_str       0x0004bb        0xd4a build/default/production/main.o
 .debug_str       0x001205         0x73 build/default/production/queue.o
 .debug_str       0x001278         0x72 build/default/production/spi_lib.o
 .debug_str       0x0012ea         0x1f build/default/production/uart.o
 .debug_str       0x001309         0x98 build/default/production/pwm.o
 .debug_str       0x0013a1         0x41 build/default/production/st7565.o
 .debug_str       0x0013e2         0x28 build/default/production/i2c_lib.o
 .debug_str       0x00140a        0x30b build/default/production/si473x.o
 .debug_str       0x001715         0x1d build/default/production/dht11.o
 .debug_str       0x001732          0x8 build/default/production/24lc256.o
 .debug_str       0x00173a         0x18 build/default/production/trig.o

.debug_loc
 *(.debug_loc)

.debug_macinfo
 *(.debug_macinfo)

.debug_pubnames
                  0x000000       0x3a51
 *(.debug_pubnames)
 .debug_pubnames
                  0x000000        0x251 build/default/production/CH376/ch376.o
 .debug_pubnames
                  0x000251         0x31 build/default/production/FATFS/ccsbcs.o
 .debug_pubnames
                  0x000282        0x15e build/default/production/FATFS/diskio.o
 .debug_pubnames
                  0x0003e0        0x105 build/default/production/FATFS/ff.o
 .debug_pubnames
                  0x0004e5         0x7d build/default/production/MP3/mad_bits.o
 .debug_pubnames
                  0x000562         0x82 build/default/production/MP3/mad_decoder.o
 .debug_pubnames
                  0x0005e4         0x78 build/default/production/MP3/mad_frame.o
 .debug_pubnames
                  0x00065c        0x133 build/default/production/MP3/mad_huffman.o
 .debug_pubnames
                  0x00078f        0x200 build/default/production/MP3/mad_layer3.o
 .debug_pubnames
                  0x00098f         0xbd build/default/production/MP3/mad_memory.o
 .debug_pubnames
                  0x000a4c         0x7a build/default/production/MP3/mad_stream.o
 .debug_pubnames
                  0x000ac6         0x39 build/default/production/MP3/mad_synth.o
 .debug_pubnames
                  0x000aff       0x1a49 build/default/production/main.o
 .debug_pubnames
                  0x002548        0x13b build/default/production/queue.o
 .debug_pubnames
                  0x002683         0x68 build/default/production/spi_lib.o
 .debug_pubnames
                  0x0026eb         0x6f build/default/production/uart.o
 .debug_pubnames
                  0x00275a         0x44 build/default/production/pwm.o
 .debug_pubnames
                  0x00279e        0x42d build/default/production/st7565.o
 .debug_pubnames
                  0x002bcb         0x52 build/default/production/i2c_lib.o
 .debug_pubnames
                  0x002c1d        0xcf4 build/default/production/si473x.o
 .debug_pubnames
                  0x003911         0x21 build/default/production/dht11.o
 .debug_pubnames
                  0x003932         0x64 build/default/production/24lc256.o
 .debug_pubnames
                  0x003996         0xbb build/default/production/trig.o

.debug_ranges
 *(.debug_ranges)

.debug_aranges    0x000000        0x300
 *(.debug_aranges)
 .debug_aranges
                  0x000000         0x18 build/default/production/CH376/ch376.o
 .debug_aranges
                  0x000018         0x18 build/default/production/FATFS/ccsbcs.o
 .debug_aranges
                  0x000030         0x18 build/default/production/FATFS/diskio.o
 .debug_aranges
                  0x000048         0x18 build/default/production/FATFS/ff.o
 .debug_aranges
                  0x000060         0x18 build/default/production/MP3/mad_bits.o
 .debug_aranges
                  0x000078         0x18 build/default/production/MP3/mad_decoder.o
 .debug_aranges
                  0x000090         0x18 build/default/production/MP3/mad_frame.o
 .debug_aranges
                  0x0000a8         0x18 build/default/production/MP3/mad_layer3.o
 .debug_aranges
                  0x0000c0         0x18 build/default/production/MP3/mad_memory.o
 .debug_aranges
                  0x0000d8         0x18 build/default/production/MP3/mad_stream.o
 .debug_aranges
                  0x0000f0         0x18 build/default/production/MP3/mad_synth.o
 .debug_aranges
                  0x000108         0x18 build/default/production/MP3/mad_pt_alrd.o
 .debug_aranges
                  0x000120         0x18 build/default/production/MP3/mad_pt_im12.o
 .debug_aranges
                  0x000138         0x18 build/default/production/MP3/mad_pt_im36.o
 .debug_aranges
                  0x000150         0x18 build/default/production/MP3/mad_pt_inls.o
 .debug_aranges
                  0x000168         0x18 build/default/production/MP3/mad_pt_inst.o
 .debug_aranges
                  0x000180         0x18 build/default/production/MP3/mad_pt_msst.o
 .debug_aranges
                  0x000198         0x18 build/default/production/MP3/mad_pt_ovlp.o
 .debug_aranges
                  0x0001b0         0x18 build/default/production/MP3/mad_pt_ovlz.o
 .debug_aranges
                  0x0001c8         0x18 build/default/production/MP3/mad_pt_requ.o
 .debug_aranges
                  0x0001e0         0x18 build/default/production/MP3/mad_pt_synt.o
 .debug_aranges
                  0x0001f8         0x18 build/default/production/main.o
 .debug_aranges
                  0x000210         0x18 build/default/production/queue.o
 .debug_aranges
                  0x000228         0x18 build/default/production/spi_lib.o
 .debug_aranges
                  0x000240         0x18 build/default/production/uart.o
 .debug_aranges
                  0x000258         0x18 build/default/production/pwm.o
 .debug_aranges
                  0x000270         0x18 build/default/production/st7565.o
 .debug_aranges
                  0x000288         0x18 build/default/production/i2c_lib.o
 .debug_aranges
                  0x0002a0         0x18 build/default/production/si473x.o
 .debug_aranges
                  0x0002b8         0x18 build/default/production/dht11.o
 .debug_aranges
                  0x0002d0         0x18 build/default/production/24lc256.o
 .debug_aranges
                  0x0002e8         0x18 build/default/production/trig.o
                    0x0000                  WREG0 = 0x0
                    0x0000                  _WREG0 = 0x0
                    0x0002                  WREG1 = 0x2
                    0x0002                  _WREG1 = 0x2
                    0x0004                  WREG2 = 0x4
                    0x0004                  _WREG2 = 0x4
                    0x0006                  WREG3 = 0x6
                    0x0006                  _WREG3 = 0x6
                    0x0008                  WREG4 = 0x8
                    0x0008                  _WREG4 = 0x8
                    0x000a                  WREG5 = 0xa
                    0x000a                  _WREG5 = 0xa
                    0x000c                  WREG6 = 0xc
                    0x000c                  _WREG6 = 0xc
                    0x000e                  WREG7 = 0xe
                    0x000e                  _WREG7 = 0xe
                    0x0010                  WREG8 = 0x10
                    0x0010                  _WREG8 = 0x10
                    0x0012                  WREG9 = 0x12
                    0x0012                  _WREG9 = 0x12
                    0x0014                  WREG10 = 0x14
                    0x0014                  _WREG10 = 0x14
                    0x0016                  WREG11 = 0x16
                    0x0016                  _WREG11 = 0x16
                    0x0018                  WREG12 = 0x18
                    0x0018                  _WREG12 = 0x18
                    0x001a                  WREG13 = 0x1a
                    0x001a                  _WREG13 = 0x1a
                    0x001c                  WREG14 = 0x1c
                    0x001c                  _WREG14 = 0x1c
                    0x001e                  WREG15 = 0x1e
                    0x001e                  _WREG15 = 0x1e
                    0x0020                  SPLIM = 0x20
                    0x0020                  _SPLIM = 0x20
                    0x0022                  ACCAL = 0x22
                    0x0022                  _ACCAL = 0x22
                    0x0024                  ACCAH = 0x24
                    0x0024                  _ACCAH = 0x24
                    0x0026                  ACCAU = 0x26
                    0x0026                  _ACCAU = 0x26
                    0x0028                  ACCBL = 0x28
                    0x0028                  _ACCBL = 0x28
                    0x002a                  ACCBH = 0x2a
                    0x002a                  _ACCBH = 0x2a
                    0x002c                  ACCBU = 0x2c
                    0x002c                  _ACCBU = 0x2c
                    0x002e                  PCL = 0x2e
                    0x002e                  _PCL = 0x2e
                    0x0030                  PCH = 0x30
                    0x0030                  _PCH = 0x30
                    0x0032                  DSRPAG = 0x32
                    0x0032                  _DSRPAG = 0x32
                    0x0032                  _DSRPAGbits = 0x32
                    0x0034                  DSWPAG = 0x34
                    0x0034                  _DSWPAG = 0x34
                    0x0034                  _DSWPAGbits = 0x34
                    0x0036                  RCOUNT = 0x36
                    0x0036                  _RCOUNT = 0x36
                    0x0038                  DCOUNT = 0x38
                    0x0038                  _DCOUNT = 0x38
                    0x003a                  DOSTARTL = 0x3a
                    0x003a                  _DOSTARTL = 0x3a
                    0x003c                  DOSTARTH = 0x3c
                    0x003c                  _DOSTARTH = 0x3c
                    0x003e                  DOENDL = 0x3e
                    0x003e                  _DOENDL = 0x3e
                    0x0040                  DOENDH = 0x40
                    0x0040                  _DOENDH = 0x40
                    0x0042                  SR = 0x42
                    0x0042                  _SR = 0x42
                    0x0042                  _SRbits = 0x42
                    0x0044                  CORCON = 0x44
                    0x0044                  _CORCON = 0x44
                    0x0044                  _CORCONbits = 0x44
                    0x0046                  MODCON = 0x46
                    0x0046                  _MODCON = 0x46
                    0x0046                  _MODCONbits = 0x46
                    0x0048                  XMODSRT = 0x48
                    0x0048                  _XMODSRT = 0x48
                    0x004a                  XMODEND = 0x4a
                    0x004a                  _XMODEND = 0x4a
                    0x004c                  YMODSRT = 0x4c
                    0x004c                  _YMODSRT = 0x4c
                    0x004e                  YMODEND = 0x4e
                    0x004e                  _YMODEND = 0x4e
                    0x0050                  XBREV = 0x50
                    0x0050                  _XBREV = 0x50
                    0x0050                  _XBREVbits = 0x50
                    0x0052                  DISICNT = 0x52
                    0x0052                  _DISICNT = 0x52
                    0x0054                  TBLPAG = 0x54
                    0x0054                  _TBLPAG = 0x54
                    0x0054                  _TBLPAGbits = 0x54
                    0x0058                  MSTRPR = 0x58
                    0x0058                  _MSTRPR = 0x58
                    0x0100                  TMR1 = 0x100
                    0x0100                  _TMR1 = 0x100
                    0x0102                  PR1 = 0x102
                    0x0102                  _PR1 = 0x102
                    0x0104                  T1CON = 0x104
                    0x0104                  _T1CON = 0x104
                    0x0104                  _T1CONbits = 0x104
                    0x0106                  TMR2 = 0x106
                    0x0106                  _TMR2 = 0x106
                    0x0108                  TMR3HLD = 0x108
                    0x0108                  _TMR3HLD = 0x108
                    0x010a                  TMR3 = 0x10a
                    0x010a                  _TMR3 = 0x10a
                    0x010c                  PR2 = 0x10c
                    0x010c                  _PR2 = 0x10c
                    0x010e                  PR3 = 0x10e
                    0x010e                  _PR3 = 0x10e
                    0x0110                  T2CON = 0x110
                    0x0110                  _T2CON = 0x110
                    0x0110                  _T2CONbits = 0x110
                    0x0112                  T3CON = 0x112
                    0x0112                  _T3CON = 0x112
                    0x0112                  _T3CONbits = 0x112
                    0x0114                  TMR4 = 0x114
                    0x0114                  _TMR4 = 0x114
                    0x0116                  TMR5HLD = 0x116
                    0x0116                  _TMR5HLD = 0x116
                    0x0118                  TMR5 = 0x118
                    0x0118                  _TMR5 = 0x118
                    0x011a                  PR4 = 0x11a
                    0x011a                  _PR4 = 0x11a
                    0x011c                  PR5 = 0x11c
                    0x011c                  _PR5 = 0x11c
                    0x011e                  T4CON = 0x11e
                    0x011e                  _T4CON = 0x11e
                    0x011e                  _T4CONbits = 0x11e
                    0x0120                  T5CON = 0x120
                    0x0120                  _T5CON = 0x120
                    0x0120                  _T5CONbits = 0x120
                    0x0140                  IC1CON1 = 0x140
                    0x0140                  _IC1CON1 = 0x140
                    0x0140                  _IC1CON1bits = 0x140
                    0x0142                  IC1CON2 = 0x142
                    0x0142                  _IC1CON2 = 0x142
                    0x0142                  _IC1CON2bits = 0x142
                    0x0144                  IC1BUF = 0x144
                    0x0144                  _IC1BUF = 0x144
                    0x0146                  IC1TMR = 0x146
                    0x0146                  _IC1TMR = 0x146
                    0x0148                  IC2CON1 = 0x148
                    0x0148                  _IC2CON1 = 0x148
                    0x0148                  _IC2CON1bits = 0x148
                    0x014a                  IC2CON2 = 0x14a
                    0x014a                  _IC2CON2 = 0x14a
                    0x014a                  _IC2CON2bits = 0x14a
                    0x014c                  IC2BUF = 0x14c
                    0x014c                  _IC2BUF = 0x14c
                    0x014e                  IC2TMR = 0x14e
                    0x014e                  _IC2TMR = 0x14e
                    0x0150                  IC3CON1 = 0x150
                    0x0150                  _IC3CON1 = 0x150
                    0x0150                  _IC3CON1bits = 0x150
                    0x0152                  IC3CON2 = 0x152
                    0x0152                  _IC3CON2 = 0x152
                    0x0152                  _IC3CON2bits = 0x152
                    0x0154                  IC3BUF = 0x154
                    0x0154                  _IC3BUF = 0x154
                    0x0156                  IC3TMR = 0x156
                    0x0156                  _IC3TMR = 0x156
                    0x0158                  IC4CON1 = 0x158
                    0x0158                  _IC4CON1 = 0x158
                    0x0158                  _IC4CON1bits = 0x158
                    0x015a                  IC4CON2 = 0x15a
                    0x015a                  _IC4CON2 = 0x15a
                    0x015a                  _IC4CON2bits = 0x15a
                    0x015c                  IC4BUF = 0x15c
                    0x015c                  _IC4BUF = 0x15c
                    0x015e                  IC4TMR = 0x15e
                    0x015e                  _IC4TMR = 0x15e
                    0x01c0                  QEI1CON = 0x1c0
                    0x01c0                  _QEI1CON = 0x1c0
                    0x01c0                  _QEI1CONbits = 0x1c0
                    0x01c2                  QEI1IOC = 0x1c2
                    0x01c2                  _QEI1IOC = 0x1c2
                    0x01c2                  _QEI1IOCbits = 0x1c2
                    0x01c4                  QEI1STAT = 0x1c4
                    0x01c4                  _QEI1STAT = 0x1c4
                    0x01c4                  _QEI1STATbits = 0x1c4
                    0x01c6                  POS1CNTL = 0x1c6
                    0x01c6                  _POS1CNTL = 0x1c6
                    0x01c8                  POS1CNTH = 0x1c8
                    0x01c8                  _POS1CNTH = 0x1c8
                    0x01ca                  POS1HLD = 0x1ca
                    0x01ca                  _POS1HLD = 0x1ca
                    0x01cc                  VEL1CNT = 0x1cc
                    0x01cc                  _VEL1CNT = 0x1cc
                    0x01ce                  INT1TMRL = 0x1ce
                    0x01ce                  _INT1TMRL = 0x1ce
                    0x01d0                  INT1TMRH = 0x1d0
                    0x01d0                  _INT1TMRH = 0x1d0
                    0x01d2                  INT1HLDL = 0x1d2
                    0x01d2                  _INT1HLDL = 0x1d2
                    0x01d4                  INT1HLDH = 0x1d4
                    0x01d4                  _INT1HLDH = 0x1d4
                    0x01d6                  INDX1CNTL = 0x1d6
                    0x01d6                  _INDX1CNTL = 0x1d6
                    0x01d8                  INDX1CNTH = 0x1d8
                    0x01d8                  _INDX1CNTH = 0x1d8
                    0x01da                  INDX1HLD = 0x1da
                    0x01da                  _INDX1HLD = 0x1da
                    0x01dc                  QEI1GECL = 0x1dc
                    0x01dc                  _QEI1GECL = 0x1dc
                    0x01dc                  QEI1ICL = 0x1dc
                    0x01dc                  _QEI1ICL = 0x1dc
                    0x01de                  QEI1GECH = 0x1de
                    0x01de                  _QEI1GECH = 0x1de
                    0x01de                  QEI1ICH = 0x1de
                    0x01de                  _QEI1ICH = 0x1de
                    0x01e0                  QEI1LECL = 0x1e0
                    0x01e0                  _QEI1LECL = 0x1e0
                    0x01e2                  QEI1LECH = 0x1e2
                    0x01e2                  _QEI1LECH = 0x1e2
                    0x0200                  I2C1RCV = 0x200
                    0x0200                  _I2C1RCV = 0x200
                    0x0202                  I2C1TRN = 0x202
                    0x0202                  _I2C1TRN = 0x202
                    0x0204                  I2C1BRG = 0x204
                    0x0204                  _I2C1BRG = 0x204
                    0x0206                  I2C1CON = 0x206
                    0x0206                  _I2C1CON = 0x206
                    0x0206                  _I2C1CONbits = 0x206
                    0x0208                  I2C1STAT = 0x208
                    0x0208                  _I2C1STAT = 0x208
                    0x0208                  _I2C1STATbits = 0x208
                    0x020a                  I2C1ADD = 0x20a
                    0x020a                  _I2C1ADD = 0x20a
                    0x020c                  I2C1MSK = 0x20c
                    0x020c                  _I2C1MSK = 0x20c
                    0x0210                  I2C2RCV = 0x210
                    0x0210                  _I2C2RCV = 0x210
                    0x0212                  I2C2TRN = 0x212
                    0x0212                  _I2C2TRN = 0x212
                    0x0214                  I2C2BRG = 0x214
                    0x0214                  _I2C2BRG = 0x214
                    0x0216                  I2C2CON = 0x216
                    0x0216                  _I2C2CON = 0x216
                    0x0216                  _I2C2CONbits = 0x216
                    0x0218                  I2C2STAT = 0x218
                    0x0218                  _I2C2STAT = 0x218
                    0x0218                  _I2C2STATbits = 0x218
                    0x021a                  I2C2ADD = 0x21a
                    0x021a                  _I2C2ADD = 0x21a
                    0x021c                  I2C2MSK = 0x21c
                    0x021c                  _I2C2MSK = 0x21c
                    0x0220                  U1MODE = 0x220
                    0x0220                  _U1MODE = 0x220
                    0x0220                  _U1MODEbits = 0x220
                    0x0222                  U1STA = 0x222
                    0x0222                  _U1STA = 0x222
                    0x0222                  _U1STAbits = 0x222
                    0x0224                  U1TXREG = 0x224
                    0x0224                  _U1TXREG = 0x224
                    0x0226                  U1RXREG = 0x226
                    0x0226                  _U1RXREG = 0x226
                    0x0228                  U1BRG = 0x228
                    0x0228                  _U1BRG = 0x228
                    0x0230                  U2MODE = 0x230
                    0x0230                  _U2MODE = 0x230
                    0x0230                  _U2MODEbits = 0x230
                    0x0232                  U2STA = 0x232
                    0x0232                  _U2STA = 0x232
                    0x0232                  _U2STAbits = 0x232
                    0x0234                  U2TXREG = 0x234
                    0x0234                  _U2TXREG = 0x234
                    0x0236                  U2RXREG = 0x236
                    0x0236                  _U2RXREG = 0x236
                    0x0238                  U2BRG = 0x238
                    0x0238                  _U2BRG = 0x238
                    0x0240                  SPI1STAT = 0x240
                    0x0240                  _SPI1STAT = 0x240
                    0x0240                  _SPI1STATbits = 0x240
                    0x0242                  SPI1CON1 = 0x242
                    0x0242                  _SPI1CON1 = 0x242
                    0x0242                  _SPI1CON1bits = 0x242
                    0x0244                  SPI1CON2 = 0x244
                    0x0244                  _SPI1CON2 = 0x244
                    0x0244                  _SPI1CON2bits = 0x244
                    0x0248                  SPI1BUF = 0x248
                    0x0248                  _SPI1BUF = 0x248
                    0x0260                  SPI2STAT = 0x260
                    0x0260                  _SPI2STAT = 0x260
                    0x0260                  _SPI2STATbits = 0x260
                    0x0262                  SPI2CON1 = 0x262
                    0x0262                  _SPI2CON1 = 0x262
                    0x0262                  _SPI2CON1bits = 0x262
                    0x0264                  SPI2CON2 = 0x264
                    0x0264                  _SPI2CON2 = 0x264
                    0x0264                  _SPI2CON2bits = 0x264
                    0x0268                  SPI2BUF = 0x268
                    0x0268                  _SPI2BUF = 0x268
                    0x0300                  ADC1BUF0 = 0x300
                    0x0300                  _ADC1BUF0 = 0x300
                    0x0302                  ADC1BUF1 = 0x302
                    0x0302                  _ADC1BUF1 = 0x302
                    0x0304                  ADC1BUF2 = 0x304
                    0x0304                  _ADC1BUF2 = 0x304
                    0x0306                  ADC1BUF3 = 0x306
                    0x0306                  _ADC1BUF3 = 0x306
                    0x0308                  ADC1BUF4 = 0x308
                    0x0308                  _ADC1BUF4 = 0x308
                    0x030a                  ADC1BUF5 = 0x30a
                    0x030a                  _ADC1BUF5 = 0x30a
                    0x030c                  ADC1BUF6 = 0x30c
                    0x030c                  _ADC1BUF6 = 0x30c
                    0x030e                  ADC1BUF7 = 0x30e
                    0x030e                  _ADC1BUF7 = 0x30e
                    0x0310                  ADC1BUF8 = 0x310
                    0x0310                  _ADC1BUF8 = 0x310
                    0x0312                  ADC1BUF9 = 0x312
                    0x0312                  _ADC1BUF9 = 0x312
                    0x0314                  ADC1BUFA = 0x314
                    0x0314                  _ADC1BUFA = 0x314
                    0x0316                  ADC1BUFB = 0x316
                    0x0316                  _ADC1BUFB = 0x316
                    0x0318                  ADC1BUFC = 0x318
                    0x0318                  _ADC1BUFC = 0x318
                    0x031a                  ADC1BUFD = 0x31a
                    0x031a                  _ADC1BUFD = 0x31a
                    0x031c                  ADC1BUFE = 0x31c
                    0x031c                  _ADC1BUFE = 0x31c
                    0x031e                  ADC1BUFF = 0x31e
                    0x031e                  _ADC1BUFF = 0x31e
                    0x0320                  AD1CON1 = 0x320
                    0x0320                  _AD1CON1 = 0x320
                    0x0320                  _AD1CON1bits = 0x320
                    0x0322                  AD1CON2 = 0x322
                    0x0322                  _AD1CON2 = 0x322
                    0x0322                  _AD1CON2bits = 0x322
                    0x0324                  AD1CON3 = 0x324
                    0x0324                  _AD1CON3 = 0x324
                    0x0324                  _AD1CON3bits = 0x324
                    0x0326                  AD1CHS123 = 0x326
                    0x0326                  _AD1CHS123 = 0x326
                    0x0326                  _AD1CHS123bits = 0x326
                    0x0328                  AD1CHS0 = 0x328
                    0x0328                  _AD1CHS0 = 0x328
                    0x0328                  _AD1CHS0bits = 0x328
                    0x032e                  AD1CSSH = 0x32e
                    0x032e                  _AD1CSSH = 0x32e
                    0x032e                  _AD1CSSHbits = 0x32e
                    0x0330                  AD1CSSL = 0x330
                    0x0330                  _AD1CSSL = 0x330
                    0x0330                  _AD1CSSLbits = 0x330
                    0x0332                  AD1CON4 = 0x332
                    0x0332                  _AD1CON4 = 0x332
                    0x0332                  _AD1CON4bits = 0x332
                    0x033a                  CTMUCON1 = 0x33a
                    0x033a                  _CTMUCON1 = 0x33a
                    0x033a                  _CTMUCON1bits = 0x33a
                    0x033c                  CTMUCON2 = 0x33c
                    0x033c                  _CTMUCON2 = 0x33c
                    0x033c                  _CTMUCON2bits = 0x33c
                    0x033e                  CTMUICON = 0x33e
                    0x033e                  _CTMUICON = 0x33e
                    0x033e                  _CTMUICONbits = 0x33e
                    0x0400                  C1CTRL1 = 0x400
                    0x0400                  _C1CTRL1 = 0x400
                    0x0400                  _C1CTRL1bits = 0x400
                    0x0402                  C1CTRL2 = 0x402
                    0x0402                  _C1CTRL2 = 0x402
                    0x0402                  _C1CTRL2bits = 0x402
                    0x0404                  C1VEC = 0x404
                    0x0404                  _C1VEC = 0x404
                    0x0404                  _C1VECbits = 0x404
                    0x0406                  C1FCTRL = 0x406
                    0x0406                  _C1FCTRL = 0x406
                    0x0406                  _C1FCTRLbits = 0x406
                    0x0408                  C1FIFO = 0x408
                    0x0408                  _C1FIFO = 0x408
                    0x0408                  _C1FIFObits = 0x408
                    0x040a                  C1INTF = 0x40a
                    0x040a                  _C1INTF = 0x40a
                    0x040a                  _C1INTFbits = 0x40a
                    0x040c                  C1INTE = 0x40c
                    0x040c                  _C1INTE = 0x40c
                    0x040c                  _C1INTEbits = 0x40c
                    0x040e                  C1EC = 0x40e
                    0x040e                  _C1EC = 0x40e
                    0x040e                  _C1ECbits = 0x40e
                    0x040e                  C1RERRCNT = 0x40e
                    0x040e                  _C1RERRCNT = 0x40e
                    0x040f                  C1TERRCNT = 0x40f
                    0x040f                  _C1TERRCNT = 0x40f
                    0x0410                  C1CFG1 = 0x410
                    0x0410                  _C1CFG1 = 0x410
                    0x0410                  _C1CFG1bits = 0x410
                    0x0412                  C1CFG2 = 0x412
                    0x0412                  _C1CFG2 = 0x412
                    0x0412                  _C1CFG2bits = 0x412
                    0x0414                  C1FEN1 = 0x414
                    0x0414                  _C1FEN1 = 0x414
                    0x0414                  _C1FEN1bits = 0x414
                    0x0418                  C1FMSKSEL1 = 0x418
                    0x0418                  _C1FMSKSEL1 = 0x418
                    0x0418                  _C1FMSKSEL1bits = 0x418
                    0x041a                  C1FMSKSEL2 = 0x41a
                    0x041a                  _C1FMSKSEL2 = 0x41a
                    0x041a                  _C1FMSKSEL2bits = 0x41a
                    0x0420                  C1BUFPNT1 = 0x420
                    0x0420                  _C1BUFPNT1 = 0x420
                    0x0420                  _C1BUFPNT1bits = 0x420
                    0x0420                  C1RXFUL1 = 0x420
                    0x0420                  _C1RXFUL1 = 0x420
                    0x0420                  _C1RXFUL1bits = 0x420
                    0x0422                  C1BUFPNT2 = 0x422
                    0x0422                  _C1BUFPNT2 = 0x422
                    0x0422                  _C1BUFPNT2bits = 0x422
                    0x0422                  C1RXFUL2 = 0x422
                    0x0422                  _C1RXFUL2 = 0x422
                    0x0422                  _C1RXFUL2bits = 0x422
                    0x0424                  C1BUFPNT3 = 0x424
                    0x0424                  _C1BUFPNT3 = 0x424
                    0x0424                  _C1BUFPNT3bits = 0x424
                    0x0426                  C1BUFPNT4 = 0x426
                    0x0426                  _C1BUFPNT4 = 0x426
                    0x0426                  _C1BUFPNT4bits = 0x426
                    0x0428                  C1RXOVF1 = 0x428
                    0x0428                  _C1RXOVF1 = 0x428
                    0x0428                  _C1RXOVF1bits = 0x428
                    0x042a                  C1RXOVF2 = 0x42a
                    0x042a                  _C1RXOVF2 = 0x42a
                    0x042a                  _C1RXOVF2bits = 0x42a
                    0x0430                  C1RXM0SID = 0x430
                    0x0430                  _C1RXM0SID = 0x430
                    0x0430                  _C1RXM0SIDbits = 0x430
                    0x0430                  C1TR01CON = 0x430
                    0x0430                  _C1TR01CON = 0x430
                    0x0430                  _C1TR01CONbits = 0x430
                    0x0432                  C1RXM0EID = 0x432
                    0x0432                  _C1RXM0EID = 0x432
                    0x0432                  _C1RXM0EIDbits = 0x432
                    0x0432                  C1TR23CON = 0x432
                    0x0432                  _C1TR23CON = 0x432
                    0x0432                  _C1TR23CONbits = 0x432
                    0x0434                  C1RXM1SID = 0x434
                    0x0434                  _C1RXM1SID = 0x434
                    0x0434                  _C1RXM1SIDbits = 0x434
                    0x0434                  C1TR45CON = 0x434
                    0x0434                  _C1TR45CON = 0x434
                    0x0434                  _C1TR45CONbits = 0x434
                    0x0436                  C1RXM1EID = 0x436
                    0x0436                  _C1RXM1EID = 0x436
                    0x0436                  _C1RXM1EIDbits = 0x436
                    0x0436                  C1TR67CON = 0x436
                    0x0436                  _C1TR67CON = 0x436
                    0x0436                  _C1TR67CONbits = 0x436
                    0x0438                  C1RXM2SID = 0x438
                    0x0438                  _C1RXM2SID = 0x438
                    0x0438                  _C1RXM2SIDbits = 0x438
                    0x043a                  C1RXM2EID = 0x43a
                    0x043a                  _C1RXM2EID = 0x43a
                    0x043a                  _C1RXM2EIDbits = 0x43a
                    0x0440                  C1RXD = 0x440
                    0x0440                  _C1RXD = 0x440
                    0x0440                  C1RXF0SID = 0x440
                    0x0440                  _C1RXF0SID = 0x440
                    0x0440                  _C1RXF0SIDbits = 0x440
                    0x0442                  C1RXF0EID = 0x442
                    0x0442                  _C1RXF0EID = 0x442
                    0x0442                  _C1RXF0EIDbits = 0x442
                    0x0442                  C1TXD = 0x442
                    0x0442                  _C1TXD = 0x442
                    0x0444                  C1RXF1SID = 0x444
                    0x0444                  _C1RXF1SID = 0x444
                    0x0444                  _C1RXF1SIDbits = 0x444
                    0x0446                  C1RXF1EID = 0x446
                    0x0446                  _C1RXF1EID = 0x446
                    0x0446                  _C1RXF1EIDbits = 0x446
                    0x0448                  C1RXF2SID = 0x448
                    0x0448                  _C1RXF2SID = 0x448
                    0x0448                  _C1RXF2SIDbits = 0x448
                    0x044a                  C1RXF2EID = 0x44a
                    0x044a                  _C1RXF2EID = 0x44a
                    0x044a                  _C1RXF2EIDbits = 0x44a
                    0x044c                  C1RXF3SID = 0x44c
                    0x044c                  _C1RXF3SID = 0x44c
                    0x044c                  _C1RXF3SIDbits = 0x44c
                    0x044e                  C1RXF3EID = 0x44e
                    0x044e                  _C1RXF3EID = 0x44e
                    0x044e                  _C1RXF3EIDbits = 0x44e
                    0x0450                  C1RXF4SID = 0x450
                    0x0450                  _C1RXF4SID = 0x450
                    0x0450                  _C1RXF4SIDbits = 0x450
                    0x0452                  C1RXF4EID = 0x452
                    0x0452                  _C1RXF4EID = 0x452
                    0x0452                  _C1RXF4EIDbits = 0x452
                    0x0454                  C1RXF5SID = 0x454
                    0x0454                  _C1RXF5SID = 0x454
                    0x0454                  _C1RXF5SIDbits = 0x454
                    0x0456                  C1RXF5EID = 0x456
                    0x0456                  _C1RXF5EID = 0x456
                    0x0456                  _C1RXF5EIDbits = 0x456
                    0x0458                  C1RXF6SID = 0x458
                    0x0458                  _C1RXF6SID = 0x458
                    0x0458                  _C1RXF6SIDbits = 0x458
                    0x045a                  C1RXF6EID = 0x45a
                    0x045a                  _C1RXF6EID = 0x45a
                    0x045a                  _C1RXF6EIDbits = 0x45a
                    0x045c                  C1RXF7SID = 0x45c
                    0x045c                  _C1RXF7SID = 0x45c
                    0x045c                  _C1RXF7SIDbits = 0x45c
                    0x045e                  C1RXF7EID = 0x45e
                    0x045e                  _C1RXF7EID = 0x45e
                    0x045e                  _C1RXF7EIDbits = 0x45e
                    0x0460                  C1RXF8SID = 0x460
                    0x0460                  _C1RXF8SID = 0x460
                    0x0460                  _C1RXF8SIDbits = 0x460
                    0x0462                  C1RXF8EID = 0x462
                    0x0462                  _C1RXF8EID = 0x462
                    0x0462                  _C1RXF8EIDbits = 0x462
                    0x0464                  C1RXF9SID = 0x464
                    0x0464                  _C1RXF9SID = 0x464
                    0x0464                  _C1RXF9SIDbits = 0x464
                    0x0466                  C1RXF9EID = 0x466
                    0x0466                  _C1RXF9EID = 0x466
                    0x0466                  _C1RXF9EIDbits = 0x466
                    0x0468                  C1RXF10SID = 0x468
                    0x0468                  _C1RXF10SID = 0x468
                    0x0468                  _C1RXF10SIDbits = 0x468
                    0x046a                  C1RXF10EID = 0x46a
                    0x046a                  _C1RXF10EID = 0x46a
                    0x046a                  _C1RXF10EIDbits = 0x46a
                    0x046c                  C1RXF11SID = 0x46c
                    0x046c                  _C1RXF11SID = 0x46c
                    0x046c                  _C1RXF11SIDbits = 0x46c
                    0x046e                  C1RXF11EID = 0x46e
                    0x046e                  _C1RXF11EID = 0x46e
                    0x046e                  _C1RXF11EIDbits = 0x46e
                    0x0470                  C1RXF12SID = 0x470
                    0x0470                  _C1RXF12SID = 0x470
                    0x0470                  _C1RXF12SIDbits = 0x470
                    0x0472                  C1RXF12EID = 0x472
                    0x0472                  _C1RXF12EID = 0x472
                    0x0472                  _C1RXF12EIDbits = 0x472
                    0x0474                  C1RXF13SID = 0x474
                    0x0474                  _C1RXF13SID = 0x474
                    0x0474                  _C1RXF13SIDbits = 0x474
                    0x0476                  C1RXF13EID = 0x476
                    0x0476                  _C1RXF13EID = 0x476
                    0x0476                  _C1RXF13EIDbits = 0x476
                    0x0478                  C1RXF14SID = 0x478
                    0x0478                  _C1RXF14SID = 0x478
                    0x0478                  _C1RXF14SIDbits = 0x478
                    0x047a                  C1RXF14EID = 0x47a
                    0x047a                  _C1RXF14EID = 0x47a
                    0x047a                  _C1RXF14EIDbits = 0x47a
                    0x047c                  C1RXF15SID = 0x47c
                    0x047c                  _C1RXF15SID = 0x47c
                    0x047c                  _C1RXF15SIDbits = 0x47c
                    0x047e                  C1RXF15EID = 0x47e
                    0x047e                  _C1RXF15EID = 0x47e
                    0x047e                  _C1RXF15EIDbits = 0x47e
                    0x0640                  CRCCON1 = 0x640
                    0x0640                  _CRCCON1 = 0x640
                    0x0640                  _CRCCON1bits = 0x640
                    0x0642                  CRCCON2 = 0x642
                    0x0642                  _CRCCON2 = 0x642
                    0x0642                  _CRCCON2bits = 0x642
                    0x0644                  CRCXORL = 0x644
                    0x0644                  _CRCXORL = 0x644
                    0x0644                  _CRCXORLbits = 0x644
                    0x0646                  CRCXORH = 0x646
                    0x0646                  _CRCXORH = 0x646
                    0x0646                  _CRCXORHbits = 0x646
                    0x0648                  CRCDAT = 0x648
                    0x0648                  _CRCDAT = 0x648
                    0x0648                  CRCDATL = 0x648
                    0x0648                  _CRCDATL = 0x648
                    0x064a                  CRCDATH = 0x64a
                    0x064a                  _CRCDATH = 0x64a
                    0x064c                  CRCWDAT = 0x64c
                    0x064c                  _CRCWDAT = 0x64c
                    0x064c                  CRCWDATL = 0x64c
                    0x064c                  _CRCWDATL = 0x64c
                    0x064e                  CRCWDATH = 0x64e
                    0x064e                  _CRCWDATH = 0x64e
                    0x0680                  RPOR0 = 0x680
                    0x0680                  _RPOR0 = 0x680
                    0x0680                  _RPOR0bits = 0x680
                    0x0682                  RPOR1 = 0x682
                    0x0682                  _RPOR1 = 0x682
                    0x0682                  _RPOR1bits = 0x682
                    0x0684                  RPOR2 = 0x684
                    0x0684                  _RPOR2 = 0x684
                    0x0684                  _RPOR2bits = 0x684
                    0x0686                  RPOR3 = 0x686
                    0x0686                  _RPOR3 = 0x686
                    0x0686                  _RPOR3bits = 0x686
                    0x0688                  RPOR4 = 0x688
                    0x0688                  _RPOR4 = 0x688
                    0x0688                  _RPOR4bits = 0x688
                    0x06a0                  RPINR0 = 0x6a0
                    0x06a0                  _RPINR0 = 0x6a0
                    0x06a0                  _RPINR0bits = 0x6a0
                    0x06a2                  RPINR1 = 0x6a2
                    0x06a2                  _RPINR1 = 0x6a2
                    0x06a2                  _RPINR1bits = 0x6a2
                    0x06a6                  RPINR3 = 0x6a6
                    0x06a6                  _RPINR3 = 0x6a6
                    0x06a6                  _RPINR3bits = 0x6a6
                    0x06ae                  RPINR7 = 0x6ae
                    0x06ae                  _RPINR7 = 0x6ae
                    0x06ae                  _RPINR7bits = 0x6ae
                    0x06b0                  RPINR8 = 0x6b0
                    0x06b0                  _RPINR8 = 0x6b0
                    0x06b0                  _RPINR8bits = 0x6b0
                    0x06b6                  RPINR11 = 0x6b6
                    0x06b6                  _RPINR11 = 0x6b6
                    0x06b6                  _RPINR11bits = 0x6b6
                    0x06b8                  RPINR12 = 0x6b8
                    0x06b8                  _RPINR12 = 0x6b8
                    0x06b8                  _RPINR12bits = 0x6b8
                    0x06bc                  RPINR14 = 0x6bc
                    0x06bc                  _RPINR14 = 0x6bc
                    0x06bc                  _RPINR14bits = 0x6bc
                    0x06be                  RPINR15 = 0x6be
                    0x06be                  _RPINR15 = 0x6be
                    0x06be                  _RPINR15bits = 0x6be
                    0x06c4                  RPINR18 = 0x6c4
                    0x06c4                  _RPINR18 = 0x6c4
                    0x06c4                  _RPINR18bits = 0x6c4
                    0x06c6                  RPINR19 = 0x6c6
                    0x06c6                  _RPINR19 = 0x6c6
                    0x06c6                  _RPINR19bits = 0x6c6
                    0x06cc                  RPINR22 = 0x6cc
                    0x06cc                  _RPINR22 = 0x6cc
                    0x06cc                  _RPINR22bits = 0x6cc
                    0x06ce                  RPINR23 = 0x6ce
                    0x06ce                  _RPINR23 = 0x6ce
                    0x06ce                  _RPINR23bits = 0x6ce
                    0x06d4                  RPINR26 = 0x6d4
                    0x06d4                  _RPINR26 = 0x6d4
                    0x06d4                  _RPINR26bits = 0x6d4
                    0x06ea                  RPINR37 = 0x6ea
                    0x06ea                  _RPINR37 = 0x6ea
                    0x06ea                  _RPINR37bits = 0x6ea
                    0x06ec                  RPINR38 = 0x6ec
                    0x06ec                  _RPINR38 = 0x6ec
                    0x06ec                  _RPINR38bits = 0x6ec
                    0x06ee                  RPINR39 = 0x6ee
                    0x06ee                  _RPINR39 = 0x6ee
                    0x06ee                  _RPINR39bits = 0x6ee
                    0x0728                  NVMCON = 0x728
                    0x0728                  _NVMCON = 0x728
                    0x0728                  _NVMCONbits = 0x728
                    0x072a                  NVMADR = 0x72a
                    0x072a                  _NVMADR = 0x72a
                    0x072c                  NVMADRU = 0x72c
                    0x072c                  _NVMADRU = 0x72c
                    0x072c                  _NVMADRUbits = 0x72c
                    0x072e                  NVMKEY = 0x72e
                    0x072e                  _NVMKEY = 0x72e
                    0x0740                  RCON = 0x740
                    0x0740                  _RCON = 0x740
                    0x0740                  _RCONbits = 0x740
                    0x0742                  OSCCON = 0x742
                    0x0742                  _OSCCON = 0x742
                    0x0742                  _OSCCONbits = 0x742
                    0x0742                  OSCCONL = 0x742
                    0x0742                  _OSCCONL = 0x742
                    0x0743                  OSCCONH = 0x743
                    0x0743                  _OSCCONH = 0x743
                    0x0744                  CLKDIV = 0x744
                    0x0744                  _CLKDIV = 0x744
                    0x0744                  _CLKDIVbits = 0x744
                    0x0746                  PLLFBD = 0x746
                    0x0746                  _PLLFBD = 0x746
                    0x0746                  _PLLFBDbits = 0x746
                    0x0748                  OSCTUN = 0x748
                    0x0748                  _OSCTUN = 0x748
                    0x0748                  _OSCTUNbits = 0x748
                    0x074e                  REFOCON = 0x74e
                    0x074e                  _REFOCON = 0x74e
                    0x074e                  _REFOCONbits = 0x74e
                    0x0760                  PMD1 = 0x760
                    0x0760                  _PMD1 = 0x760
                    0x0760                  _PMD1bits = 0x760
                    0x0762                  PMD2 = 0x762
                    0x0762                  _PMD2 = 0x762
                    0x0762                  _PMD2bits = 0x762
                    0x0764                  PMD3 = 0x764
                    0x0764                  _PMD3 = 0x764
                    0x0764                  _PMD3bits = 0x764
                    0x0766                  PMD4 = 0x766
                    0x0766                  _PMD4 = 0x766
                    0x0766                  _PMD4bits = 0x766
                    0x076a                  PMD6 = 0x76a
                    0x076a                  _PMD6 = 0x76a
                    0x076a                  _PMD6bits = 0x76a
                    0x076c                  PMD7 = 0x76c
                    0x076c                  _PMD7 = 0x76c
                    0x076c                  _PMD7bits = 0x76c
                    0x0800                  IFS0 = 0x800
                    0x0800                  _IFS0 = 0x800
                    0x0800                  _IFS0bits = 0x800
                    0x0802                  IFS1 = 0x802
                    0x0802                  _IFS1 = 0x802
                    0x0802                  _IFS1bits = 0x802
                    0x0804                  IFS2 = 0x804
                    0x0804                  _IFS2 = 0x804
                    0x0804                  _IFS2bits = 0x804
                    0x0806                  IFS3 = 0x806
                    0x0806                  _IFS3 = 0x806
                    0x0806                  _IFS3bits = 0x806
                    0x0808                  IFS4 = 0x808
                    0x0808                  _IFS4 = 0x808
                    0x0808                  _IFS4bits = 0x808
                    0x080a                  IFS5 = 0x80a
                    0x080a                  _IFS5 = 0x80a
                    0x080a                  _IFS5bits = 0x80a
                    0x080c                  IFS6 = 0x80c
                    0x080c                  _IFS6 = 0x80c
                    0x080c                  _IFS6bits = 0x80c
                    0x0810                  IFS8 = 0x810
                    0x0810                  _IFS8 = 0x810
                    0x0810                  _IFS8bits = 0x810
                    0x0812                  IFS9 = 0x812
                    0x0812                  _IFS9 = 0x812
                    0x0812                  _IFS9bits = 0x812
                    0x0820                  IEC0 = 0x820
                    0x0820                  _IEC0 = 0x820
                    0x0820                  _IEC0bits = 0x820
                    0x0822                  IEC1 = 0x822
                    0x0822                  _IEC1 = 0x822
                    0x0822                  _IEC1bits = 0x822
                    0x0824                  IEC2 = 0x824
                    0x0824                  _IEC2 = 0x824
                    0x0824                  _IEC2bits = 0x824
                    0x0826                  IEC3 = 0x826
                    0x0826                  _IEC3 = 0x826
                    0x0826                  _IEC3bits = 0x826
                    0x0828                  IEC4 = 0x828
                    0x0828                  _IEC4 = 0x828
                    0x0828                  _IEC4bits = 0x828
                    0x082a                  IEC5 = 0x82a
                    0x082a                  _IEC5 = 0x82a
                    0x082a                  _IEC5bits = 0x82a
                    0x082c                  IEC6 = 0x82c
                    0x082c                  _IEC6 = 0x82c
                    0x082c                  _IEC6bits = 0x82c
                    0x0830                  IEC8 = 0x830
                    0x0830                  _IEC8 = 0x830
                    0x0830                  _IEC8bits = 0x830
                    0x0832                  IEC9 = 0x832
                    0x0832                  _IEC9 = 0x832
                    0x0832                  _IEC9bits = 0x832
                    0x0840                  IPC0 = 0x840
                    0x0840                  _IPC0 = 0x840
                    0x0840                  _IPC0bits = 0x840
                    0x0842                  IPC1 = 0x842
                    0x0842                  _IPC1 = 0x842
                    0x0842                  _IPC1bits = 0x842
                    0x0844                  IPC2 = 0x844
                    0x0844                  _IPC2 = 0x844
                    0x0844                  _IPC2bits = 0x844
                    0x0846                  IPC3 = 0x846
                    0x0846                  _IPC3 = 0x846
                    0x0846                  _IPC3bits = 0x846
                    0x0848                  IPC4 = 0x848
                    0x0848                  _IPC4 = 0x848
                    0x0848                  _IPC4bits = 0x848
                    0x084a                  IPC5 = 0x84a
                    0x084a                  _IPC5 = 0x84a
                    0x084a                  _IPC5bits = 0x84a
                    0x084c                  IPC6 = 0x84c
                    0x084c                  _IPC6 = 0x84c
                    0x084c                  _IPC6bits = 0x84c
                    0x084e                  IPC7 = 0x84e
                    0x084e                  _IPC7 = 0x84e
                    0x084e                  _IPC7bits = 0x84e
                    0x0850                  IPC8 = 0x850
                    0x0850                  _IPC8 = 0x850
                    0x0850                  _IPC8bits = 0x850
                    0x0852                  IPC9 = 0x852
                    0x0852                  _IPC9 = 0x852
                    0x0852                  _IPC9bits = 0x852
                    0x0858                  IPC12 = 0x858
                    0x0858                  _IPC12 = 0x858
                    0x0858                  _IPC12bits = 0x858
                    0x085c                  IPC14 = 0x85c
                    0x085c                  _IPC14 = 0x85c
                    0x085c                  _IPC14bits = 0x85c
                    0x0860                  IPC16 = 0x860
                    0x0860                  _IPC16 = 0x860
                    0x0860                  _IPC16bits = 0x860
                    0x0862                  IPC17 = 0x862
                    0x0862                  _IPC17 = 0x862
                    0x0862                  _IPC17bits = 0x862
                    0x0866                  IPC19 = 0x866
                    0x0866                  _IPC19 = 0x866
                    0x0866                  _IPC19bits = 0x866
                    0x086e                  IPC23 = 0x86e
                    0x086e                  _IPC23 = 0x86e
                    0x086e                  _IPC23bits = 0x86e
                    0x0870                  IPC24 = 0x870
                    0x0870                  _IPC24 = 0x870
                    0x0870                  _IPC24bits = 0x870
                    0x0886                  IPC35 = 0x886
                    0x0886                  _IPC35 = 0x886
                    0x0886                  _IPC35bits = 0x886
                    0x0888                  IPC36 = 0x888
                    0x0888                  _IPC36 = 0x888
                    0x0888                  _IPC36bits = 0x888
                    0x088a                  IPC37 = 0x88a
                    0x088a                  _IPC37 = 0x88a
                    0x088a                  _IPC37bits = 0x88a
                    0x08c0                  INTCON1 = 0x8c0
                    0x08c0                  _INTCON1 = 0x8c0
                    0x08c0                  _INTCON1bits = 0x8c0
                    0x08c2                  INTCON2 = 0x8c2
                    0x08c2                  _INTCON2 = 0x8c2
                    0x08c2                  _INTCON2bits = 0x8c2
                    0x08c4                  INTCON3 = 0x8c4
                    0x08c4                  _INTCON3 = 0x8c4
                    0x08c4                  _INTCON3bits = 0x8c4
                    0x08c6                  INTCON4 = 0x8c6
                    0x08c6                  _INTCON4 = 0x8c6
                    0x08c6                  _INTCON4bits = 0x8c6
                    0x08c8                  INTTREG = 0x8c8
                    0x08c8                  _INTTREG = 0x8c8
                    0x08c8                  _INTTREGbits = 0x8c8
                    0x0900                  OC1CON1 = 0x900
                    0x0900                  _OC1CON1 = 0x900
                    0x0900                  _OC1CON1bits = 0x900
                    0x0902                  OC1CON2 = 0x902
                    0x0902                  _OC1CON2 = 0x902
                    0x0902                  _OC1CON2bits = 0x902
                    0x0904                  OC1RS = 0x904
                    0x0904                  _OC1RS = 0x904
                    0x0906                  OC1R = 0x906
                    0x0906                  _OC1R = 0x906
                    0x0908                  OC1TMR = 0x908
                    0x0908                  _OC1TMR = 0x908
                    0x090a                  OC2CON1 = 0x90a
                    0x090a                  _OC2CON1 = 0x90a
                    0x090a                  _OC2CON1bits = 0x90a
                    0x090c                  OC2CON2 = 0x90c
                    0x090c                  _OC2CON2 = 0x90c
                    0x090c                  _OC2CON2bits = 0x90c
                    0x090e                  OC2RS = 0x90e
                    0x090e                  _OC2RS = 0x90e
                    0x0910                  OC2R = 0x910
                    0x0910                  _OC2R = 0x910
                    0x0912                  OC2TMR = 0x912
                    0x0912                  _OC2TMR = 0x912
                    0x0914                  OC3CON1 = 0x914
                    0x0914                  _OC3CON1 = 0x914
                    0x0914                  _OC3CON1bits = 0x914
                    0x0916                  OC3CON2 = 0x916
                    0x0916                  _OC3CON2 = 0x916
                    0x0916                  _OC3CON2bits = 0x916
                    0x0918                  OC3RS = 0x918
                    0x0918                  _OC3RS = 0x918
                    0x091a                  OC3R = 0x91a
                    0x091a                  _OC3R = 0x91a
                    0x091c                  OC3TMR = 0x91c
                    0x091c                  _OC3TMR = 0x91c
                    0x091e                  OC4CON1 = 0x91e
                    0x091e                  _OC4CON1 = 0x91e
                    0x091e                  _OC4CON1bits = 0x91e
                    0x0920                  OC4CON2 = 0x920
                    0x0920                  _OC4CON2 = 0x920
                    0x0920                  _OC4CON2bits = 0x920
                    0x0922                  OC4RS = 0x922
                    0x0922                  _OC4RS = 0x922
                    0x0924                  OC4R = 0x924
                    0x0924                  _OC4R = 0x924
                    0x0926                  OC4TMR = 0x926
                    0x0926                  _OC4TMR = 0x926
                    0x0a80                  CMSTAT = 0xa80
                    0x0a80                  _CMSTAT = 0xa80
                    0x0a80                  _CMSTATbits = 0xa80
                    0x0a82                  CVRCON = 0xa82
                    0x0a82                  _CVRCON = 0xa82
                    0x0a82                  _CVRCONbits = 0xa82
                    0x0a84                  CM1CON = 0xa84
                    0x0a84                  _CM1CON = 0xa84
                    0x0a84                  _CM1CONbits = 0xa84
                    0x0a86                  CM1MSKSRC = 0xa86
                    0x0a86                  _CM1MSKSRC = 0xa86
                    0x0a86                  _CM1MSKSRCbits = 0xa86
                    0x0a88                  CM1MSKCON = 0xa88
                    0x0a88                  _CM1MSKCON = 0xa88
                    0x0a88                  _CM1MSKCONbits = 0xa88
                    0x0a8a                  CM1FLTR = 0xa8a
                    0x0a8a                  _CM1FLTR = 0xa8a
                    0x0a8a                  _CM1FLTRbits = 0xa8a
                    0x0a8c                  CM2CON = 0xa8c
                    0x0a8c                  _CM2CON = 0xa8c
                    0x0a8c                  _CM2CONbits = 0xa8c
                    0x0a8e                  CM2MSKSRC = 0xa8e
                    0x0a8e                  _CM2MSKSRC = 0xa8e
                    0x0a8e                  _CM2MSKSRCbits = 0xa8e
                    0x0a90                  CM2MSKCON = 0xa90
                    0x0a90                  _CM2MSKCON = 0xa90
                    0x0a90                  _CM2MSKCONbits = 0xa90
                    0x0a92                  CM2FLTR = 0xa92
                    0x0a92                  _CM2FLTR = 0xa92
                    0x0a92                  _CM2FLTRbits = 0xa92
                    0x0a94                  CM3CON = 0xa94
                    0x0a94                  _CM3CON = 0xa94
                    0x0a94                  _CM3CONbits = 0xa94
                    0x0a96                  CM3MSKSRC = 0xa96
                    0x0a96                  _CM3MSKSRC = 0xa96
                    0x0a96                  _CM3MSKSRCbits = 0xa96
                    0x0a98                  CM3MSKCON = 0xa98
                    0x0a98                  _CM3MSKCON = 0xa98
                    0x0a98                  _CM3MSKCONbits = 0xa98
                    0x0a9a                  CM3FLTR = 0xa9a
                    0x0a9a                  _CM3FLTR = 0xa9a
                    0x0a9a                  _CM3FLTRbits = 0xa9a
                    0x0a9c                  CM4CON = 0xa9c
                    0x0a9c                  _CM4CON = 0xa9c
                    0x0a9c                  _CM4CONbits = 0xa9c
                    0x0a9e                  CM4MSKSRC = 0xa9e
                    0x0a9e                  _CM4MSKSRC = 0xa9e
                    0x0a9e                  _CM4MSKSRCbits = 0xa9e
                    0x0aa0                  CM4MSKCON = 0xaa0
                    0x0aa0                  _CM4MSKCON = 0xaa0
                    0x0aa0                  _CM4MSKCONbits = 0xaa0
                    0x0aa2                  CM4FLTR = 0xaa2
                    0x0aa2                  _CM4FLTR = 0xaa2
                    0x0aa2                  _CM4FLTRbits = 0xaa2
                    0x0ac0                  PTGCST = 0xac0
                    0x0ac0                  _PTGCST = 0xac0
                    0x0ac0                  _PTGCSTbits = 0xac0
                    0x0ac2                  PTGCON = 0xac2
                    0x0ac2                  _PTGCON = 0xac2
                    0x0ac2                  _PTGCONbits = 0xac2
                    0x0ac4                  PTGBTE = 0xac4
                    0x0ac4                  _PTGBTE = 0xac4
                    0x0ac4                  _PTGBTEbits = 0xac4