MPLINK 4.48, Linker
Linker Map File - Created Sat Aug 24 18:47:02 2013

                                 Section Info
                  Section       Type    Address   Location Size(Bytes)
                ---------  ---------  ---------  ---------  ---------
               _entry_scn       code   0x000000    program   0x000006
    HIGH_INTERRUPT_VECTOR       code   0x000008    program   0x000006
     LOW_INTERRUPT_VECTOR       code   0x000018    program   0x000006
    REMAPPED_RESET_VECTOR       code   0x001000    program   0x000006
REMAPPED_HIGH_INTERRUPT_VECTOR       code   0x001008    program   0x000006
REMAPPED_LOW_INTERRUPT_VECTOR       code   0x001018    program   0x000006
                   .cinit    romdata   0x00102a    program   0x000032
       .code_usb_device.o       code   0x00105c    program   0x0013ae
             .code_main.o       code   0x00240a    program   0x0012fa
         .code_vfprintf.o       code   0x003704    program   0x000c22
                     PROG       code   0x004326    program   0x00066c
           .code_ds1307.o       code   0x004992    program   0x000502
             .code_util.o       code   0x004e94    program   0x0003d0
         .code_keyboard.o       code   0x005264    program   0x0003be
           .code_ds1621.o       code   0x005622    program   0x0003aa
         .code_5110_lcd.o       code   0x0059cc    program   0x000396
            .code_dht11.o       code   0x005d62    program   0x0002d0
             .stringtable    romdata   0x006032    program   0x000239
    .idata_usb_device.o_i    romdata   0x00626b    program   0x000000
        .romdata_ds1621.o    romdata   0x00626b    program   0x000000
    .romdata_usb_device.o    romdata   0x00626b    program   0x000000
           .romdata_cam.o    romdata   0x00626b    program   0x000000
          .idata_uart.o_i    romdata   0x00626b    program   0x000000
      .romdata_keyboard.o    romdata   0x00626b    program   0x000000
     .idata_scancodes.o_i    romdata   0x00626b    program   0x000001
         .romdata_24cxx.o    romdata   0x00626b    program   0x000000
         .romdata_dht11.o    romdata   0x00626b    program   0x000000
          .idata_util.o_i    romdata   0x00626b    program   0x000000
          .romdata_util.o    romdata   0x00626b    program   0x000000
        .romdata_hcsr04.o    romdata   0x00626b    program   0x000000
       .romdata_sprintf.o    romdata   0x00626b    program   0x000000
      .romdata_fxd3232u.o    romdata   0x00626b    program   0x000000
    .romdata__user_putc.o    romdata   0x00626b    program   0x000000
            .code_debug.o       code   0x00626c    program   0x000228
              .code_cam.o       code   0x006494    program   0x000222
      .romdata_5110_lcd.o    romdata   0x0066b6    program   0x0001e0
        .code_scancodes.o       code   0x006896    program   0x0001ac
     .romdata_scancodes.o    romdata   0x006a42    program   0x000181
         .idata_24cxx.o_i    romdata   0x006bc3    program   0x000000
         .idata_dht11.o_i    romdata   0x006bc3    program   0x000000
        .idata_hcsr04.o_i    romdata   0x006bc3    program   0x000000
      .idata_fxd1616u.o_i    romdata   0x006bc3    program   0x000000
      .romdata_fxd1616u.o    romdata   0x006bc3    program   0x000000
        .idata___init.o_i    romdata   0x006bc3    program   0x000000
        .romdata___init.o    romdata   0x006bc3    program   0x000000
       .idata_sprintf.o_i    romdata   0x006bc3    program   0x000000
      .idata_vfprintf.o_i    romdata   0x006bc3    program   0x000000
      .idata_fxd3232u.o_i    romdata   0x006bc3    program   0x000000
       .idata_fxm3232.o_i    romdata   0x006bc3    program   0x000000
       .romdata_fxm3232.o    romdata   0x006bc3    program   0x000000
          .idata_putc.o_i    romdata   0x006bc3    program   0x000000
          .romdata_putc.o    romdata   0x006bc3    program   0x000000
    .idata__user_putc.o_i    romdata   0x006bc3    program   0x000000
         .romdata_c018i.o    romdata   0x006bc3    program   0x000000
         .idata_c018i.o_i    romdata   0x006bc3    program   0x000000
.idata_usb_function_hid.o_i    romdata   0x006bc3    program   0x000000
.romdata_usb_function_hid.o    romdata   0x006bc3    program   0x000000
.idata_usb_descriptors.o_i    romdata   0x006bc3    program   0x000000
      .idata_5110_lcd.o_i    romdata   0x006bc3    program   0x000000
           .idata_i2c.o_i    romdata   0x006bc3    program   0x000000
           .romdata_i2c.o    romdata   0x006bc3    program   0x000000
        .idata_ds1621.o_i    romdata   0x006bc3    program   0x000000
         .romdata_debug.o    romdata   0x006bc3    program   0x000000
         .idata_debug.o_i    romdata   0x006bc3    program   0x000000
        .idata_ds1307.o_i    romdata   0x006bc3    program   0x000000
        .romdata_ds1307.o    romdata   0x006bc3    program   0x000000
          .romdata_uart.o    romdata   0x006bc3    program   0x000000
  .code_usb_descriptors.o       code   0x006bc4    program   0x000000
            .code_c018i.o       code   0x006bc4    program   0x000000
                   STDLIB       code   0x006bc4    program   0x000134
           .code_hcsr04.o       code   0x006cf8    program   0x000118
              .code_i2c.o       code   0x006e10    program   0x000116
                   STRING       code   0x006f26    program   0x000114
             .code_uart.o       code   0x00703a    program   0x0000fc
 .code_usb_function_hid.o       code   0x007136    program   0x0000e6
            .code_24cxx.o       code   0x00721c    program   0x0000e6
.romdata_usb_descriptors.o    romdata   0x007302    program   0x0000ba
          .code_sprintf.o       code   0x0073bc    program   0x0000ac
               _cinit_scn       code   0x007468    program   0x00009e
             .code_putc.o       code   0x007506    program   0x000084
          .code_fxm3232.o       code   0x00758a    program   0x000070
         .code_fxd3232u.o       code   0x0075fa    program   0x000048
         .code_fxd1616u.o       code   0x007642    program   0x00002c
                    CTYPE       code   0x00766e    program   0x000024
              D1KTCYXCODE       code   0x007692    program   0x000020
                    .code       code   0x0076b2    program   0x000020
             _startup_scn       code   0x0076d2    program   0x00001c
                    STDIO       code   0x0076ee    program   0x00001c
              D10TCYXCODE       code   0x00770a    program   0x000016
      .romdata_vfprintf.o    romdata   0x007720    program   0x000011
          .romdata_main.o    romdata   0x007731    program   0x000005
       .code__user_putc.o       code   0x007736    program   0x000002
           .code___init.o       code   0x007738    program   0x000002
          .idata_main.o_i    romdata   0x00773a    program   0x000014
      .idata_keyboard.o_i    romdata   0x00774e    program   0x000002
           .idata_cam.o_i    romdata   0x007750    program   0x000009
    .config_300000_main.o    romdata   0x300000    program   0x000001
    .config_300001_main.o    romdata   0x300001    program   0x000001
    .config_300002_main.o    romdata   0x300002    program   0x000001
    .config_300003_main.o    romdata   0x300003    program   0x000001
    .config_300005_main.o    romdata   0x300005    program   0x000001
    .config_300006_main.o    romdata   0x300006    program   0x000001
    .config_300008_main.o    romdata   0x300008    program   0x000001
    .config_300009_main.o    romdata   0x300009    program   0x000001
    .config_30000a_main.o    romdata   0x30000a    program   0x000001
    .config_30000b_main.o    romdata   0x30000b    program   0x000001
    .config_30000c_main.o    romdata   0x30000c    program   0x000001
    .config_30000d_main.o    romdata   0x30000d    program   0x000001
                 .tmpdata      udata   0x000000       data   0x00001a
                MATH_DATA      udata   0x00001a       data   0x000014
  highPriorityISRCode_tmp      udata   0x00002e       data   0x000002
                DELAYDAT1      udata   0x000030       data   0x000001
           .udata_debug.o      udata   0x000060       data   0x000086
            .idata_main.o      idata   0x0000e6       data   0x000014
.udata_usb_function_hid.o      udata   0x0000fa       data   0x000002
        .idata_keyboard.o      idata   0x0000fc       data   0x000002
             .udata_i2c.o      udata   0x0000fe       data   0x000001
       .idata_scancodes.o      idata   0x0000ff       data   0x000001
            .udata_main.o      udata   0x000100       data   0x000055
      .udata_usb_device.o      udata   0x000155       data   0x000030
            .udata_util.o      udata   0x000185       data   0x000020
        .udata_keyboard.o      udata   0x0001a5       data   0x000011
           .udata_c018i.o      udata   0x0001b6       data   0x00000a
             .idata_cam.o      idata   0x0001c0       data   0x000009
           .idata_dht11.o      idata   0x0001c9       data   0x000000
            .idata_util.o      idata   0x0001c9       data   0x000000
          .udata_hcsr04.o      udata   0x0001c9       data   0x000000
          .idata_hcsr04.o      idata   0x0001c9       data   0x000000
      .udata__user_putc.o      udata   0x0001c9       data   0x000000
        .udata_fxd1616u.o      udata   0x0001c9       data   0x000000
        .idata_fxd1616u.o      idata   0x0001c9       data   0x000000
          .udata___init.o      udata   0x0001c9       data   0x000000
          .idata___init.o      idata   0x0001c9       data   0x000000
         .udata_sprintf.o      udata   0x0001c9       data   0x000000
         .idata_sprintf.o      idata   0x0001c9       data   0x000000
        .udata_vfprintf.o      udata   0x0001c9       data   0x000000
        .idata_vfprintf.o      idata   0x0001c9       data   0x000000
        .udata_fxd3232u.o      udata   0x0001c9       data   0x000000
        .idata_fxd3232u.o      idata   0x0001c9       data   0x000000
         .udata_fxm3232.o      udata   0x0001c9       data   0x000000
         .idata_fxm3232.o      idata   0x0001c9       data   0x000000
            .udata_putc.o      udata   0x0001c9       data   0x000000
            .idata_putc.o      idata   0x0001c9       data   0x000000
           .idata_debug.o      idata   0x0001c9       data   0x000000
 .udata_usb_descriptors.o      udata   0x0001c9       data   0x000000
 .idata_usb_descriptors.o      idata   0x0001c9       data   0x000000
.idata_usb_function_hid.o      idata   0x0001c9       data   0x000000
      .idata_usb_device.o      idata   0x0001c9       data   0x000000
      .idata__user_putc.o      idata   0x0001c9       data   0x000000
        .udata_5110_lcd.o      udata   0x0001c9       data   0x000000
        .idata_5110_lcd.o      idata   0x0001c9       data   0x000000
             .idata_i2c.o      idata   0x0001c9       data   0x000000
          .udata_ds1621.o      udata   0x0001c9       data   0x000000
          .idata_ds1621.o      idata   0x0001c9       data   0x000000
          .udata_ds1307.o      udata   0x0001c9       data   0x000000
          .idata_ds1307.o      idata   0x0001c9       data   0x000000
             .udata_cam.o      udata   0x0001c9       data   0x000000
            .udata_uart.o      udata   0x0001c9       data   0x000000
            .idata_uart.o      idata   0x0001c9       data   0x000000
           .idata_c018i.o      idata   0x0001c9       data   0x000000
       .udata_scancodes.o      udata   0x0001c9       data   0x000000
           .udata_24cxx.o      udata   0x0001c9       data   0x000000
           .idata_24cxx.o      idata   0x0001c9       data   0x000000
           .udata_dht11.o      udata   0x0001c9       data   0x000000
                   .stack      udata   0x000300       data   0x000100
                  USB_BDT      udata   0x000400       data   0x000036
            USB_VARIABLES      udata   0x000500       data   0x000080
            SFR_UNBANKED0      udata   0x000f62       data   0x00009e



                              Program Memory Usage 
                               Start         End      
                           ---------   ---------      
                            0x000000    0x000005      
                            0x000008    0x00000d      
                            0x000018    0x00001d      
                            0x001000    0x001005      
                            0x001008    0x00100d      
                            0x001018    0x00101d      
                            0x00102a    0x006bc2      
                            0x006bc4    0x007758      
                            0x300000    0x300003      
                            0x300005    0x300006      
                            0x300008    0x30000d      
            26462 out of 33048 program addresses used, program memory utilization is 80%



                              Symbols - Sorted by Name
                     Name    Address   Location    Storage File                     
                ---------  ---------  ---------  --------- ---------                
                   Alpha1   0x0066b6    program     extern C:\PROGRAMS\PICPROG\USB\WFF_Generic_HID_Demo_3_firmware\LCD\font.h
                   Alpha2   0x0067b0    program     extern C:\PROGRAMS\PICPROG\USB\WFF_Generic_HID_Demo_3_firmware\LCD\font.h
                    D10_1   0x00771a    program     static E:\c18v3.46\pic18-lt\cxx-framework\src\traditional\delays\d10tcyx.asm
                     D10x   0x007712    program     static E:\c18v3.46\pic18-lt\cxx-framework\src\traditional\delays\d10tcyx.asm
                    D1K_1   0x00769e    program     static E:\c18v3.46\pic18-lt\cxx-framework\src\traditional\delays\d1ktcyx.asm
                     D1Kx   0x00769c    program     static E:\c18v3.46\pic18-lt\cxx-framework\src\traditional\delays\d1ktcyx.asm
              Delay10TCYx   0x00770a    program     extern E:\c18v3.46\pic18-lt\cxx-framework\src\traditional\delays\d10tcyx.asm
              Delay1KTCYx   0x007692    program     extern E:\c18v3.46\pic18-lt\cxx-framework\src\traditional\delays\d1ktcyx.asm
                 FLO0832S   0x00432a    program     extern E:\c18v3.46\pic18-lt\cxx-framework\src\traditional\math\cast08FP.asm
                 FLO0832U   0x004326    program     extern E:\c18v3.46\pic18-lt\cxx-framework\src\traditional\math\cast08FP.asm
                 FLO1632S   0x00434c    program     extern E:\c18v3.46\pic18-lt\cxx-framework\src\traditional\math\cast16FP.asm
                 FLO1632U   0x004348    program     extern E:\c18v3.46\pic18-lt\cxx-framework\src\traditional\math\cast16FP.asm
                    FPA32   0x004374    program     extern E:\c18v3.46\pic18-lt\cxx-framework\src\traditional\math\addFP.asm
                    FPD32   0x0044a0    program     extern E:\c18v3.46\pic18-lt\cxx-framework\src\traditional\math\divFP.asm
                    FPM32   0x004546    program     extern E:\c18v3.46\pic18-lt\cxx-framework\src\traditional\math\mulFP.asm
                    FPS32   0x004372    program     extern E:\c18v3.46\pic18-lt\cxx-framework\src\traditional\math\addFP.asm
                 FXD1616U   0x007642    program     extern E:\c18v3.46\pic18-lt\cxx-framework\src\traditional\math\fxd1616u.c
                 FXD3232U   0x0075fa    program     extern E:\c18v3.46\pic18-lt\cxx-framework\src\traditional\math\fxd3232u.c
                 FXM1616S   0x004938    program     extern E:\c18v3.46\pic18-lt\cxx-framework\src\traditional\math\fxm1616s.asm
                 FXM2424U   0x004620    program     extern E:\c18v3.46\pic18-lt\cxx-framework\src\traditional\math\fxm2424u.asm
                  FXM3232   0x00758a    program     extern E:\c18v3.46\pic18-lt\cxx-framework\src\traditional\math\fxm3232.c
                 High_ISR   0x000008    program     extern C:\PROGRAMS\PICPROG\USB\WFF_Generic_HID_Demo_3_firmware\main.c
                  INT3208   0x0046b2    program     extern E:\c18v3.46\pic18-lt\cxx-framework\src\traditional\math\castFP08.asm
                  INT3216   0x004700    program     extern E:\c18v3.46\pic18-lt\cxx-framework\src\traditional\math\castFP16.asm
                  Low_ISR   0x000018    program     extern C:\PROGRAMS\PICPROG\USB\WFF_Generic_HID_Demo_3_firmware\main.c
                  OneByte   0x006ce6    program     static E:\c18v3.46\pic18-lt\cxx-framework\src\traditional\stdclib\itobcd.asm
                ProcLower   0x006c9a    program     static E:\c18v3.46\pic18-lt\cxx-framework\src\traditional\stdclib\itoa.asm
                ProcUpper   0x006c90    program     static E:\c18v3.46\pic18-lt\cxx-framework\src\traditional\stdclib\itoa.asm
        Remapped_High_ISR   0x001008    program     extern C:\PROGRAMS\PICPROG\USB\WFF_Generic_HID_Demo_3_firmware\main.c
         Remapped_Low_ISR   0x001018    program     extern C:\PROGRAMS\PICPROG\USB\WFF_Generic_HID_Demo_3_firmware\main.c
                  TAGTB32   0x00475e    program     extern E:\c18v3.46\pic18-lt\cxx-framework\src\traditional\math\gtFP.asm
                  TALTB32   0x004770    program     extern E:\c18v3.46\pic18-lt\cxx-framework\src\traditional\math\ltFP.asm
               TSIGN1616A   0x004984    program     static E:\c18v3.46\pic18-lt\cxx-framework\src\traditional\math\fxm1616s.asm
                 TstLower   0x006c84    program     static E:\c18v3.46\pic18-lt\cxx-framework\src\traditional\stdclib\itoa.asm
                 TstUpper   0x006c7e    program     static E:\c18v3.46\pic18-lt\cxx-framework\src\traditional\stdclib\itoa.asm
       USBCBCheckOtherReq   0x0035d2    program     extern C:\PROGRAMS\PICPROG\USB\WFF_Generic_HID_Demo_3_firmware\main.c
        USBCBErrorHandler   0x0035b2    program     extern C:\PROGRAMS\PICPROG\USB\WFF_Generic_HID_Demo_3_firmware\main.c
              USBCBInitEP   0x0035d8    program     extern C:\PROGRAMS\PICPROG\USB\WFF_Generic_HID_Demo_3_firmware\main.c
          USBCBSendResume   0x00362e    program     extern C:\PROGRAMS\PICPROG\USB\WFF_Generic_HID_Demo_3_firmware\main.c
    USBCBStdSetDscHandler   0x0035d6    program     extern C:\PROGRAMS\PICPROG\USB\WFF_Generic_HID_Demo_3_firmware\main.c
             USBCBSuspend   0x00358e    program     extern C:\PROGRAMS\PICPROG\USB\WFF_Generic_HID_Demo_3_firmware\main.c
     USBCBWakeFromSuspend   0x0035ae    program     extern C:\PROGRAMS\PICPROG\USB\WFF_Generic_HID_Demo_3_firmware\main.c
        USBCB_SOF_Handler   0x0035b0    program     extern C:\PROGRAMS\PICPROG\USB\WFF_Generic_HID_Demo_3_firmware\main.c
              USBCancelIO   0x00156a    program     extern C:\PROGRAMS\PICPROG\USB\WFF_Generic_HID_Demo_3_firmware\USB\usb_device.c
       USBCheckHIDRequest   0x007136    program     extern C:\PROGRAMS\PICPROG\USB\WFF_Generic_HID_Demo_3_firmware\usb_function_hid.c
       USBCheckStdRequest   0x0020b4    program     static C:\PROGRAMS\PICPROG\USB\WFF_Generic_HID_Demo_3_firmware\USB\usb_device.c
     USBConfigureEndpoint   0x00173c    program     static C:\PROGRAMS\PICPROG\USB\WFF_Generic_HID_Demo_3_firmware\USB\usb_device.c
  USBCtrlEPAllowDataStage   0x0016bc    program     extern C:\PROGRAMS\PICPROG\USB\WFF_Generic_HID_Demo_3_firmware\USB\usb_device.c
USBCtrlEPAllowStatusStage   0x00161a    program     extern C:\PROGRAMS\PICPROG\USB\WFF_Generic_HID_Demo_3_firmware\USB\usb_device.c
         USBCtrlEPService   0x001e82    program     static C:\PROGRAMS\PICPROG\USB\WFF_Generic_HID_Demo_3_firmware\USB\usb_device.c
 USBCtrlEPServiceComplete   0x0017f6    program     static C:\PROGRAMS\PICPROG\USB\WFF_Generic_HID_Demo_3_firmware\USB\usb_device.c
      USBCtrlTrfInHandler   0x001ffa    program     static C:\PROGRAMS\PICPROG\USB\WFF_Generic_HID_Demo_3_firmware\USB\usb_device.c
     USBCtrlTrfOutHandler   0x001fb0    program     static C:\PROGRAMS\PICPROG\USB\WFF_Generic_HID_Demo_3_firmware\USB\usb_device.c
      USBCtrlTrfRxService   0x001982    program     static C:\PROGRAMS\PICPROG\USB\WFF_Generic_HID_Demo_3_firmware\USB\usb_device.c
   USBCtrlTrfSetupHandler   0x001f52    program     static C:\PROGRAMS\PICPROG\USB\WFF_Generic_HID_Demo_3_firmware\USB\usb_device.c
      USBCtrlTrfTxService   0x0018b8    program     static C:\PROGRAMS\PICPROG\USB\WFF_Generic_HID_Demo_3_firmware\USB\usb_device.c
            USBDeviceInit   0x00105c    program     extern C:\PROGRAMS\PICPROG\USB\WFF_Generic_HID_Demo_3_firmware\USB\usb_device.c
           USBDeviceTasks   0x001174    program     extern C:\PROGRAMS\PICPROG\USB\WFF_Generic_HID_Demo_3_firmware\USB\usb_device.c
        USBEnableEndpoint   0x001316    program     extern C:\PROGRAMS\PICPROG\USB\WFF_Generic_HID_Demo_3_firmware\USB\usb_device.c
         USBStallEndpoint   0x00148a    program     extern C:\PROGRAMS\PICPROG\USB\WFF_Generic_HID_Demo_3_firmware\USB\usb_device.c
          USBStallHandler   0x001df8    program     static C:\PROGRAMS\PICPROG\USB\WFF_Generic_HID_Demo_3_firmware\USB\usb_device.c
  USBStdFeatureReqHandler   0x00217c    program     static C:\PROGRAMS\PICPROG\USB\WFF_Generic_HID_Demo_3_firmware\USB\usb_device.c
      USBStdGetDscHandler   0x001bc4    program     static C:\PROGRAMS\PICPROG\USB\WFF_Generic_HID_Demo_3_firmware\USB\usb_device.c
   USBStdGetStatusHandler   0x001d28    program     static C:\PROGRAMS\PICPROG\USB\WFF_Generic_HID_Demo_3_firmware\USB\usb_device.c
      USBStdSetCfgHandler   0x001ac8    program     static C:\PROGRAMS\PICPROG\USB\WFF_Generic_HID_Demo_3_firmware\USB\usb_device.c
               USBSuspend   0x001e2a    program     static C:\PROGRAMS\PICPROG\USB\WFF_Generic_HID_Demo_3_firmware\USB\usb_device.c
     USBTransferOnePacket   0x001384    program     extern C:\PROGRAMS\PICPROG\USB\WFF_Generic_HID_Demo_3_firmware\USB\usb_device.c
       USBWakeFromSuspend   0x001e54    program     static C:\PROGRAMS\PICPROG\USB\WFF_Generic_HID_Demo_3_firmware\USB\usb_device.c
               USB_CD_Ptr   0x0073ad    program     extern C:\PROGRAMS\PICPROG\USB\WFF_Generic_HID_Demo_3_firmware\usb_descriptors.c
               USB_SD_Ptr   0x0073b0    program     extern C:\PROGRAMS\PICPROG\USB\WFF_Generic_HID_Demo_3_firmware\usb_descriptors.c
USER_USB_CALLBACK_EVENT_HANDLER   0x003672    program     extern C:\PROGRAMS\PICPROG\USB\WFF_Generic_HID_Demo_3_firmware\main.c
              _2jContinue   0x006f46    program     static E:\c18v3.46\pic18-lt\cxx-framework\src\traditional\stdclib\memset.asm
                   _2jEnd   0x007024    program     static E:\c18v3.46\pic18-lt\cxx-framework\src\traditional\stdclib\slenpgm.asm
                   _3jEnd   0x006f50    program     static E:\c18v3.46\pic18-lt\cxx-framework\src\traditional\stdclib\memset.asm
        _D10TCYXCODE_000A   0x007714    program     static E:\c18v3.46\pic18-lt\cxx-framework\src\traditional\delays\d10tcyx.asm
        _D10TCYXCODE_000C   0x007716    program     static E:\c18v3.46\pic18-lt\cxx-framework\src\traditional\delays\d10tcyx.asm
        _D10TCYXCODE_000E   0x007718    program     static E:\c18v3.46\pic18-lt\cxx-framework\src\traditional\delays\d10tcyx.asm
        _D1KTCYXCODE_0010   0x0076a2    program     static E:\c18v3.46\pic18-lt\cxx-framework\src\traditional\delays\d1ktcyx.asm
        _D1KTCYXCODE_0016   0x0076a8    program     static E:\c18v3.46\pic18-lt\cxx-framework\src\traditional\delays\d1ktcyx.asm
              __FpCompare   0x004782    program     extern E:\c18v3.46\pic18-lt\cxx-framework\src\traditional\math\compFP.asm
                 __FpExit   0x004838    program     extern E:\c18v3.46\pic18-lt\cxx-framework\src\traditional\math\packFP.asm
                 __FpPack   0x004864    program     extern E:\c18v3.46\pic18-lt\cxx-framework\src\traditional\math\packFP.asm
            __FpReturnNaN   0x00482c    program     extern E:\c18v3.46\pic18-lt\cxx-framework\src\traditional\math\packFP.asm
         __FpReturnNegInf   0x00483e    program     extern E:\c18v3.46\pic18-lt\cxx-framework\src\traditional\math\packFP.asm
        __FpReturnNegZero   0x004856    program     extern E:\c18v3.46\pic18-lt\cxx-framework\src\traditional\math\packFP.asm
         __FpReturnPosInf   0x004844    program     extern E:\c18v3.46\pic18-lt\cxx-framework\src\traditional\math\packFP.asm
        __FpReturnPosZero   0x00485e    program     extern E:\c18v3.46\pic18-lt\cxx-framework\src\traditional\math\packFP.asm
        __FpReturnSignInf   0x00483a    program     extern E:\c18v3.46\pic18-lt\cxx-framework\src\traditional\math\packFP.asm
       __FpReturnSignZero   0x004852    program     extern E:\c18v3.46\pic18-lt\cxx-framework\src\traditional\math\packFP.asm
              __FpReturnW   0x0048bc    program     extern E:\c18v3.46\pic18-lt\cxx-framework\src\traditional\math\packFP.asm
              __FpUnPackA   0x0048dc    program     extern E:\c18v3.46\pic18-lt\cxx-framework\src\traditional\math\UnpackFP.asm
              __FpUnPackB   0x00490c    program     extern E:\c18v3.46\pic18-lt\cxx-framework\src\traditional\math\UnpackFP.asm
       ___return_lbl00000   0x007640    program     static                          
       ___return_lbl00000   0x001004    program     static                          
       ___return_lbl00000   0x0075f8    program     static                          
       ___return_lbl00000   0x0064b0    program     static                          
       ___return_lbl00000   0x00704e    program     static                          
       ___return_lbl00000   0x000004    program     static                          
       ___return_lbl00000   0x00766c    program     static                          
       ___return_lbl00001   0x0076ec    program     static                          
       ___return_lbl00001   0x00100c    program     static                          
       ___return_lbl00002   0x007504    program     static                          
       ___return_lbl00002   0x00101c    program     static                          
       ___return_lbl00003   0x00000c    program     static                          
       ___return_lbl00004   0x00001c    program     static                          
        ___while_lbl00001   0x0064a4    program     static                          
        ___while_lbl00001   0x00704a    program     static                          
        ___while_lbl00002   0x00704e    program     static                          
        ___while_lbl00002   0x0064b0    program     static                          
               __config_0   0x300000    program     static C:\PROGRAMS\PICPROG\USB\WFF_Generic_HID_Demo_3_firmware\main.c
               __config_1   0x300001    program     static C:\PROGRAMS\PICPROG\USB\WFF_Generic_HID_Demo_3_firmware\main.c
              __config_10   0x30000c    program     static C:\PROGRAMS\PICPROG\USB\WFF_Generic_HID_Demo_3_firmware\main.c
              __config_11   0x30000d    program     static C:\PROGRAMS\PICPROG\USB\WFF_Generic_HID_Demo_3_firmware\main.c
               __config_2   0x300002    program     static C:\PROGRAMS\PICPROG\USB\WFF_Generic_HID_Demo_3_firmware\main.c
               __config_3   0x300003    program     static C:\PROGRAMS\PICPROG\USB\WFF_Generic_HID_Demo_3_firmware\main.c
               __config_4   0x300005    program     static C:\PROGRAMS\PICPROG\USB\WFF_Generic_HID_Demo_3_firmware\main.c
               __config_5   0x300006    program     static C:\PROGRAMS\PICPROG\USB\WFF_Generic_HID_Demo_3_firmware\main.c
               __config_6   0x300008    program     static C:\PROGRAMS\PICPROG\USB\WFF_Generic_HID_Demo_3_firmware\main.c
               __config_7   0x300009    program     static C:\PROGRAMS\PICPROG\USB\WFF_Generic_HID_Demo_3_firmware\main.c
               __config_8   0x30000a    program     static C:\PROGRAMS\PICPROG\USB\WFF_Generic_HID_Demo_3_firmware\main.c
               __config_9   0x30000b    program     static C:\PROGRAMS\PICPROG\USB\WFF_Generic_HID_Demo_3_firmware\main.c
                   __init   0x007738    program     extern E:\c18v3.46\pic18-lt\cxx-framework\src\traditional\stdclib\__init.c
                   __pa_0   0x004044    program     static E:\c18v3.46\pic18-lt\cxx-framework\src\traditional\stdclib\vfprintf.c
                   __pa_1   0x00404c    program     static E:\c18v3.46\pic18-lt\cxx-framework\src\traditional\stdclib\vfprintf.c
                  __pa_10   0x004100    program     static E:\c18v3.46\pic18-lt\cxx-framework\src\traditional\stdclib\vfprintf.c
                  __pa_11   0x00410e    program     static E:\c18v3.46\pic18-lt\cxx-framework\src\traditional\stdclib\vfprintf.c
                  __pa_12   0x004124    program     static E:\c18v3.46\pic18-lt\cxx-framework\src\traditional\stdclib\vfprintf.c
                  __pa_13   0x00413e    program     static E:\c18v3.46\pic18-lt\cxx-framework\src\traditional\stdclib\vfprintf.c
                  __pa_14   0x004156    program     static E:\c18v3.46\pic18-lt\cxx-framework\src\traditional\stdclib\vfprintf.c
                  __pa_15   0x004166    program     static E:\c18v3.46\pic18-lt\cxx-framework\src\traditional\stdclib\vfprintf.c
                  __pa_16   0x00417c    program     static E:\c18v3.46\pic18-lt\cxx-framework\src\traditional\stdclib\vfprintf.c
                  __pa_17   0x00418e    program     static E:\c18v3.46\pic18-lt\cxx-framework\src\traditional\stdclib\vfprintf.c
                  __pa_18   0x0041a0    program     static E:\c18v3.46\pic18-lt\cxx-framework\src\traditional\stdclib\vfprintf.c
                  __pa_19   0x0041aa    program     static E:\c18v3.46\pic18-lt\cxx-framework\src\traditional\stdclib\vfprintf.c
                   __pa_2   0x004056    program     static E:\c18v3.46\pic18-lt\cxx-framework\src\traditional\stdclib\vfprintf.c
                  __pa_20   0x0041ba    program     static E:\c18v3.46\pic18-lt\cxx-framework\src\traditional\stdclib\vfprintf.c
                  __pa_21   0x0041ca    program     static E:\c18v3.46\pic18-lt\cxx-framework\src\traditional\stdclib\vfprintf.c
                  __pa_22   0x0041da    program     static E:\c18v3.46\pic18-lt\cxx-framework\src\traditional\stdclib\vfprintf.c
                  __pa_23   0x0041e6    program     static E:\c18v3.46\pic18-lt\cxx-framework\src\traditional\stdclib\vfprintf.c
                  __pa_24   0x0041f4    program     static E:\c18v3.46\pic18-lt\cxx-framework\src\traditional\stdclib\vfprintf.c
                  __pa_25   0x0041fc    program     static E:\c18v3.46\pic18-lt\cxx-framework\src\traditional\stdclib\vfprintf.c
                  __pa_26   0x004206    program     static E:\c18v3.46\pic18-lt\cxx-framework\src\traditional\stdclib\vfprintf.c
                  __pa_27   0x004210    program     static E:\c18v3.46\pic18-lt\cxx-framework\src\traditional\stdclib\vfprintf.c
                  __pa_28   0x004218    program     static E:\c18v3.46\pic18-lt\cxx-framework\src\traditional\stdclib\vfprintf.c
                  __pa_29   0x004226    program     static E:\c18v3.46\pic18-lt\cxx-framework\src\traditional\stdclib\vfprintf.c
                   __pa_3   0x004060    program     static E:\c18v3.46\pic18-lt\cxx-framework\src\traditional\stdclib\vfprintf.c
                  __pa_30   0x004242    program     static E:\c18v3.46\pic18-lt\cxx-framework\src\traditional\stdclib\vfprintf.c
                  __pa_31   0x00425c    program     static E:\c18v3.46\pic18-lt\cxx-framework\src\traditional\stdclib\vfprintf.c
                  __pa_32   0x004276    program     static E:\c18v3.46\pic18-lt\cxx-framework\src\traditional\stdclib\vfprintf.c
                  __pa_33   0x00428e    program     static E:\c18v3.46\pic18-lt\cxx-framework\src\traditional\stdclib\vfprintf.c
                  __pa_34   0x004298    program     static E:\c18v3.46\pic18-lt\cxx-framework\src\traditional\stdclib\vfprintf.c
                  __pa_35   0x0042a6    program     static E:\c18v3.46\pic18-lt\cxx-framework\src\traditional\stdclib\vfprintf.c
                  __pa_36   0x0042ae    program     static E:\c18v3.46\pic18-lt\cxx-framework\src\traditional\stdclib\vfprintf.c
                  __pa_37   0x0042b8    program     static E:\c18v3.46\pic18-lt\cxx-framework\src\traditional\stdclib\vfprintf.c
                  __pa_38   0x0042c8    program     static E:\c18v3.46\pic18-lt\cxx-framework\src\traditional\stdclib\vfprintf.c
                  __pa_39   0x0042d6    program     static E:\c18v3.46\pic18-lt\cxx-framework\src\traditional\stdclib\vfprintf.c
                   __pa_4   0x004078    program     static E:\c18v3.46\pic18-lt\cxx-framework\src\traditional\stdclib\vfprintf.c
                  __pa_40   0x0042e2    program     static E:\c18v3.46\pic18-lt\cxx-framework\src\traditional\stdclib\vfprintf.c
                  __pa_41   0x0042ee    program     static E:\c18v3.46\pic18-lt\cxx-framework\src\traditional\stdclib\vfprintf.c
                  __pa_42   0x0042f6    program     static E:\c18v3.46\pic18-lt\cxx-framework\src\traditional\stdclib\vfprintf.c
                  __pa_43   0x004300    program     static E:\c18v3.46\pic18-lt\cxx-framework\src\traditional\stdclib\vfprintf.c
                  __pa_44   0x004306    program     static E:\c18v3.46\pic18-lt\cxx-framework\src\traditional\stdclib\vfprintf.c
                  __pa_45   0x004310    program     static E:\c18v3.46\pic18-lt\cxx-framework\src\traditional\stdclib\vfprintf.c
                  __pa_46   0x00431c    program     static E:\c18v3.46\pic18-lt\cxx-framework\src\traditional\stdclib\vfprintf.c
                   __pa_5   0x00408c    program     static E:\c18v3.46\pic18-lt\cxx-framework\src\traditional\stdclib\vfprintf.c
                   __pa_6   0x0040a8    program     static E:\c18v3.46\pic18-lt\cxx-framework\src\traditional\stdclib\vfprintf.c
                   __pa_7   0x0040b2    program     static E:\c18v3.46\pic18-lt\cxx-framework\src\traditional\stdclib\vfprintf.c
                   __pa_8   0x0040be    program     static E:\c18v3.46\pic18-lt\cxx-framework\src\traditional\stdclib\vfprintf.c
                   __pa_9   0x0040e0    program     static E:\c18v3.46\pic18-lt\cxx-framework\src\traditional\stdclib\vfprintf.c
               __string_0   0x00624e    program     static C:\PROGRAMS\PICPROG\USB\WFF_Generic_HID_Demo_3_firmware\main.c
               __string_0   0x00625f    program     static C:\PROGRAMS\PICPROG\USB\WFF_Generic_HID_Demo_3_firmware\util.c
               __string_1   0x00623d    program     static C:\PROGRAMS\PICPROG\USB\WFF_Generic_HID_Demo_3_firmware\main.c
               __string_1   0x00625b    program     static C:\PROGRAMS\PICPROG\USB\WFF_Generic_HID_Demo_3_firmware\util.c
              __string_10   0x006183    program     static C:\PROGRAMS\PICPROG\USB\WFF_Generic_HID_Demo_3_firmware\main.c
              __string_11   0x00616a    program     static C:\PROGRAMS\PICPROG\USB\WFF_Generic_HID_Demo_3_firmware\main.c
              __string_12   0x006164    program     static C:\PROGRAMS\PICPROG\USB\WFF_Generic_HID_Demo_3_firmware\main.c
              __string_13   0x006160    program     static C:\PROGRAMS\PICPROG\USB\WFF_Generic_HID_Demo_3_firmware\main.c
              __string_14   0x006157    program     static C:\PROGRAMS\PICPROG\USB\WFF_Generic_HID_Demo_3_firmware\main.c
              __string_15   0x00614f    program     static C:\PROGRAMS\PICPROG\USB\WFF_Generic_HID_Demo_3_firmware\main.c
              __string_16   0x006146    program     static C:\PROGRAMS\PICPROG\USB\WFF_Generic_HID_Demo_3_firmware\main.c
              __string_17   0x00613f    program     static C:\PROGRAMS\PICPROG\USB\WFF_Generic_HID_Demo_3_firmware\main.c
              __string_18   0x006136    program     static C:\PROGRAMS\PICPROG\USB\WFF_Generic_HID_Demo_3_firmware\main.c
              __string_19   0x00612d    program     static C:\PROGRAMS\PICPROG\USB\WFF_Generic_HID_Demo_3_firmware\main.c
               __string_2   0x006258    program     static C:\PROGRAMS\PICPROG\USB\WFF_Generic_HID_Demo_3_firmware\util.c
               __string_2   0x006232    program     static C:\PROGRAMS\PICPROG\USB\WFF_Generic_HID_Demo_3_firmware\main.c
              __string_20   0x006123    program     static C:\PROGRAMS\PICPROG\USB\WFF_Generic_HID_Demo_3_firmware\main.c
              __string_21   0x00611c    program     static C:\PROGRAMS\PICPROG\USB\WFF_Generic_HID_Demo_3_firmware\main.c
              __string_22   0x00610e    program     static C:\PROGRAMS\PICPROG\USB\WFF_Generic_HID_Demo_3_firmware\main.c
              __string_23   0x006100    program     static C:\PROGRAMS\PICPROG\USB\WFF_Generic_HID_Demo_3_firmware\main.c
              __string_24   0x0060f2    program     static C:\PROGRAMS\PICPROG\USB\WFF_Generic_HID_Demo_3_firmware\main.c
              __string_25   0x0060e4    program     static C:\PROGRAMS\PICPROG\USB\WFF_Generic_HID_Demo_3_firmware\main.c
              __string_26   0x0060ba    program     static C:\PROGRAMS\PICPROG\USB\WFF_Generic_HID_Demo_3_firmware\main.c
              __string_27   0x00608a    program     static C:\PROGRAMS\PICPROG\USB\WFF_Generic_HID_Demo_3_firmware\main.c
              __string_28   0x00605f    program     static C:\PROGRAMS\PICPROG\USB\WFF_Generic_HID_Demo_3_firmware\main.c
              __string_29   0x006050    program     static C:\PROGRAMS\PICPROG\USB\WFF_Generic_HID_Demo_3_firmware\main.c
               __string_3   0x006224    program     static C:\PROGRAMS\PICPROG\USB\WFF_Generic_HID_Demo_3_firmware\main.c
               __string_3   0x006256    program     static C:\PROGRAMS\PICPROG\USB\WFF_Generic_HID_Demo_3_firmware\util.c
              __string_30   0x006041    program     static C:\PROGRAMS\PICPROG\USB\WFF_Generic_HID_Demo_3_firmware\main.c
              __string_31   0x006032    program     static C:\PROGRAMS\PICPROG\USB\WFF_Generic_HID_Demo_3_firmware\main.c
               __string_4   0x006253    program     static C:\PROGRAMS\PICPROG\USB\WFF_Generic_HID_Demo_3_firmware\util.c
               __string_4   0x006216    program     static C:\PROGRAMS\PICPROG\USB\WFF_Generic_HID_Demo_3_firmware\main.c
               __string_5   0x006208    program     static C:\PROGRAMS\PICPROG\USB\WFF_Generic_HID_Demo_3_firmware\main.c
               __string_6   0x0061fb    program     static C:\PROGRAMS\PICPROG\USB\WFF_Generic_HID_Demo_3_firmware\main.c
               __string_7   0x0061f0    program     static C:\PROGRAMS\PICPROG\USB\WFF_Generic_HID_Demo_3_firmware\main.c
               __string_8   0x0061d0    program     static C:\PROGRAMS\PICPROG\USB\WFF_Generic_HID_Demo_3_firmware\main.c
               __string_9   0x00619b    program     static C:\PROGRAMS\PICPROG\USB\WFF_Generic_HID_Demo_3_firmware\main.c
              __tmplbl_42   0x0041da    program     static                          
              __tmplbl_43   0x004022    program     static                          
              __tmplbl_44   0x004008    program     static                          
              __tmplbl_85   0x00375a    program     static                          
            __zero_memory   0x0076b2    program     extern E:\c18v3.46\pic18-lt\cxx-framework\src\traditional\proc\p18f4550.asm
                _do_cinit   0x007468    program     extern E:\c18v3.46\pic18-lt\cxx-framework\src\traditional\startup\c018i.c
                   _entry   0x000000    program     extern E:\c18v3.46\pic18-lt\cxx-framework\src\traditional\startup\c018i.c
                   _false   0x00763c    program     static                          
                   _reset   0x001000    program     extern C:\PROGRAMS\PICPROG\USB\WFF_Generic_HID_Demo_3_firmware\main.c
                 _startup   0x0076d2    program     extern E:\c18v3.46\pic18-lt\cxx-framework\src\traditional\startup\c018i.c
              _usart_putc   0x0076ee    program     extern E:\c18v3.46\pic18-lt\cxx-framework\src\pmc_common\USART\_usartpc.asm
               _user_putc   0x007736    program     extern E:\c18v3.46\pic18-lt\cxx-framework\src\traditional\stdclib\_user_putc.c
          applicationInit   0x002e1a    program     extern C:\PROGRAMS\PICPROG\USB\WFF_Generic_HID_Demo_3_firmware\main.c
                  bcd2bin   0x004a2a    program     extern C:\PROGRAMS\PICPROG\USB\WFF_Generic_HID_Demo_3_firmware\ds1307.c
                  bin2bcd   0x004992    program     extern C:\PROGRAMS\PICPROG\USB\WFF_Generic_HID_Demo_3_firmware\ds1307.c
               camClockAR   0x00657c    program     extern C:\PROGRAMS\PICPROG\USB\WFF_Generic_HID_Demo_3_firmware\cam.c
                camClockH   0x0064c8    program     extern C:\PROGRAMS\PICPROG\USB\WFF_Generic_HID_Demo_3_firmware\cam.c
                camClockL   0x0064c4    program     extern C:\PROGRAMS\PICPROG\USB\WFF_Generic_HID_Demo_3_firmware\cam.c
                  camInit   0x0065a8    program     extern C:\PROGRAMS\PICPROG\USB\WFF_Generic_HID_Demo_3_firmware\cam.c
               camResetAR   0x0064cc    program     extern C:\PROGRAMS\PICPROG\USB\WFF_Generic_HID_Demo_3_firmware\cam.c
        camSendRegisters1   0x0065b4    program     extern C:\PROGRAMS\PICPROG\USB\WFF_Generic_HID_Demo_3_firmware\cam.c
              camSetRegAR   0x0064de    program     extern C:\PROGRAMS\PICPROG\USB\WFF_Generic_HID_Demo_3_firmware\cam.c
               camStartAR   0x006566    program     extern C:\PROGRAMS\PICPROG\USB\WFF_Generic_HID_Demo_3_firmware\cam.c
             camStepDelay   0x006494    program     extern C:\PROGRAMS\PICPROG\USB\WFF_Generic_HID_Demo_3_firmware\cam.c
              camWaitRead   0x00658a    program     extern C:\PROGRAMS\PICPROG\USB\WFF_Generic_HID_Demo_3_firmware\cam.c
       cam_init_and_check   0x0065f0    program     extern C:\PROGRAMS\PICPROG\USB\WFF_Generic_HID_Demo_3_firmware\cam.c
                compare_l   0x0076c8    program     static E:\c18v3.46\pic18-lt\cxx-framework\src\traditional\proc\p18f4550.asm
        configDescriptor1   0x007314    program     extern C:\PROGRAMS\PICPROG\USB\WFF_Generic_HID_Demo_3_firmware\usb_descriptors.c
    copyDebugToSendBuffer   0x0063ae    program     extern C:\PROGRAMS\PICPROG\USB\WFF_Generic_HID_Demo_3_firmware\debug.c
                copy_loop   0x0074da    program     static                          
            copy_one_byte   0x0074e0    program     static                          
          debugInitialise   0x00626c    program     extern C:\PROGRAMS\PICPROG\USB\WFF_Generic_HID_Demo_3_firmware\debug.c
                 debugOut   0x00627c    program     extern C:\PROGRAMS\PICPROG\USB\WFF_Generic_HID_Demo_3_firmware\debug.c
                   decode   0x00536c    program     extern C:\PROGRAMS\PICPROG\USB\WFF_Generic_HID_Demo_3_firmware\PS2\keyboard.c
           decodeScanCode   0x006896    program     extern C:\PROGRAMS\PICPROG\USB\WFF_Generic_HID_Demo_3_firmware\PS2\scancodes.c
                 delay_ms   0x005db2    program     extern C:\PROGRAMS\PICPROG\USB\WFF_Generic_HID_Demo_3_firmware\dht11.c
                 delay_us   0x005d62    program     extern C:\PROGRAMS\PICPROG\USB\WFF_Generic_HID_Demo_3_firmware\dht11.c
               device_dsc   0x007302    program     extern C:\PROGRAMS\PICPROG\USB\WFF_Generic_HID_Demo_3_firmware\usb_descriptors.c
               dht11_read   0x005e02    program     extern C:\PROGRAMS\PICPROG\USB\WFF_Generic_HID_Demo_3_firmware\dht11.c
                     done   0x007504    program     static                          
             done_copying   0x0074ee    program     static                          
          ds1307_get_date   0x004cca    program     extern C:\PROGRAMS\PICPROG\USB\WFF_Generic_HID_Demo_3_firmware\ds1307.c
          ds1307_get_time   0x004dc8    program     extern C:\PROGRAMS\PICPROG\USB\WFF_Generic_HID_Demo_3_firmware\ds1307.c
              ds1307_init   0x004b28    program     extern C:\PROGRAMS\PICPROG\USB\WFF_Generic_HID_Demo_3_firmware\ds1307.c
     ds1307_set_date_time   0x004bb0    program     extern C:\PROGRAMS\PICPROG\USB\WFF_Generic_HID_Demo_3_firmware\ds1307.c
          ds1307_startRTC   0x004ac0    program     extern C:\PROGRAMS\PICPROG\USB\WFF_Generic_HID_Demo_3_firmware\ds1307.c
              ds1621_init   0x0056e4    program     extern C:\PROGRAMS\PICPROG\USB\WFF_Generic_HID_Demo_3_firmware\ds1621.c
         ds1621_read_temp   0x00570c    program     extern C:\PROGRAMS\PICPROG\USB\WFF_Generic_HID_Demo_3_firmware\ds1621.c
 ds1621_read_temp_precise   0x00581a    program     extern C:\PROGRAMS\PICPROG\USB\WFF_Generic_HID_Demo_3_firmware\ds1621.c
                  endloop   0x007668    program     static                          
                     ftoa   0x004e94    program     extern C:\PROGRAMS\PICPROG\USB\WFF_Generic_HID_Demo_3_firmware\util.c
                   getKey   0x00531e    program     extern C:\PROGRAMS\PICPROG\USB\WFF_Generic_HID_Demo_3_firmware\PS2\keyboard.c
           hc_getDistance   0x006cf8    program     extern C:\PROGRAMS\PICPROG\USB\WFF_Generic_HID_Demo_3_firmware\hcsr04.c
                hid_rpt01   0x007391    program     extern C:\PROGRAMS\PICPROG\USB\WFF_Generic_HID_Demo_3_firmware\usb_descriptors.c
      highPriorityISRCode   0x00240a    program     extern C:\PROGRAMS\PICPROG\USB\WFF_Generic_HID_Demo_3_firmware\main.c
                  i2c_dly   0x006e10    program     extern C:\PROGRAMS\PICPROG\USB\WFF_Generic_HID_Demo_3_firmware\i2c.c
                   i2c_rx   0x006e32    program     extern C:\PROGRAMS\PICPROG\USB\WFF_Generic_HID_Demo_3_firmware\i2c.c
                i2c_start   0x006e12    program     extern C:\PROGRAMS\PICPROG\USB\WFF_Generic_HID_Demo_3_firmware\i2c.c
                 i2c_stop   0x006e24    program     extern C:\PROGRAMS\PICPROG\USB\WFF_Generic_HID_Demo_3_firmware\i2c.c
                i2c_write   0x006ed2    program     extern C:\PROGRAMS\PICPROG\USB\WFF_Generic_HID_Demo_3_firmware\i2c.c
            initialisePic   0x002dfc    program     static C:\PROGRAMS\PICPROG\USB\WFF_Generic_HID_Demo_3_firmware\main.c
                  isdigit   0x00766e    program     extern E:\c18v3.46\pic18-lt\cxx-framework\src\traditional\stdclib\isdigit.asm
                   itoBCD   0x006ca4    program     extern E:\c18v3.46\pic18-lt\cxx-framework\src\traditional\stdclib\itobcd.asm
                     itoa   0x006bc4    program     extern E:\c18v3.46\pic18-lt\cxx-framework\src\traditional\stdclib\itoa.asm
                 jANotInf   0x00439c    program     static E:\c18v3.46\pic18-lt\cxx-framework\src\traditional\math\addFP.asm
                 jANotInf   0x0044be    program     static E:\c18v3.46\pic18-lt\cxx-framework\src\traditional\math\divFP.asm
                 jANotInf   0x004564    program     static E:\c18v3.46\pic18-lt\cxx-framework\src\traditional\math\mulFP.asm
                 jANotNeg   0x004430    program     static E:\c18v3.46\pic18-lt\cxx-framework\src\traditional\math\addFP.asm
                jANotZero   0x0044d2    program     static E:\c18v3.46\pic18-lt\cxx-framework\src\traditional\math\divFP.asm
              jAandWsetup   0x004400    program     static E:\c18v3.46\pic18-lt\cxx-framework\src\traditional\math\addFP.asm
                  jAisNeg   0x0047fe    program     static E:\c18v3.46\pic18-lt\cxx-framework\src\traditional\math\compFP.asm
                 jAltBexp   0x0043ee    program     static E:\c18v3.46\pic18-lt\cxx-framework\src\traditional\math\addFP.asm
                jBANotInf   0x004392    program     static E:\c18v3.46\pic18-lt\cxx-framework\src\traditional\math\addFP.asm
                 jBNotInf   0x0043aa    program     static E:\c18v3.46\pic18-lt\cxx-framework\src\traditional\math\addFP.asm
              jBothFinite   0x004572    program     static E:\c18v3.46\pic18-lt\cxx-framework\src\traditional\math\mulFP.asm
             jBothNotZero   0x0047a0    program     static E:\c18v3.46\pic18-lt\cxx-framework\src\traditional\math\compFP.asm
             jBothNotZero   0x00457e    program     static E:\c18v3.46\pic18-lt\cxx-framework\src\traditional\math\mulFP.asm
            jDifOrPosSign   0x0043be    program     static E:\c18v3.46\pic18-lt\cxx-framework\src\traditional\math\addFP.asm
                     jDo1   0x006c4a    program     static E:\c18v3.46\pic18-lt\cxx-framework\src\traditional\stdclib\itoa.asm
                     jDo2   0x006c46    program     static E:\c18v3.46\pic18-lt\cxx-framework\src\traditional\stdclib\itoa.asm
                     jDo3   0x006c42    program     static E:\c18v3.46\pic18-lt\cxx-framework\src\traditional\stdclib\itoa.asm
                     jDo4   0x006c3e    program     static E:\c18v3.46\pic18-lt\cxx-framework\src\traditional\stdclib\itoa.asm
                     jDo5   0x006c3a    program     static E:\c18v3.46\pic18-lt\cxx-framework\src\traditional\stdclib\itoa.asm
                      jEQ   0x0047bc    program     static E:\c18v3.46\pic18-lt\cxx-framework\src\traditional\math\compFP.asm
                     jEnd   0x006fee    program     static E:\c18v3.46\pic18-lt\cxx-framework\src\traditional\stdclib\strlen.asm
                     jEnd   0x006fd2    program     static E:\c18v3.46\pic18-lt\cxx-framework\src\traditional\stdclib\scpyp2r.asm
                     jEnd   0x006f58    program     static E:\c18v3.46\pic18-lt\cxx-framework\src\traditional\stdclib\memset.asm
                     jEnd   0x006ce2    program     static E:\c18v3.46\pic18-lt\cxx-framework\src\traditional\stdclib\itobcd.asm
                     jEnd   0x007026    program     static E:\c18v3.46\pic18-lt\cxx-framework\src\traditional\stdclib\slenpgm.asm
                    jExch   0x0047c8    program     static E:\c18v3.46\pic18-lt\cxx-framework\src\traditional\math\compFP.asm
                    jExit   0x00475c    program     static E:\c18v3.46\pic18-lt\cxx-framework\src\traditional\math\castFP16.asm
                    jExit   0x0046fe    program     static E:\c18v3.46\pic18-lt\cxx-framework\src\traditional\math\castFP08.asm
                   jExpEQ   0x00480e    program     static E:\c18v3.46\pic18-lt\cxx-framework\src\traditional\math\compFP.asm
                   jFinal   0x0047f2    program     static E:\c18v3.46\pic18-lt\cxx-framework\src\traditional\math\compFP.asm
               jFinalSign   0x004498    program     static E:\c18v3.46\pic18-lt\cxx-framework\src\traditional\math\addFP.asm
                jHaveZero   0x00457a    program     static E:\c18v3.46\pic18-lt\cxx-framework\src\traditional\math\mulFP.asm
                jI2F08Beg   0x004334    program     static E:\c18v3.46\pic18-lt\cxx-framework\src\traditional\math\cast08FP.asm
                jI2F16Beg   0x00435c    program     static E:\c18v3.46\pic18-lt\cxx-framework\src\traditional\math\cast16FP.asm
                    jLoop   0x006f3a    program     static E:\c18v3.46\pic18-lt\cxx-framework\src\traditional\stdclib\memset.asm
                    jLoop   0x006cbc    program     static E:\c18v3.46\pic18-lt\cxx-framework\src\traditional\stdclib\itobcd.asm
                    jLoop   0x006f88    program     static E:\c18v3.46\pic18-lt\cxx-framework\src\traditional\stdclib\strcat.asm
                    jLoop   0x0044fa    program     static E:\c18v3.46\pic18-lt\cxx-framework\src\traditional\math\divFP.asm
                    jLoop   0x006fc8    program     static E:\c18v3.46\pic18-lt\cxx-framework\src\traditional\stdclib\scpyp2r.asm
                    jLoop   0x006fe4    program     static E:\c18v3.46\pic18-lt\cxx-framework\src\traditional\stdclib\strlen.asm
                    jLoop   0x0046e6    program     static E:\c18v3.46\pic18-lt\cxx-framework\src\traditional\math\castFP08.asm
                    jLoop   0x00700e    program     static E:\c18v3.46\pic18-lt\cxx-framework\src\traditional\stdclib\slenpgm.asm
                    jLoop   0x00473c    program     static E:\c18v3.46\pic18-lt\cxx-framework\src\traditional\math\castFP16.asm
                jLoopExit   0x0046f4    program     static E:\c18v3.46\pic18-lt\cxx-framework\src\traditional\math\castFP08.asm
                jLoopExit   0x00474c    program     static E:\c18v3.46\pic18-lt\cxx-framework\src\traditional\math\castFP16.asm
                   jMatch   0x00768e    program     static E:\c18v3.46\pic18-lt\cxx-framework\src\traditional\stdclib\isdigit.asm
                     jMax   0x004710    program     static E:\c18v3.46\pic18-lt\cxx-framework\src\traditional\math\castFP16.asm
                     jMax   0x0046c2    program     static E:\c18v3.46\pic18-lt\cxx-framework\src\traditional\math\castFP08.asm
                  jMaxNeg   0x00471e    program     static E:\c18v3.46\pic18-lt\cxx-framework\src\traditional\math\castFP16.asm
                  jMaxNeg   0x0046cc    program     static E:\c18v3.46\pic18-lt\cxx-framework\src\traditional\math\castFP08.asm
                  jMaxPos   0x0046c6    program     static E:\c18v3.46\pic18-lt\cxx-framework\src\traditional\math\castFP08.asm
                  jMaxPos   0x004714    program     static E:\c18v3.46\pic18-lt\cxx-framework\src\traditional\math\castFP16.asm
                      jNE   0x0047c0    program     static E:\c18v3.46\pic18-lt\cxx-framework\src\traditional\math\compFP.asm
                    jNext   0x004520    program     static E:\c18v3.46\pic18-lt\cxx-framework\src\traditional\math\divFP.asm
                jNoAdjust   0x00451e    program     static E:\c18v3.46\pic18-lt\cxx-framework\src\traditional\math\divFP.asm
                  jNoExch   0x0047e8    program     static E:\c18v3.46\pic18-lt\cxx-framework\src\traditional\math\compFP.asm
                 jNoMatch   0x007690    program     static E:\c18v3.46\pic18-lt\cxx-framework\src\traditional\stdclib\isdigit.asm
             jNotBothZero   0x0043c2    program     static E:\c18v3.46\pic18-lt\cxx-framework\src\traditional\math\addFP.asm
                  jNotInf   0x0046d6    program     static E:\c18v3.46\pic18-lt\cxx-framework\src\traditional\math\castFP08.asm
                  jNotInf   0x00472c    program     static E:\c18v3.46\pic18-lt\cxx-framework\src\traditional\math\castFP16.asm
                jNullLoop   0x006f82    program     static E:\c18v3.46\pic18-lt\cxx-framework\src\traditional\stdclib\strcat.asm
                  jPkLoop   0x004872    program     static E:\c18v3.46\pic18-lt\cxx-framework\src\traditional\math\packFP.asm
             jPkRoundDone   0x0048bc    program     static E:\c18v3.46\pic18-lt\cxx-framework\src\traditional\math\packFP.asm
               jPkRoundIt   0x0048a4    program     static E:\c18v3.46\pic18-lt\cxx-framework\src\traditional\math\packFP.asm
             jPkShiftDone   0x00488e    program     static E:\c18v3.46\pic18-lt\cxx-framework\src\traditional\math\packFP.asm
           jReturnPosInf0   0x004848    program     static E:\c18v3.46\pic18-lt\cxx-framework\src\traditional\math\packFP.asm
                  jRotate   0x00481a    program     static E:\c18v3.46\pic18-lt\cxx-framework\src\traditional\math\compFP.asm
                   jShift   0x004804    program     static E:\c18v3.46\pic18-lt\cxx-framework\src\traditional\math\compFP.asm
               jShiftDone   0x004458    program     static E:\c18v3.46\pic18-lt\cxx-framework\src\traditional\math\addFP.asm
               jShiftLoop   0x00444a    program     static E:\c18v3.46\pic18-lt\cxx-framework\src\traditional\math\addFP.asm
                jSignDone   0x004488    program     static E:\c18v3.46\pic18-lt\cxx-framework\src\traditional\math\addFP.asm
              jSignedZero   0x0044c8    program     static E:\c18v3.46\pic18-lt\cxx-framework\src\traditional\math\divFP.asm
                 jSignsEQ   0x0047a4    program     static E:\c18v3.46\pic18-lt\cxx-framework\src\traditional\math\compFP.asm
                jTstLowZ1   0x006c8e    program     static E:\c18v3.46\pic18-lt\cxx-framework\src\traditional\stdclib\itoa.asm
                jTstSign1   0x006bf0    program     static E:\c18v3.46\pic18-lt\cxx-framework\src\traditional\stdclib\itoa.asm
                  jUnpkA1   0x0048e6    program     static E:\c18v3.46\pic18-lt\cxx-framework\src\traditional\math\UnpackFP.asm
                  jUnpkA2   0x0048fe    program     static E:\c18v3.46\pic18-lt\cxx-framework\src\traditional\math\UnpackFP.asm
                 jUnpkANZ   0x0048f4    program     static E:\c18v3.46\pic18-lt\cxx-framework\src\traditional\math\UnpackFP.asm
                  jUnpkB1   0x004916    program     static E:\c18v3.46\pic18-lt\cxx-framework\src\traditional\math\UnpackFP.asm
                  jUnpkB2   0x00492e    program     static E:\c18v3.46\pic18-lt\cxx-framework\src\traditional\math\UnpackFP.asm
                 jUnpkBNZ   0x004924    program     static E:\c18v3.46\pic18-lt\cxx-framework\src\traditional\math\UnpackFP.asm
                 jUnpkNaN   0x004908    program     static E:\c18v3.46\pic18-lt\cxx-framework\src\traditional\math\UnpackFP.asm
                 jWNotNeg   0x004444    program     static E:\c18v3.46\pic18-lt\cxx-framework\src\traditional\math\addFP.asm
                    jZero   0x004726    program     static E:\c18v3.46\pic18-lt\cxx-framework\src\traditional\math\castFP16.asm
                    jZero   0x0046d2    program     static E:\c18v3.46\pic18-lt\cxx-framework\src\traditional\math\castFP08.asm
               jZero1and2   0x00484c    program     static E:\c18v3.46\pic18-lt\cxx-framework\src\traditional\math\packFP.asm
             keyboardInit   0x005424    program     extern C:\PROGRAMS\PICPROG\USB\WFF_Generic_HID_Demo_3_firmware\PS2\keyboard.c
           lcd_5110_black   0x005a8a    program     extern C:\PROGRAMS\PICPROG\USB\WFF_Generic_HID_Demo_3_firmware\LCD\5110_lcd.c
             lcd_5110_cls   0x005a26    program     extern C:\PROGRAMS\PICPROG\USB\WFF_Generic_HID_Demo_3_firmware\LCD\5110_lcd.c
            lcd_5110_init   0x005aee    program     extern C:\PROGRAMS\PICPROG\USB\WFF_Generic_HID_Demo_3_firmware\LCD\5110_lcd.c
            lcd_5110_send   0x0059cc    program     extern C:\PROGRAMS\PICPROG\USB\WFF_Generic_HID_Demo_3_firmware\LCD\5110_lcd.c
                 lcd_char   0x005ba8    program     extern C:\PROGRAMS\PICPROG\USB\WFF_Generic_HID_Demo_3_firmware\LCD\5110_lcd.c
           lcd_string_ram   0x005d0a    program     extern C:\PROGRAMS\PICPROG\USB\WFF_Generic_HID_Demo_3_firmware\LCD\5110_lcd.c
           lcd_string_rom   0x005c9a    program     extern C:\PROGRAMS\PICPROG\USB\WFF_Generic_HID_Demo_3_firmware\LCD\5110_lcd.c
                     loop   0x0076e2    program     static                          
                     loop   0x007608    program     static                          
                     loop   0x0076fe    program     static E:\c18v3.46\pic18-lt\cxx-framework\src\pmc_common\USART\_usartpc.asm
                     loop   0x00764c    program     static                          
                   loop_h   0x0076c0    program     static E:\c18v3.46\pic18-lt\cxx-framework\src\traditional\proc\p18f4550.asm
                   loop_l   0x0076ca    program     static E:\c18v3.46\pic18-lt\cxx-framework\src\traditional\proc\p18f4550.asm
       lowPriorityISRCode   0x002540    program     extern C:\PROGRAMS\PICPROG\USB\WFF_Generic_HID_Demo_3_firmware\main.c
                     main   0x002566    program     extern C:\PROGRAMS\PICPROG\USB\WFF_Generic_HID_Demo_3_firmware\main.c
                   memset   0x006f26    program     extern E:\c18v3.46\pic18-lt\cxx-framework\src\traditional\stdclib\memset.asm
                   parity   0x005264    program     extern C:\PROGRAMS\PICPROG\USB\WFF_Generic_HID_Demo_3_firmware\PS2\keyboard.c
       processKeyboardISR   0x00545c    program     extern C:\PROGRAMS\PICPROG\USB\WFF_Generic_HID_Demo_3_firmware\PS2\keyboard.c
       processUsbCommands   0x002e26    program     extern C:\PROGRAMS\PICPROG\USB\WFF_Generic_HID_Demo_3_firmware\main.c
                   putKey   0x0052be    program     extern C:\PROGRAMS\PICPROG\USB\WFF_Generic_HID_Demo_3_firmware\PS2\keyboard.c
                     putc   0x007506    program     extern E:\c18v3.46\pic18-lt\cxx-framework\src\traditional\stdclib\putc.c
               read_24Cxx   0x007298    program     extern C:\PROGRAMS\PICPROG\USB\WFF_Generic_HID_Demo_3_firmware\24cxx.c
                 s_digits   0x007720    program     static E:\c18v3.46\pic18-lt\cxx-framework\src\traditional\stdclib\vfprintf.c
            s_put_n_chars   0x003704    program     static E:\c18v3.46\pic18-lt\cxx-framework\src\traditional\stdclib\vfprintf.c
            scan_to_ascii   0x006a42    program     extern C:\PROGRAMS\PICPROG\USB\WFF_Generic_HID_Demo_3_firmware\PS2\scancodes.c
                    sd000   0x00733d    program     extern C:\PROGRAMS\PICPROG\USB\WFF_Generic_HID_Demo_3_firmware\usb_descriptors.c
                    sd001   0x007341    program     extern C:\PROGRAMS\PICPROG\USB\WFF_Generic_HID_Demo_3_firmware\usb_descriptors.c
                    sd002   0x007357    program     extern C:\PROGRAMS\PICPROG\USB\WFF_Generic_HID_Demo_3_firmware\usb_descriptors.c
                    sd003   0x007381    program     extern C:\PROGRAMS\PICPROG\USB\WFF_Generic_HID_Demo_3_firmware\usb_descriptors.c
      sendKeyboardCommand   0x005490    program     extern C:\PROGRAMS\PICPROG\USB\WFF_Generic_HID_Demo_3_firmware\PS2\keyboard.c
                  sprintf   0x0073bc    program     extern E:\c18v3.46\pic18-lt\cxx-framework\src\traditional\stdclib\sprintf.c
                   strcat   0x006f5a    program     extern E:\c18v3.46\pic18-lt\cxx-framework\src\traditional\stdclib\strcat.asm
            strcpypgm2ram   0x006fa2    program     extern E:\c18v3.46\pic18-lt\cxx-framework\src\traditional\stdclib\scpyp2r.asm
                   strlen   0x006fd4    program     extern E:\c18v3.46\pic18-lt\cxx-framework\src\traditional\stdclib\strlen.asm
                strlenpgm   0x006ff0    program     extern E:\c18v3.46\pic18-lt\cxx-framework\src\traditional\stdclib\slenpgm.asm
              temp_config   0x005622    program     extern C:\PROGRAMS\PICPROG\USB\WFF_Generic_HID_Demo_3_firmware\ds1621.c
                     test   0x007482    program     static                          
                     test   0x007731    program     extern C:\PROGRAMS\PICPROG\USB\WFF_Generic_HID_Demo_3_firmware\main.c
                uart_init   0x00711c    program     extern C:\PROGRAMS\PICPROG\USB\WFF_Generic_HID_Demo_3_firmware\uart.c
             uart_rx_data   0x007112    program     extern C:\PROGRAMS\PICPROG\USB\WFF_Generic_HID_Demo_3_firmware\uart.c
             uart_tx_data   0x00703a    program     extern C:\PROGRAMS\PICPROG\USB\WFF_Generic_HID_Demo_3_firmware\uart.c
       uart_tx_string_ram   0x007056    program     extern C:\PROGRAMS\PICPROG\USB\WFF_Generic_HID_Demo_3_firmware\uart.c
       uart_tx_string_rom   0x0070a8    program     extern C:\PROGRAMS\PICPROG\USB\WFF_Generic_HID_Demo_3_firmware\uart.c
                 vfprintf   0x003730    program     extern E:\c18v3.46\pic18-lt\cxx-framework\src\traditional\stdclib\vfprintf.c
              write_24Cxx   0x00721c    program     extern C:\PROGRAMS\PICPROG\USB\WFF_Generic_HID_Demo_3_firmware\24cxx.c
               zero_block   0x0076c0    program     static E:\c18v3.46\pic18-lt\cxx-framework\src\traditional\proc\p18f4550.asm
                   ADCON0   0x000fc2       data     extern E:\c18v3.46\pic18-lt\cxx-framework\src\traditional\proc\p18f4550.asm
               ADCON0bits   0x000fc2       data     extern E:\c18v3.46\pic18-lt\cxx-framework\src\traditional\proc\p18f4550.asm
                   ADCON1   0x000fc1       data     extern E:\c18v3.46\pic18-lt\cxx-framework\src\traditional\proc\p18f4550.asm
               ADCON1bits   0x000fc1       data     extern E:\c18v3.46\pic18-lt\cxx-framework\src\traditional\proc\p18f4550.asm
                   ADCON2   0x000fc0       data     extern E:\c18v3.46\pic18-lt\cxx-framework\src\traditional\proc\p18f4550.asm
               ADCON2bits   0x000fc0       data     extern E:\c18v3.46\pic18-lt\cxx-framework\src\traditional\proc\p18f4550.asm
                    ADRES   0x000fc3       data     extern E:\c18v3.46\pic18-lt\cxx-framework\src\traditional\proc\p18f4550.asm
                   ADRESH   0x000fc4       data     extern E:\c18v3.46\pic18-lt\cxx-framework\src\traditional\proc\p18f4550.asm
                   ADRESL   0x000fc3       data     extern E:\c18v3.46\pic18-lt\cxx-framework\src\traditional\proc\p18f4550.asm
                  BAUDCON   0x000fb8       data     extern E:\c18v3.46\pic18-lt\cxx-framework\src\traditional\proc\p18f4550.asm
              BAUDCONbits   0x000fb8       data     extern E:\c18v3.46\pic18-lt\cxx-framework\src\traditional\proc\p18f4550.asm
                  BAUDCTL   0x000fb8       data     extern E:\c18v3.46\pic18-lt\cxx-framework\src\traditional\proc\p18f4550.asm
              BAUDCTLbits   0x000fb8       data     extern E:\c18v3.46\pic18-lt\cxx-framework\src\traditional\proc\p18f4550.asm
                      BDT   0x000400       data     extern C:\PROGRAMS\PICPROG\USB\WFF_Generic_HID_Demo_3_firmware\USB\usb_device.c
                      BSR   0x000fe0       data     extern E:\c18v3.46\pic18-lt\cxx-framework\src\traditional\proc\p18f4550.asm
       BothEP0OutUOWNsSet   0x00017a       data     extern C:\PROGRAMS\PICPROG\USB\WFF_Generic_HID_Demo_3_firmware\USB\usb_device.c
                   CCP1AS   0x000fb6       data     extern E:\c18v3.46\pic18-lt\cxx-framework\src\traditional\proc\p18f4550.asm
               CCP1ASbits   0x000fb6       data     extern E:\c18v3.46\pic18-lt\cxx-framework\src\traditional\proc\p18f4550.asm
                  CCP1CON   0x000fbd       data     extern E:\c18v3.46\pic18-lt\cxx-framework\src\traditional\proc\p18f4550.asm
              CCP1CONbits   0x000fbd       data     extern E:\c18v3.46\pic18-lt\cxx-framework\src\traditional\proc\p18f4550.asm
                  CCP1DEL   0x000fb7       data     extern E:\c18v3.46\pic18-lt\cxx-framework\src\traditional\proc\p18f4550.asm
              CCP1DELbits   0x000fb7       data     extern E:\c18v3.46\pic18-lt\cxx-framework\src\traditional\proc\p18f4550.asm
                  CCP2CON   0x000fba       data     extern E:\c18v3.46\pic18-lt\cxx-framework\src\traditional\proc\p18f4550.asm
              CCP2CONbits   0x000fba       data     extern E:\c18v3.46\pic18-lt\cxx-framework\src\traditional\proc\p18f4550.asm
                    CCPR1   0x000fbe       data     extern E:\c18v3.46\pic18-lt\cxx-framework\src\traditional\proc\p18f4550.asm
                   CCPR1H   0x000fbf       data     extern E:\c18v3.46\pic18-lt\cxx-framework\src\traditional\proc\p18f4550.asm
                   CCPR1L   0x000fbe       data     extern E:\c18v3.46\pic18-lt\cxx-framework\src\traditional\proc\p18f4550.asm
                    CCPR2   0x000fbb       data     extern E:\c18v3.46\pic18-lt\cxx-framework\src\traditional\proc\p18f4550.asm
                   CCPR2H   0x000fbc       data     extern E:\c18v3.46\pic18-lt\cxx-framework\src\traditional\proc\p18f4550.asm
                   CCPR2L   0x000fbb       data     extern E:\c18v3.46\pic18-lt\cxx-framework\src\traditional\proc\p18f4550.asm
                    CMCON   0x000fb4       data     extern E:\c18v3.46\pic18-lt\cxx-framework\src\traditional\proc\p18f4550.asm
                CMCONbits   0x000fb4       data     extern E:\c18v3.46\pic18-lt\cxx-framework\src\traditional\proc\p18f4550.asm
                   CVRCON   0x000fb5       data     extern E:\c18v3.46\pic18-lt\cxx-framework\src\traditional\proc\p18f4550.asm
               CVRCONbits   0x000fb5       data     extern E:\c18v3.46\pic18-lt\cxx-framework\src\traditional\proc\p18f4550.asm
              CtrlTrfData   0x000428       data     extern C:\PROGRAMS\PICPROG\USB\WFF_Generic_HID_Demo_3_firmware\USB\usb_device.c
                     DDRA   0x000f92       data     extern E:\c18v3.46\pic18-lt\cxx-framework\src\traditional\proc\p18f4550.asm
                 DDRAbits   0x000f92       data     extern E:\c18v3.46\pic18-lt\cxx-framework\src\traditional\proc\p18f4550.asm
                     DDRB   0x000f93       data     extern E:\c18v3.46\pic18-lt\cxx-framework\src\traditional\proc\p18f4550.asm
                 DDRBbits   0x000f93       data     extern E:\c18v3.46\pic18-lt\cxx-framework\src\traditional\proc\p18f4550.asm
                     DDRC   0x000f94       data     extern E:\c18v3.46\pic18-lt\cxx-framework\src\traditional\proc\p18f4550.asm
                 DDRCbits   0x000f94       data     extern E:\c18v3.46\pic18-lt\cxx-framework\src\traditional\proc\p18f4550.asm
                     DDRD   0x000f95       data     extern E:\c18v3.46\pic18-lt\cxx-framework\src\traditional\proc\p18f4550.asm
                 DDRDbits   0x000f95       data     extern E:\c18v3.46\pic18-lt\cxx-framework\src\traditional\proc\p18f4550.asm
                     DDRE   0x000f96       data     extern E:\c18v3.46\pic18-lt\cxx-framework\src\traditional\proc\p18f4550.asm
                 DDREbits   0x000f96       data     extern E:\c18v3.46\pic18-lt\cxx-framework\src\traditional\proc\p18f4550.asm
            DelayCounter1   0x000030       data     extern E:\c18v3.46\pic18-lt\cxx-framework\src\traditional\delays\delayd1.asm
                  ECCP1AS   0x000fb6       data     extern E:\c18v3.46\pic18-lt\cxx-framework\src\traditional\proc\p18f4550.asm
              ECCP1ASbits   0x000fb6       data     extern E:\c18v3.46\pic18-lt\cxx-framework\src\traditional\proc\p18f4550.asm
                 ECCP1CON   0x000fbd       data     extern E:\c18v3.46\pic18-lt\cxx-framework\src\traditional\proc\p18f4550.asm
             ECCP1CONbits   0x000fbd       data     extern E:\c18v3.46\pic18-lt\cxx-framework\src\traditional\proc\p18f4550.asm
                 ECCP1DEL   0x000fb7       data     extern E:\c18v3.46\pic18-lt\cxx-framework\src\traditional\proc\p18f4550.asm
             ECCP1DELbits   0x000fb7       data     extern E:\c18v3.46\pic18-lt\cxx-framework\src\traditional\proc\p18f4550.asm
                    EEADR   0x000fa9       data     extern E:\c18v3.46\pic18-lt\cxx-framework\src\traditional\proc\p18f4550.asm
                   EECON1   0x000fa6       data     extern E:\c18v3.46\pic18-lt\cxx-framework\src\traditional\proc\p18f4550.asm
               EECON1bits   0x000fa6       data     extern E:\c18v3.46\pic18-lt\cxx-framework\src\traditional\proc\p18f4550.asm
                   EECON2   0x000fa7       data     extern E:\c18v3.46\pic18-lt\cxx-framework\src\traditional\proc\p18f4550.asm
                   EEDATA   0x000fa8       data     extern E:\c18v3.46\pic18-lt\cxx-framework\src\traditional\proc\p18f4550.asm
                     FSR0   0x000fe9       data     extern E:\c18v3.46\pic18-lt\cxx-framework\src\traditional\proc\p18f4550.asm
                    FSR0H   0x000fea       data     extern E:\c18v3.46\pic18-lt\cxx-framework\src\traditional\proc\p18f4550.asm
                    FSR0L   0x000fe9       data     extern E:\c18v3.46\pic18-lt\cxx-framework\src\traditional\proc\p18f4550.asm
                     FSR1   0x000fe1       data     extern E:\c18v3.46\pic18-lt\cxx-framework\src\traditional\proc\p18f4550.asm
                    FSR1H   0x000fe2       data     extern E:\c18v3.46\pic18-lt\cxx-framework\src\traditional\proc\p18f4550.asm
                    FSR1L   0x000fe1       data     extern E:\c18v3.46\pic18-lt\cxx-framework\src\traditional\proc\p18f4550.asm
                     FSR2   0x000fd9       data     extern E:\c18v3.46\pic18-lt\cxx-framework\src\traditional\proc\p18f4550.asm
                    FSR2H   0x000fda       data     extern E:\c18v3.46\pic18-lt\cxx-framework\src\traditional\proc\p18f4550.asm
                    FSR2L   0x000fd9       data     extern E:\c18v3.46\pic18-lt\cxx-framework\src\traditional\proc\p18f4550.asm
                  HLVDCON   0x000fd2       data     extern E:\c18v3.46\pic18-lt\cxx-framework\src\traditional\proc\p18f4550.asm
              HLVDCONbits   0x000fd2       data     extern E:\c18v3.46\pic18-lt\cxx-framework\src\traditional\proc\p18f4550.asm
                    INDF0   0x000fef       data     extern E:\c18v3.46\pic18-lt\cxx-framework\src\traditional\proc\p18f4550.asm
                    INDF1   0x000fe7       data     extern E:\c18v3.46\pic18-lt\cxx-framework\src\traditional\proc\p18f4550.asm
                    INDF2   0x000fdf       data     extern E:\c18v3.46\pic18-lt\cxx-framework\src\traditional\proc\p18f4550.asm
                   INTCON   0x000ff2       data     extern E:\c18v3.46\pic18-lt\cxx-framework\src\traditional\proc\p18f4550.asm
                  INTCON2   0x000ff1       data     extern E:\c18v3.46\pic18-lt\cxx-framework\src\traditional\proc\p18f4550.asm
              INTCON2bits   0x000ff1       data     extern E:\c18v3.46\pic18-lt\cxx-framework\src\traditional\proc\p18f4550.asm
                  INTCON3   0x000ff0       data     extern E:\c18v3.46\pic18-lt\cxx-framework\src\traditional\proc\p18f4550.asm
              INTCON3bits   0x000ff0       data     extern E:\c18v3.46\pic18-lt\cxx-framework\src\traditional\proc\p18f4550.asm
               INTCONbits   0x000ff2       data     extern E:\c18v3.46\pic18-lt\cxx-framework\src\traditional\proc\p18f4550.asm
                     IPR1   0x000f9f       data     extern E:\c18v3.46\pic18-lt\cxx-framework\src\traditional\proc\p18f4550.asm
                 IPR1bits   0x000f9f       data     extern E:\c18v3.46\pic18-lt\cxx-framework\src\traditional\proc\p18f4550.asm
                     IPR2   0x000fa2       data     extern E:\c18v3.46\pic18-lt\cxx-framework\src\traditional\proc\p18f4550.asm
                 IPR2bits   0x000fa2       data     extern E:\c18v3.46\pic18-lt\cxx-framework\src\traditional\proc\p18f4550.asm
                     LATA   0x000f89       data     extern E:\c18v3.46\pic18-lt\cxx-framework\src\traditional\proc\p18f4550.asm
                 LATAbits   0x000f89       data     extern E:\c18v3.46\pic18-lt\cxx-framework\src\traditional\proc\p18f4550.asm
                     LATB   0x000f8a       data     extern E:\c18v3.46\pic18-lt\cxx-framework\src\traditional\proc\p18f4550.asm
                 LATBbits   0x000f8a       data     extern E:\c18v3.46\pic18-lt\cxx-framework\src\traditional\proc\p18f4550.asm
                     LATC   0x000f8b       data     extern E:\c18v3.46\pic18-lt\cxx-framework\src\traditional\proc\p18f4550.asm
                 LATCbits   0x000f8b       data     extern E:\c18v3.46\pic18-lt\cxx-framework\src\traditional\proc\p18f4550.asm
                     LATD   0x000f8c       data     extern E:\c18v3.46\pic18-lt\cxx-framework\src\traditional\proc\p18f4550.asm
                 LATDbits   0x000f8c       data     extern E:\c18v3.46\pic18-lt\cxx-framework\src\traditional\proc\p18f4550.asm
                     LATE   0x000f8d       data     extern E:\c18v3.46\pic18-lt\cxx-framework\src\traditional\proc\p18f4550.asm
                 LATEbits   0x000f8d       data     extern E:\c18v3.46\pic18-lt\cxx-framework\src\traditional\proc\p18f4550.asm
                   LVDCON   0x000fd2       data     extern E:\c18v3.46\pic18-lt\cxx-framework\src\traditional\proc\p18f4550.asm
               LVDCONbits   0x000fd2       data     extern E:\c18v3.46\pic18-lt\cxx-framework\src\traditional\proc\p18f4550.asm
                   OSCCON   0x000fd3       data     extern E:\c18v3.46\pic18-lt\cxx-framework\src\traditional\proc\p18f4550.asm
               OSCCONbits   0x000fd3       data     extern E:\c18v3.46\pic18-lt\cxx-framework\src\traditional\proc\p18f4550.asm
                  OSCTUNE   0x000f9b       data     extern E:\c18v3.46\pic18-lt\cxx-framework\src\traditional\proc\p18f4550.asm
              OSCTUNEbits   0x000f9b       data     extern E:\c18v3.46\pic18-lt\cxx-framework\src\traditional\proc\p18f4550.asm
                       PC   0x000ff9       data     extern E:\c18v3.46\pic18-lt\cxx-framework\src\traditional\proc\p18f4550.asm
                      PCL   0x000ff9       data     extern E:\c18v3.46\pic18-lt\cxx-framework\src\traditional\proc\p18f4550.asm
                   PCLATH   0x000ffa       data     extern E:\c18v3.46\pic18-lt\cxx-framework\src\traditional\proc\p18f4550.asm
                   PCLATU   0x000ffb       data     extern E:\c18v3.46\pic18-lt\cxx-framework\src\traditional\proc\p18f4550.asm
                     PIE1   0x000f9d       data     extern E:\c18v3.46\pic18-lt\cxx-framework\src\traditional\proc\p18f4550.asm
                 PIE1bits   0x000f9d       data     extern E:\c18v3.46\pic18-lt\cxx-framework\src\traditional\proc\p18f4550.asm
                     PIE2   0x000fa0       data     extern E:\c18v3.46\pic18-lt\cxx-framework\src\traditional\proc\p18f4550.asm
                 PIE2bits   0x000fa0       data     extern E:\c18v3.46\pic18-lt\cxx-framework\src\traditional\proc\p18f4550.asm
                     PIR1   0x000f9e       data     extern E:\c18v3.46\pic18-lt\cxx-framework\src\traditional\proc\p18f4550.asm
                 PIR1bits   0x000f9e       data     extern E:\c18v3.46\pic18-lt\cxx-framework\src\traditional\proc\p18f4550.asm
                     PIR2   0x000fa1       data     extern E:\c18v3.46\pic18-lt\cxx-framework\src\traditional\proc\p18f4550.asm
                 PIR2bits   0x000fa1       data     extern E:\c18v3.46\pic18-lt\cxx-framework\src\traditional\proc\p18f4550.asm
                   PLUSW0   0x000feb       data     extern E:\c18v3.46\pic18-lt\cxx-framework\src\traditional\proc\p18f4550.asm
                   PLUSW1   0x000fe3       data     extern E:\c18v3.46\pic18-lt\cxx-framework\src\traditional\proc\p18f4550.asm
                   PLUSW2   0x000fdb       data     extern E:\c18v3.46\pic18-lt\cxx-framework\src\traditional\proc\p18f4550.asm
                    PORTA   0x000f80       data     extern E:\c18v3.46\pic18-lt\cxx-framework\src\traditional\proc\p18f4550.asm
                PORTAbits   0x000f80       data     extern E:\c18v3.46\pic18-lt\cxx-framework\src\traditional\proc\p18f4550.asm
                    PORTB   0x000f81       data     extern E:\c18v3.46\pic18-lt\cxx-framework\src\traditional\proc\p18f4550.asm
                PORTBbits   0x000f81       data     extern E:\c18v3.46\pic18-lt\cxx-framework\src\traditional\proc\p18f4550.asm
                    PORTC   0x000f82       data     extern E:\c18v3.46\pic18-lt\cxx-framework\src\traditional\proc\p18f4550.asm
                PORTCbits   0x000f82       data     extern E:\c18v3.46\pic18-lt\cxx-framework\src\traditional\proc\p18f4550.asm
                    PORTD   0x000f83       data     extern E:\c18v3.46\pic18-lt\cxx-framework\src\traditional\proc\p18f4550.asm
                PORTDbits   0x000f83       data     extern E:\c18v3.46\pic18-lt\cxx-framework\src\traditional\proc\p18f4550.asm
                    PORTE   0x000f84       data     extern E:\c18v3.46\pic18-lt\cxx-framework\src\traditional\proc\p18f4550.asm
                PORTEbits   0x000f84       data     extern E:\c18v3.46\pic18-lt\cxx-framework\src\traditional\proc\p18f4550.asm
                 POSTDEC0   0x000fed       data     extern E:\c18v3.46\pic18-lt\cxx-framework\src\traditional\proc\p18f4550.asm
                 POSTDEC1   0x000fe5       data     extern E:\c18v3.46\pic18-lt\cxx-framework\src\traditional\proc\p18f4550.asm
                 POSTDEC2   0x000fdd       data     extern E:\c18v3.46\pic18-lt\cxx-framework\src\traditional\proc\p18f4550.asm
                 POSTINC0   0x000fee       data     extern E:\c18v3.46\pic18-lt\cxx-framework\src\traditional\proc\p18f4550.asm
                 POSTINC1   0x000fe6       data     extern E:\c18v3.46\pic18-lt\cxx-framework\src\traditional\proc\p18f4550.asm
                 POSTINC2   0x000fde       data     extern E:\c18v3.46\pic18-lt\cxx-framework\src\traditional\proc\p18f4550.asm
                      PR2   0x000fcb       data     extern E:\c18v3.46\pic18-lt\cxx-framework\src\traditional\proc\p18f4550.asm
                  PREINC0   0x000fec       data     extern E:\c18v3.46\pic18-lt\cxx-framework\src\traditional\proc\p18f4550.asm
                  PREINC1   0x000fe4       data     extern E:\c18v3.46\pic18-lt\cxx-framework\src\traditional\proc\p18f4550.asm
                  PREINC2   0x000fdc       data     extern E:\c18v3.46\pic18-lt\cxx-framework\src\traditional\proc\p18f4550.asm
                     PROD   0x000ff3       data     extern E:\c18v3.46\pic18-lt\cxx-framework\src\traditional\proc\p18f4550.asm
                    PRODH   0x000ff4       data     extern E:\c18v3.46\pic18-lt\cxx-framework\src\traditional\proc\p18f4550.asm
[...]
                     DDRD   0x000f95       data     extern E:\c18v3.46\pic18-lt\cxx-framework\src\traditional\proc\p18f4550.asm
                 DDRDbits   0x000f95       data     extern E:\c18v3.46\pic18-lt\cxx-framework\src\traditional\proc\p18f4550.asm
                    TRISE   0x000f96       data     extern E:\c18v3.46\pic18-lt\cxx-framework\src\traditional\proc\p18f4550.asm
                TRISEbits   0x000f96       data     extern E:\c18v3.46\pic18-lt\cxx-framework\src\traditional\proc\p18f4550.asm
                     DDRE   0x000f96       data     extern E:\c18v3.46\pic18-lt\cxx-framework\src\traditional\proc\p18f4550.asm
                 DDREbits   0x000f96       data     extern E:\c18v3.46\pic18-lt\cxx-framework\src\traditional\proc\p18f4550.asm
              OSCTUNEbits   0x000f9b       data     extern E:\c18v3.46\pic18-lt\cxx-framework\src\traditional\proc\p18f4550.asm
                  OSCTUNE   0x000f9b       data     extern E:\c18v3.46\pic18-lt\cxx-framework\src\traditional\proc\p18f4550.asm
                     PIE1   0x000f9d       data     extern E:\c18v3.46\pic18-lt\cxx-framework\src\traditional\proc\p18f4550.asm
                 PIE1bits   0x000f9d       data     extern E:\c18v3.46\pic18-lt\cxx-framework\src\traditional\proc\p18f4550.asm
                     PIR1   0x000f9e       data     extern E:\c18v3.46\pic18-lt\cxx-framework\src\traditional\proc\p18f4550.asm
                 PIR1bits   0x000f9e       data     extern E:\c18v3.46\pic18-lt\cxx-framework\src\traditional\proc\p18f4550.asm
                 IPR1bits   0x000f9f       data     extern E:\c18v3.46\pic18-lt\cxx-framework\src\traditional\proc\p18f4550.asm
                     IPR1   0x000f9f       data     extern E:\c18v3.46\pic18-lt\cxx-framework\src\traditional\proc\p18f4550.asm
                     PIE2   0x000fa0       data     extern E:\c18v3.46\pic18-lt\cxx-framework\src\traditional\proc\p18f4550.asm
                 PIE2bits   0x000fa0       data     extern E:\c18v3.46\pic18-lt\cxx-framework\src\traditional\proc\p18f4550.asm
                     PIR2   0x000fa1       data     extern E:\c18v3.46\pic18-lt\cxx-framework\src\traditional\proc\p18f4550.asm
                 PIR2bits   0x000fa1       data     extern E:\c18v3.46\pic18-lt\cxx-framework\src\traditional\proc\p18f4550.asm
                     IPR2   0x000fa2       data     extern E:\c18v3.46\pic18-lt\cxx-framework\src\traditional\proc\p18f4550.asm
                 IPR2bits   0x000fa2       data     extern E:\c18v3.46\pic18-lt\cxx-framework\src\traditional\proc\p18f4550.asm
                   EECON1   0x000fa6       data     extern E:\c18v3.46\pic18-lt\cxx-framework\src\traditional\proc\p18f4550.asm
               EECON1bits   0x000fa6       data     extern E:\c18v3.46\pic18-lt\cxx-framework\src\traditional\proc\p18f4550.asm
                   EECON2   0x000fa7       data     extern E:\c18v3.46\pic18-lt\cxx-framework\src\traditional\proc\p18f4550.asm
                   EEDATA   0x000fa8       data     extern E:\c18v3.46\pic18-lt\cxx-framework\src\traditional\proc\p18f4550.asm
                    EEADR   0x000fa9       data     extern E:\c18v3.46\pic18-lt\cxx-framework\src\traditional\proc\p18f4550.asm
                    RCSTA   0x000fab       data     extern E:\c18v3.46\pic18-lt\cxx-framework\src\traditional\proc\p18f4550.asm
                RCSTAbits   0x000fab       data     extern E:\c18v3.46\pic18-lt\cxx-framework\src\traditional\proc\p18f4550.asm
                TXSTAbits   0x000fac       data     extern E:\c18v3.46\pic18-lt\cxx-framework\src\traditional\proc\p18f4550.asm
                    TXSTA   0x000fac       data     extern E:\c18v3.46\pic18-lt\cxx-framework\src\traditional\proc\p18f4550.asm
                    TXREG   0x000fad       data     extern E:\c18v3.46\pic18-lt\cxx-framework\src\traditional\proc\p18f4550.asm
                    RCREG   0x000fae       data     extern E:\c18v3.46\pic18-lt\cxx-framework\src\traditional\proc\p18f4550.asm
                    SPBRG   0x000faf       data     extern E:\c18v3.46\pic18-lt\cxx-framework\src\traditional\proc\p18f4550.asm
                   SPBRGH   0x000fb0       data     extern E:\c18v3.46\pic18-lt\cxx-framework\src\traditional\proc\p18f4550.asm
                T3CONbits   0x000fb1       data     extern E:\c18v3.46\pic18-lt\cxx-framework\src\traditional\proc\p18f4550.asm
                    T3CON   0x000fb1       data     extern E:\c18v3.46\pic18-lt\cxx-framework\src\traditional\proc\p18f4550.asm
                    TMR3L   0x000fb2       data     extern E:\c18v3.46\pic18-lt\cxx-framework\src\traditional\proc\p18f4550.asm
                    TMR3H   0x000fb3       data     extern E:\c18v3.46\pic18-lt\cxx-framework\src\traditional\proc\p18f4550.asm
                    CMCON   0x000fb4       data     extern E:\c18v3.46\pic18-lt\cxx-framework\src\traditional\proc\p18f4550.asm
                CMCONbits   0x000fb4       data     extern E:\c18v3.46\pic18-lt\cxx-framework\src\traditional\proc\p18f4550.asm
                   CVRCON   0x000fb5       data     extern E:\c18v3.46\pic18-lt\cxx-framework\src\traditional\proc\p18f4550.asm
               CVRCONbits   0x000fb5       data     extern E:\c18v3.46\pic18-lt\cxx-framework\src\traditional\proc\p18f4550.asm
                   CCP1AS   0x000fb6       data     extern E:\c18v3.46\pic18-lt\cxx-framework\src\traditional\proc\p18f4550.asm
               CCP1ASbits   0x000fb6       data     extern E:\c18v3.46\pic18-lt\cxx-framework\src\traditional\proc\p18f4550.asm
              ECCP1ASbits   0x000fb6       data     extern E:\c18v3.46\pic18-lt\cxx-framework\src\traditional\proc\p18f4550.asm
                  ECCP1AS   0x000fb6       data     extern E:\c18v3.46\pic18-lt\cxx-framework\src\traditional\proc\p18f4550.asm
                  CCP1DEL   0x000fb7       data     extern E:\c18v3.46\pic18-lt\cxx-framework\src\traditional\proc\p18f4550.asm
                 ECCP1DEL   0x000fb7       data     extern E:\c18v3.46\pic18-lt\cxx-framework\src\traditional\proc\p18f4550.asm
             ECCP1DELbits   0x000fb7       data     extern E:\c18v3.46\pic18-lt\cxx-framework\src\traditional\proc\p18f4550.asm
              CCP1DELbits   0x000fb7       data     extern E:\c18v3.46\pic18-lt\cxx-framework\src\traditional\proc\p18f4550.asm
                  BAUDCON   0x000fb8       data     extern E:\c18v3.46\pic18-lt\cxx-framework\src\traditional\proc\p18f4550.asm
              BAUDCONbits   0x000fb8       data     extern E:\c18v3.46\pic18-lt\cxx-framework\src\traditional\proc\p18f4550.asm
                  BAUDCTL   0x000fb8       data     extern E:\c18v3.46\pic18-lt\cxx-framework\src\traditional\proc\p18f4550.asm
              BAUDCTLbits   0x000fb8       data     extern E:\c18v3.46\pic18-lt\cxx-framework\src\traditional\proc\p18f4550.asm
              CCP2CONbits   0x000fba       data     extern E:\c18v3.46\pic18-lt\cxx-framework\src\traditional\proc\p18f4550.asm
                  CCP2CON   0x000fba       data     extern E:\c18v3.46\pic18-lt\cxx-framework\src\traditional\proc\p18f4550.asm
                    CCPR2   0x000fbb       data     extern E:\c18v3.46\pic18-lt\cxx-framework\src\traditional\proc\p18f4550.asm
                   CCPR2L   0x000fbb       data     extern E:\c18v3.46\pic18-lt\cxx-framework\src\traditional\proc\p18f4550.asm
                   CCPR2H   0x000fbc       data     extern E:\c18v3.46\pic18-lt\cxx-framework\src\traditional\proc\p18f4550.asm
                  CCP1CON   0x000fbd       data     extern E:\c18v3.46\pic18-lt\cxx-framework\src\traditional\proc\p18f4550.asm
              CCP1CONbits   0x000fbd       data     extern E:\c18v3.46\pic18-lt\cxx-framework\src\traditional\proc\p18f4550.asm
             ECCP1CONbits   0x000fbd       data     extern E:\c18v3.46\pic18-lt\cxx-framework\src\traditional\proc\p18f4550.asm
                 ECCP1CON   0x000fbd       data     extern E:\c18v3.46\pic18-lt\cxx-framework\src\traditional\proc\p18f4550.asm
                   CCPR1L   0x000fbe       data     extern E:\c18v3.46\pic18-lt\cxx-framework\src\traditional\proc\p18f4550.asm
                    CCPR1   0x000fbe       data     extern E:\c18v3.46\pic18-lt\cxx-framework\src\traditional\proc\p18f4550.asm
                   CCPR1H   0x000fbf       data     extern E:\c18v3.46\pic18-lt\cxx-framework\src\traditional\proc\p18f4550.asm
               ADCON2bits   0x000fc0       data     extern E:\c18v3.46\pic18-lt\cxx-framework\src\traditional\proc\p18f4550.asm
                   ADCON2   0x000fc0       data     extern E:\c18v3.46\pic18-lt\cxx-framework\src\traditional\proc\p18f4550.asm
               ADCON1bits   0x000fc1       data     extern E:\c18v3.46\pic18-lt\cxx-framework\src\traditional\proc\p18f4550.asm
                   ADCON1   0x000fc1       data     extern E:\c18v3.46\pic18-lt\cxx-framework\src\traditional\proc\p18f4550.asm
               ADCON0bits   0x000fc2       data     extern E:\c18v3.46\pic18-lt\cxx-framework\src\traditional\proc\p18f4550.asm
                   ADCON0   0x000fc2       data     extern E:\c18v3.46\pic18-lt\cxx-framework\src\traditional\proc\p18f4550.asm
                    ADRES   0x000fc3       data     extern E:\c18v3.46\pic18-lt\cxx-framework\src\traditional\proc\p18f4550.asm
                   ADRESL   0x000fc3       data     extern E:\c18v3.46\pic18-lt\cxx-framework\src\traditional\proc\p18f4550.asm
                   ADRESH   0x000fc4       data     extern E:\c18v3.46\pic18-lt\cxx-framework\src\traditional\proc\p18f4550.asm
              SSPCON2bits   0x000fc5       data     extern E:\c18v3.46\pic18-lt\cxx-framework\src\traditional\proc\p18f4550.asm
                  SSPCON2   0x000fc5       data     extern E:\c18v3.46\pic18-lt\cxx-framework\src\traditional\proc\p18f4550.asm
              SSPCON1bits   0x000fc6       data     extern E:\c18v3.46\pic18-lt\cxx-framework\src\traditional\proc\p18f4550.asm
                  SSPCON1   0x000fc6       data     extern E:\c18v3.46\pic18-lt\cxx-framework\src\traditional\proc\p18f4550.asm
              SSPSTATbits   0x000fc7       data     extern E:\c18v3.46\pic18-lt\cxx-framework\src\traditional\proc\p18f4550.asm
                  SSPSTAT   0x000fc7       data     extern E:\c18v3.46\pic18-lt\cxx-framework\src\traditional\proc\p18f4550.asm
                   SSPADD   0x000fc8       data     extern E:\c18v3.46\pic18-lt\cxx-framework\src\traditional\proc\p18f4550.asm
                   SSPBUF   0x000fc9       data     extern E:\c18v3.46\pic18-lt\cxx-framework\src\traditional\proc\p18f4550.asm
                T2CONbits   0x000fca       data     extern E:\c18v3.46\pic18-lt\cxx-framework\src\traditional\proc\p18f4550.asm
                    T2CON   0x000fca       data     extern E:\c18v3.46\pic18-lt\cxx-framework\src\traditional\proc\p18f4550.asm
                      PR2   0x000fcb       data     extern E:\c18v3.46\pic18-lt\cxx-framework\src\traditional\proc\p18f4550.asm
                     TMR2   0x000fcc       data     extern E:\c18v3.46\pic18-lt\cxx-framework\src\traditional\proc\p18f4550.asm
                    T1CON   0x000fcd       data     extern E:\c18v3.46\pic18-lt\cxx-framework\src\traditional\proc\p18f4550.asm
                T1CONbits   0x000fcd       data     extern E:\c18v3.46\pic18-lt\cxx-framework\src\traditional\proc\p18f4550.asm
                    TMR1L   0x000fce       data     extern E:\c18v3.46\pic18-lt\cxx-framework\src\traditional\proc\p18f4550.asm
                    TMR1H   0x000fcf       data     extern E:\c18v3.46\pic18-lt\cxx-framework\src\traditional\proc\p18f4550.asm
                 RCONbits   0x000fd0       data     extern E:\c18v3.46\pic18-lt\cxx-framework\src\traditional\proc\p18f4550.asm
                     RCON   0x000fd0       data     extern E:\c18v3.46\pic18-lt\cxx-framework\src\traditional\proc\p18f4550.asm
               WDTCONbits   0x000fd1       data     extern E:\c18v3.46\pic18-lt\cxx-framework\src\traditional\proc\p18f4550.asm
                   WDTCON   0x000fd1       data     extern E:\c18v3.46\pic18-lt\cxx-framework\src\traditional\proc\p18f4550.asm
                   LVDCON   0x000fd2       data     extern E:\c18v3.46\pic18-lt\cxx-framework\src\traditional\proc\p18f4550.asm
              HLVDCONbits   0x000fd2       data     extern E:\c18v3.46\pic18-lt\cxx-framework\src\traditional\proc\p18f4550.asm
                  HLVDCON   0x000fd2       data     extern E:\c18v3.46\pic18-lt\cxx-framework\src\traditional\proc\p18f4550.asm
               LVDCONbits   0x000fd2       data     extern E:\c18v3.46\pic18-lt\cxx-framework\src\traditional\proc\p18f4550.asm
               OSCCONbits   0x000fd3       data     extern E:\c18v3.46\pic18-lt\cxx-framework\src\traditional\proc\p18f4550.asm
                   OSCCON   0x000fd3       data     extern E:\c18v3.46\pic18-lt\cxx-framework\src\traditional\proc\p18f4550.asm
                T0CONbits   0x000fd5       data     extern E:\c18v3.46\pic18-lt\cxx-framework\src\traditional\proc\p18f4550.asm
                    T0CON   0x000fd5       data     extern E:\c18v3.46\pic18-lt\cxx-framework\src\traditional\proc\p18f4550.asm
                    TMR0L   0x000fd6       data     extern E:\c18v3.46\pic18-lt\cxx-framework\src\traditional\proc\p18f4550.asm
                    TMR0H   0x000fd7       data     extern E:\c18v3.46\pic18-lt\cxx-framework\src\traditional\proc\p18f4550.asm
                   STATUS   0x000fd8       data     extern E:\c18v3.46\pic18-lt\cxx-framework\src\traditional\proc\p18f4550.asm
               STATUSbits   0x000fd8       data     extern E:\c18v3.46\pic18-lt\cxx-framework\src\traditional\proc\p18f4550.asm
                     FSR2   0x000fd9       data     extern E:\c18v3.46\pic18-lt\cxx-framework\src\traditional\proc\p18f4550.asm
                    FSR2L   0x000fd9       data     extern E:\c18v3.46\pic18-lt\cxx-framework\src\traditional\proc\p18f4550.asm
                    FSR2H   0x000fda       data     extern E:\c18v3.46\pic18-lt\cxx-framework\src\traditional\proc\p18f4550.asm
                   PLUSW2   0x000fdb       data     extern E:\c18v3.46\pic18-lt\cxx-framework\src\traditional\proc\p18f4550.asm
                  PREINC2   0x000fdc       data     extern E:\c18v3.46\pic18-lt\cxx-framework\src\traditional\proc\p18f4550.asm
                 POSTDEC2   0x000fdd       data     extern E:\c18v3.46\pic18-lt\cxx-framework\src\traditional\proc\p18f4550.asm
                 POSTINC2   0x000fde       data     extern E:\c18v3.46\pic18-lt\cxx-framework\src\traditional\proc\p18f4550.asm
                    INDF2   0x000fdf       data     extern E:\c18v3.46\pic18-lt\cxx-framework\src\traditional\proc\p18f4550.asm
                      BSR   0x000fe0       data     extern E:\c18v3.46\pic18-lt\cxx-framework\src\traditional\proc\p18f4550.asm
                     FSR1   0x000fe1       data     extern E:\c18v3.46\pic18-lt\cxx-framework\src\traditional\proc\p18f4550.asm
                    FSR1L   0x000fe1       data     extern E:\c18v3.46\pic18-lt\cxx-framework\src\traditional\proc\p18f4550.asm
                    FSR1H   0x000fe2       data     extern E:\c18v3.46\pic18-lt\cxx-framework\src\traditional\proc\p18f4550.asm
                   PLUSW1   0x000fe3       data     extern E:\c18v3.46\pic18-lt\cxx-framework\src\traditional\proc\p18f4550.asm
                  PREINC1   0x000fe4       data     extern E:\c18v3.46\pic18-lt\cxx-framework\src\traditional\proc\p18f4550.asm
                 POSTDEC1   0x000fe5       data     extern E:\c18v3.46\pic18-lt\cxx-framework\src\traditional\proc\p18f4550.asm
                 POSTINC1   0x000fe6       data     extern E:\c18v3.46\pic18-lt\cxx-framework\src\traditional\proc\p18f4550.asm
                    INDF1   0x000fe7       data     extern E:\c18v3.46\pic18-lt\cxx-framework\src\traditional\proc\p18f4550.asm
                     WREG   0x000fe8       data     extern E:\c18v3.46\pic18-lt\cxx-framework\src\traditional\proc\p18f4550.asm
                     FSR0   0x000fe9       data     extern E:\c18v3.46\pic18-lt\cxx-framework\src\traditional\proc\p18f4550.asm
                    FSR0L   0x000fe9       data     extern E:\c18v3.46\pic18-lt\cxx-framework\src\traditional\proc\p18f4550.asm
                    FSR0H   0x000fea       data     extern E:\c18v3.46\pic18-lt\cxx-framework\src\traditional\proc\p18f4550.asm
                   PLUSW0   0x000feb       data     extern E:\c18v3.46\pic18-lt\cxx-framework\src\traditional\proc\p18f4550.asm
                  PREINC0   0x000fec       data     extern E:\c18v3.46\pic18-lt\cxx-framework\src\traditional\proc\p18f4550.asm
                 POSTDEC0   0x000fed       data     extern E:\c18v3.46\pic18-lt\cxx-framework\src\traditional\proc\p18f4550.asm
                 POSTINC0   0x000fee       data     extern E:\c18v3.46\pic18-lt\cxx-framework\src\traditional\proc\p18f4550.asm
                    INDF0   0x000fef       data     extern E:\c18v3.46\pic18-lt\cxx-framework\src\traditional\proc\p18f4550.asm
              INTCON3bits   0x000ff0       data     extern E:\c18v3.46\pic18-lt\cxx-framework\src\traditional\proc\p18f4550.asm
                  INTCON3   0x000ff0       data     extern E:\c18v3.46\pic18-lt\cxx-framework\src\traditional\proc\p18f4550.asm
                  INTCON2   0x000ff1       data     extern E:\c18v3.46\pic18-lt\cxx-framework\src\traditional\proc\p18f4550.asm
              INTCON2bits   0x000ff1       data     extern E:\c18v3.46\pic18-lt\cxx-framework\src\traditional\proc\p18f4550.asm
               INTCONbits   0x000ff2       data     extern E:\c18v3.46\pic18-lt\cxx-framework\src\traditional\proc\p18f4550.asm
                   INTCON   0x000ff2       data     extern E:\c18v3.46\pic18-lt\cxx-framework\src\traditional\proc\p18f4550.asm
                    PRODL   0x000ff3       data     extern E:\c18v3.46\pic18-lt\cxx-framework\src\traditional\proc\p18f4550.asm
                     PROD   0x000ff3       data     extern E:\c18v3.46\pic18-lt\cxx-framework\src\traditional\proc\p18f4550.asm
                    PRODH   0x000ff4       data     extern E:\c18v3.46\pic18-lt\cxx-framework\src\traditional\proc\p18f4550.asm
                   TABLAT   0x000ff5       data     extern E:\c18v3.46\pic18-lt\cxx-framework\src\traditional\proc\p18f4550.asm
                   TBLPTR   0x000ff6       data     extern E:\c18v3.46\pic18-lt\cxx-framework\src\traditional\proc\p18f4550.asm
                  TBLPTRL   0x000ff6       data     extern E:\c18v3.46\pic18-lt\cxx-framework\src\traditional\proc\p18f4550.asm
                  TBLPTRH   0x000ff7       data     extern E:\c18v3.46\pic18-lt\cxx-framework\src\traditional\proc\p18f4550.asm
                  TBLPTRU   0x000ff8       data     extern E:\c18v3.46\pic18-lt\cxx-framework\src\traditional\proc\p18f4550.asm
                       PC   0x000ff9       data     extern E:\c18v3.46\pic18-lt\cxx-framework\src\traditional\proc\p18f4550.asm
                      PCL   0x000ff9       data     extern E:\c18v3.46\pic18-lt\cxx-framework\src\traditional\proc\p18f4550.asm
                   PCLATH   0x000ffa       data     extern E:\c18v3.46\pic18-lt\cxx-framework\src\traditional\proc\p18f4550.asm
                   PCLATU   0x000ffb       data     extern E:\c18v3.46\pic18-lt\cxx-framework\src\traditional\proc\p18f4550.asm
               STKPTRbits   0x000ffc       data     extern E:\c18v3.46\pic18-lt\cxx-framework\src\traditional\proc\p18f4550.asm
                   STKPTR   0x000ffc       data     extern E:\c18v3.46\pic18-lt\cxx-framework\src\traditional\proc\p18f4550.asm
                      TOS   0x000ffd       data     extern E:\c18v3.46\pic18-lt\cxx-framework\src\traditional\proc\p18f4550.asm
                     TOSL   0x000ffd       data     extern E:\c18v3.46\pic18-lt\cxx-framework\src\traditional\proc\p18f4550.asm
                     TOSH   0x000ffe       data     extern E:\c18v3.46\pic18-lt\cxx-framework\src\traditional\proc\p18f4550.asm
                     TOSU   0x000fff       data     extern E:\c18v3.46\pic18-lt\cxx-framework\src\traditional\proc\p18f4550.asm


